Archive member included to satisfy reference by file (symbol)

/home/ksg/bin/gcc-arm/gcc-arm-none-eabi-6-2017-q2-update/bin/../lib/gcc/arm-none-eabi/6.3.1/../../../../arm-none-eabi/lib/thumb/v7e-m/fpv4-sp/softfp/libg.a(lib_a-gmtime.o)
                              build/obj/asn.o (symbol from plugin) (gmtime)
/home/ksg/bin/gcc-arm/gcc-arm-none-eabi-6-2017-q2-update/bin/../lib/gcc/arm-none-eabi/6.3.1/../../../../arm-none-eabi/lib/thumb/v7e-m/fpv4-sp/softfp/libg.a(lib_a-gmtime_r.o)
                              /home/ksg/bin/gcc-arm/gcc-arm-none-eabi-6-2017-q2-update/bin/../lib/gcc/arm-none-eabi/6.3.1/../../../../arm-none-eabi/lib/thumb/v7e-m/fpv4-sp/softfp/libg.a(lib_a-gmtime.o) (gmtime_r)
/home/ksg/bin/gcc-arm/gcc-arm-none-eabi-6-2017-q2-update/bin/../lib/gcc/arm-none-eabi/6.3.1/../../../../arm-none-eabi/lib/thumb/v7e-m/fpv4-sp/softfp/libg.a(lib_a-impure.o)
                              /home/ksg/bin/gcc-arm/gcc-arm-none-eabi-6-2017-q2-update/bin/../lib/gcc/arm-none-eabi/6.3.1/../../../../arm-none-eabi/lib/thumb/v7e-m/fpv4-sp/softfp/libg.a(lib_a-gmtime.o) (_impure_ptr)
/home/ksg/bin/gcc-arm/gcc-arm-none-eabi-6-2017-q2-update/bin/../lib/gcc/arm-none-eabi/6.3.1/../../../../arm-none-eabi/lib/thumb/v7e-m/fpv4-sp/softfp/libg.a(lib_a-locale.o)
                              build/obj/asn.o (symbol from plugin) (__locale_ctype_ptr)
/home/ksg/bin/gcc-arm/gcc-arm-none-eabi-6-2017-q2-update/bin/../lib/gcc/arm-none-eabi/6.3.1/../../../../arm-none-eabi/lib/thumb/v7e-m/fpv4-sp/softfp/libg.a(lib_a-mbtowc_r.o)
                              /home/ksg/bin/gcc-arm/gcc-arm-none-eabi-6-2017-q2-update/bin/../lib/gcc/arm-none-eabi/6.3.1/../../../../arm-none-eabi/lib/thumb/v7e-m/fpv4-sp/softfp/libg.a(lib_a-locale.o) (__ascii_mbtowc)
/home/ksg/bin/gcc-arm/gcc-arm-none-eabi-6-2017-q2-update/bin/../lib/gcc/arm-none-eabi/6.3.1/../../../../arm-none-eabi/lib/thumb/v7e-m/fpv4-sp/softfp/libg.a(lib_a-mktime.o)
                              build/obj/asn.o (symbol from plugin) (mktime)
/home/ksg/bin/gcc-arm/gcc-arm-none-eabi-6-2017-q2-update/bin/../lib/gcc/arm-none-eabi/6.3.1/../../../../arm-none-eabi/lib/thumb/v7e-m/fpv4-sp/softfp/libg.a(lib_a-strcmp.o)
                              /home/ksg/bin/gcc-arm/gcc-arm-none-eabi-6-2017-q2-update/bin/../lib/gcc/arm-none-eabi/6.3.1/../../../../arm-none-eabi/lib/thumb/v7e-m/fpv4-sp/softfp/libg.a(lib_a-locale.o) (strcmp)
/home/ksg/bin/gcc-arm/gcc-arm-none-eabi-6-2017-q2-update/bin/../lib/gcc/arm-none-eabi/6.3.1/../../../../arm-none-eabi/lib/thumb/v7e-m/fpv4-sp/softfp/libg.a(lib_a-tzcalc_limits.o)
                              /home/ksg/bin/gcc-arm/gcc-arm-none-eabi-6-2017-q2-update/bin/../lib/gcc/arm-none-eabi/6.3.1/../../../../arm-none-eabi/lib/thumb/v7e-m/fpv4-sp/softfp/libg.a(lib_a-mktime.o) (__tzcalc_limits)
/home/ksg/bin/gcc-arm/gcc-arm-none-eabi-6-2017-q2-update/bin/../lib/gcc/arm-none-eabi/6.3.1/../../../../arm-none-eabi/lib/thumb/v7e-m/fpv4-sp/softfp/libg.a(lib_a-tzlock.o)
                              /home/ksg/bin/gcc-arm/gcc-arm-none-eabi-6-2017-q2-update/bin/../lib/gcc/arm-none-eabi/6.3.1/../../../../arm-none-eabi/lib/thumb/v7e-m/fpv4-sp/softfp/libg.a(lib_a-mktime.o) (__tz_lock)
/home/ksg/bin/gcc-arm/gcc-arm-none-eabi-6-2017-q2-update/bin/../lib/gcc/arm-none-eabi/6.3.1/../../../../arm-none-eabi/lib/thumb/v7e-m/fpv4-sp/softfp/libg.a(lib_a-tzset.o)
                              /home/ksg/bin/gcc-arm/gcc-arm-none-eabi-6-2017-q2-update/bin/../lib/gcc/arm-none-eabi/6.3.1/../../../../arm-none-eabi/lib/thumb/v7e-m/fpv4-sp/softfp/libg.a(lib_a-mktime.o) (_tzset_unlocked)
/home/ksg/bin/gcc-arm/gcc-arm-none-eabi-6-2017-q2-update/bin/../lib/gcc/arm-none-eabi/6.3.1/../../../../arm-none-eabi/lib/thumb/v7e-m/fpv4-sp/softfp/libg.a(lib_a-tzset_r.o)
                              /home/ksg/bin/gcc-arm/gcc-arm-none-eabi-6-2017-q2-update/bin/../lib/gcc/arm-none-eabi/6.3.1/../../../../arm-none-eabi/lib/thumb/v7e-m/fpv4-sp/softfp/libg.a(lib_a-tzset.o) (_tzset_unlocked_r)
/home/ksg/bin/gcc-arm/gcc-arm-none-eabi-6-2017-q2-update/bin/../lib/gcc/arm-none-eabi/6.3.1/../../../../arm-none-eabi/lib/thumb/v7e-m/fpv4-sp/softfp/libg.a(lib_a-tzvars.o)
                              /home/ksg/bin/gcc-arm/gcc-arm-none-eabi-6-2017-q2-update/bin/../lib/gcc/arm-none-eabi/6.3.1/../../../../arm-none-eabi/lib/thumb/v7e-m/fpv4-sp/softfp/libg.a(lib_a-tzset_r.o) (_timezone)
/home/ksg/bin/gcc-arm/gcc-arm-none-eabi-6-2017-q2-update/bin/../lib/gcc/arm-none-eabi/6.3.1/../../../../arm-none-eabi/lib/thumb/v7e-m/fpv4-sp/softfp/libg.a(lib_a-wctomb_r.o)
                              /home/ksg/bin/gcc-arm/gcc-arm-none-eabi-6-2017-q2-update/bin/../lib/gcc/arm-none-eabi/6.3.1/../../../../arm-none-eabi/lib/thumb/v7e-m/fpv4-sp/softfp/libg.a(lib_a-locale.o) (__ascii_wctomb)
/home/ksg/bin/gcc-arm/gcc-arm-none-eabi-6-2017-q2-update/bin/../lib/gcc/arm-none-eabi/6.3.1/../../../../arm-none-eabi/lib/thumb/v7e-m/fpv4-sp/softfp/libg.a(lib_a-ctype_.o)
[...]
Memory Configuration

Name             Origin             Length             Attributes
flash0           0x0000000008004000 0x0000000000100000
flash1           0x0000000000000000 0x0000000000000000
flash2           0x0000000000000000 0x0000000000000000
flash3           0x0000000000000000 0x0000000000000000
flash4           0x0000000000000000 0x0000000000000000
flash5           0x0000000000000000 0x0000000000000000
flash6           0x0000000000000000 0x0000000000000000
flash7           0x0000000000000000 0x0000000000000000
ram0             0x0000000020000000 0x0000000000030000
ram1             0x0000000020000000 0x000000000001c000
ram2             0x000000002001c000 0x0000000000004000
ram3             0x0000000020020000 0x0000000000010000
ram4             0x0000000010000000 0x0000000000010000
ram5             0x0000000040024000 0x0000000000001000
ram6             0x0000000000000000 0x0000000000000000
ram7             0x0000000000000000 0x0000000000000000
*default*        0x0000000000000000 0xffffffffffffffff

Linker script and memory map

LOAD build/obj/crt0_v7m.o
LOAD build/obj/vectors.o
LOAD build/obj/chcoreasm_v7m.o
LOAD build/obj/crt1.o
LOAD /tmp/ccytRnoN.ltrans0.ltrans.o
LOAD /tmp/ccytRnoN.ltrans1.ltrans.o
LOAD /tmp/ccytRnoN.ltrans2.ltrans.o
LOAD /tmp/ccytRnoN.ltrans3.ltrans.o
LOAD /tmp/ccytRnoN.ltrans4.ltrans.o
LOAD /tmp/ccytRnoN.ltrans5.ltrans.o
LOAD /tmp/ccytRnoN.ltrans6.ltrans.o
LOAD /tmp/ccytRnoN.ltrans7.ltrans.o
LOAD /tmp/ccytRnoN.ltrans8.ltrans.o
LOAD /tmp/ccytRnoN.ltrans9.ltrans.o
LOAD /tmp/ccytRnoN.ltrans10.ltrans.o
LOAD /tmp/ccytRnoN.ltrans11.ltrans.o
LOAD /tmp/ccytRnoN.ltrans12.ltrans.o
LOAD /tmp/ccytRnoN.ltrans13.ltrans.o
LOAD /tmp/ccytRnoN.ltrans14.ltrans.o
LOAD /tmp/ccytRnoN.ltrans15.ltrans.o
LOAD /tmp/ccytRnoN.ltrans16.ltrans.o
LOAD /tmp/ccytRnoN.ltrans17.ltrans.o
LOAD /tmp/ccytRnoN.ltrans18.ltrans.o
LOAD /tmp/ccytRnoN.ltrans19.ltrans.o
LOAD /tmp/ccytRnoN.ltrans20.ltrans.o
LOAD /tmp/ccytRnoN.ltrans21.ltrans.o
LOAD /tmp/ccytRnoN.ltrans22.ltrans.o
LOAD /tmp/ccytRnoN.ltrans23.ltrans.o
LOAD /tmp/ccytRnoN.ltrans24.ltrans.o
LOAD /tmp/ccytRnoN.ltrans25.ltrans.o
LOAD /tmp/ccytRnoN.ltrans26.ltrans.o
LOAD /tmp/ccytRnoN.ltrans27.ltrans.o
LOAD /tmp/ccytRnoN.ltrans28.ltrans.o
LOAD /tmp/ccytRnoN.ltrans29.ltrans.o
LOAD /tmp/ccytRnoN.ltrans30.ltrans.o
LOAD build/obj/hal.o
LOAD build/obj/hal_st.o
LOAD build/obj/hal_buffers.o
LOAD build/obj/hal_queues.o
LOAD build/obj/hal_mmcsd.o
LOAD build/obj/hal_can.o
LOAD build/obj/hal_pal.o
LOAD build/obj/hal_sdc.o
LOAD build/obj/hal_serial.o
LOAD build/obj/hal_serial_usb.o
LOAD build/obj/hal_usb.o
LOAD build/obj/nvic.o
LOAD build/obj/stm32_isr.o
LOAD build/obj/hal_lld.o
LOAD build/obj/hal_can_lld.o
LOAD build/obj/stm32_dma.o
LOAD build/obj/hal_pal_lld.o
LOAD build/obj/hal_usb_lld.o
LOAD build/obj/hal_sdc_lld.o
LOAD build/obj/hal_st_lld.o
LOAD build/obj/hal_serial_lld.o
LOAD build/obj/board.o
LOAD build/obj/osal.o
LOAD build/obj/chsys.o
LOAD build/obj/chdebug.o
LOAD build/obj/chtrace.o
LOAD build/obj/chvt.o
LOAD build/obj/chschd.o
LOAD build/obj/chthreads.o
LOAD build/obj/chtm.o
LOAD build/obj/chregistry.o
LOAD build/obj/chsem.o
LOAD build/obj/chmtx.o
LOAD build/obj/chcond.o
LOAD build/obj/chevents.o
LOAD build/obj/chmsg.o
LOAD build/obj/chdynamic.o
LOAD build/obj/chmboxes.o
LOAD build/obj/chmemcore.o
LOAD build/obj/chheap.o
LOAD build/obj/chmempools.o
LOAD build/obj/chfactory.o
LOAD build/obj/chcore.o
LOAD build/obj/chcore_v7m.o
LOAD build/obj/chprintf.o
LOAD build/obj/memstreams.o
LOAD build/obj/nullstreams.o
LOAD build/obj/shell.o
LOAD build/obj/shell_cmd.o
LOAD build/obj/fatfs_diskio.o
LOAD build/obj/fatfs_syscall.o
LOAD build/obj/ff.o
LOAD build/obj/ffunicode.o
LOAD build/obj/sha.o
LOAD build/obj/ge_low_mem.o
LOAD build/obj/compress.o
LOAD build/obj/chacha20_poly1305.o
LOAD build/obj/des3.o
LOAD build/obj/fe_low_mem.o
LOAD build/obj/hmac.o
LOAD build/obj/asm.o
LOAD build/obj/camellia.o
LOAD build/obj/ecc.o
LOAD build/obj/ecc_fp.o
LOAD build/obj/ripemd.o
LOAD build/obj/rsa.o
LOAD build/obj/wc_port.o
LOAD build/obj/arc4.o
LOAD build/obj/srp.o
LOAD build/obj/random.o
LOAD build/obj/idea.o
LOAD build/obj/blake2b.o
LOAD build/obj/error.o
LOAD build/obj/dh.o
LOAD build/obj/asn.o
LOAD build/obj/cmac.o
LOAD build/obj/signature.o
LOAD build/obj/pwdbased.o
LOAD build/obj/chacha.o
LOAD build/obj/md5.o
LOAD build/obj/aes.o
LOAD build/obj/wolfmath.o
LOAD build/obj/memory.o
LOAD build/obj/logging.o
LOAD build/obj/tfm.o
LOAD build/obj/coding.o
LOAD build/obj/rabbit.o
LOAD build/obj/pkcs12.o
LOAD build/obj/md2.o
LOAD build/obj/ge_operations.o
LOAD build/obj/sha512.o
LOAD build/obj/sha3.o
LOAD build/obj/nrf51.o
LOAD build/obj/pic32mz-crypt.o
LOAD build/obj/atmel.o
LOAD build/obj/ksdk_port.o
LOAD build/obj/ti-des3.o
LOAD build/obj/ti-ccm.o
LOAD build/obj/ti-hash.o
LOAD build/obj/ti-aes.o
LOAD build/obj/armv8-aes.o
LOAD build/obj/armv8-sha256.o
LOAD build/obj/xil-aesgcm.o
LOAD build/obj/xil-sha3.o
LOAD build/obj/hash.o
LOAD build/obj/curve25519.o
LOAD build/obj/integer.o
LOAD build/obj/wolfevent.o
LOAD build/obj/dsa.o
LOAD build/obj/pkcs7.o
LOAD build/obj/wc_encrypt.o
LOAD build/obj/cpuid.o
LOAD build/obj/sha256.o
LOAD build/obj/md4.o
LOAD build/obj/fe_operations.o
LOAD build/obj/ed25519.o
LOAD build/obj/poly1305.o
LOAD build/obj/hc128.o
LOAD build/obj/internal.o
LOAD build/obj/tls.o
LOAD build/obj/keys.o
LOAD build/obj/crl.o
LOAD build/obj/ssl.o
LOAD build/obj/wolfio.o
LOAD build/obj/sniffer.o
LOAD build/obj/ocsp.o
LOAD build/obj/tls13.o
LOAD build/obj/ch_test.o
LOAD build/obj/rt_test_root.o
LOAD build/obj/rt_test_sequence_001.o
LOAD build/obj/rt_test_sequence_002.o
LOAD build/obj/rt_test_sequence_003.o
LOAD build/obj/rt_test_sequence_004.o
LOAD build/obj/rt_test_sequence_005.o
LOAD build/obj/rt_test_sequence_006.o
LOAD build/obj/rt_test_sequence_007.o
LOAD build/obj/rt_test_sequence_008.o
LOAD build/obj/rt_test_sequence_009.o
LOAD build/obj/rt_test_sequence_010.o
LOAD build/obj/oslib_test_root.o
LOAD build/obj/oslib_test_sequence_001.o
LOAD build/obj/oslib_test_sequence_002.o
LOAD build/obj/oslib_test_sequence_003.o
LOAD build/obj/oslib_test_sequence_004.o
LOAD build/obj/evtimer.o
LOAD build/obj/syscalls.o
LOAD build/obj/stubs.o
LOAD build/obj/usbcfg.o
LOAD build/obj/util.o
LOAD build/obj/wolfssl_chibios.o
LOAD build/obj/crypto.o
LOAD build/obj/main.o

.mstack         0x0000000020000000     0x4000
                0x0000000020000000                . = ALIGN (0x8)
                0x0000000020000000                __main_stack_base__ = .
                0x0000000020004000                . = (. + __main_stack_size__)
 *fill*         0x0000000020000000     0x4000 
                0x0000000020004000                . = ALIGN (0x8)
                0x0000000020004000                __main_stack_end__ = .

.pstack         0x0000000020004000      0x400
                0x0000000020004000                __process_stack_base__ = .
                0x0000000020004000                __main_thread_stack_base__ = .
                0x0000000020004400                . = (. + __process_stack_size__)
 *fill*         0x0000000020004000      0x400 
                0x0000000020004400                . = ALIGN (0x8)
                0x0000000020004400                __process_stack_end__ = .
                0x0000000020004400                __main_thread_stack_end__ = .

.vectors        0x0000000008004000      0x1e0
 *(.vectors)
 .vectors       0x0000000008004000      0x1e0 build/obj/vectors.o
                0x0000000008004000                _vectors

.xtors          0x00000000080041e0        0x0
                0x00000000080041e0                __init_array_start = .
 *(SORT(.init_array.*))
 *(.init_array)
                0x00000000080041e0                __init_array_end = .
                0x00000000080041e0                __fini_array_start = .
 *(.fini_array)
 *(SORT(.fini_array.*))
                0x00000000080041e0                __fini_array_end = .

.text           0x00000000080041e0     0x8aa8
 *(.text)
 .text          0x00000000080041e0      0x120 build/obj/crt0_v7m.o
                0x00000000080041e0                _crt0_entry
 .text          0x0000000008004300        0x8 build/obj/vectors.o
                0x0000000008004300                Reset_Handler
                0x0000000008004302                VectorE8
                0x0000000008004302                VectorAC
                0x0000000008004302                DebugMon_Handler
                0x0000000008004302                Vector1A0
                0x0000000008004302                Vector11C
                0x0000000008004302                HardFault_Handler
                0x0000000008004302                Vector1B8
                0x0000000008004302                Vector19C
                0x0000000008004302                SysTick_Handler
                0x0000000008004302                PendSV_Handler
                0x0000000008004302                Vector168
                0x0000000008004302                NMI_Handler
                0x0000000008004302                Vector110
                0x0000000008004302                Vector1D8
                0x0000000008004302                VectorC8
                0x0000000008004302                VectorA8
                0x0000000008004302                VectorB4
                0x0000000008004302                Vector160
                0x0000000008004302                Vector1B0
                0x0000000008004302                UsageFault_Handler
                0x0000000008004302                VectorEC
                0x0000000008004302                Vector40
                0x0000000008004302                VectorF8
                0x0000000008004302                Vector108
                0x0000000008004302                VectorBC
                0x0000000008004302                Vector190
                0x0000000008004302                Vector1C4
                0x0000000008004302                Vector1CC
                0x0000000008004302                Vector148
                0x0000000008004302                Vector188
                0x0000000008004302                Vector198
                0x0000000008004302                Vector118
                0x0000000008004302                VectorCC
                0x0000000008004302                Vector54
                0x0000000008004302                Vector138
                0x0000000008004302                Vector24
                0x0000000008004302                Vector1AC
                0x0000000008004302                Vector178
                0x0000000008004302                Vector1A4
                0x0000000008004302                VectorD0
                0x0000000008004302                Vector1B4
                0x0000000008004302                Vector140
                0x0000000008004302                VectorE4
                0x0000000008004302                VectorC0
                0x0000000008004302                Vector1C0
                0x0000000008004302                Vector134
                0x0000000008004302                Vector1D0
                0x0000000008004302                VectorF0
                0x0000000008004302                Vector13C
                0x0000000008004302                Vector100
                0x0000000008004302                VectorF4
                0x0000000008004302                MemManage_Handler
                0x0000000008004302                VectorA0
                0x0000000008004302                VectorC4
                0x0000000008004302                Vector180
                0x0000000008004302                Vector114
                0x0000000008004302                Vector164
                0x0000000008004302                Vector1C
                0x0000000008004302                Vector1BC
                0x0000000008004302                Vector1D4
                0x0000000008004302                Vector17C
                0x0000000008004302                Vector48
                0x0000000008004302                Vector1A8
                0x0000000008004302                Vector16C
                0x0000000008004302                VectorD4
                0x0000000008004302                Vector4C
                0x0000000008004302                Vector144
                0x0000000008004302                Vector15C
                0x0000000008004302                Vector170
                0x0000000008004302                Vector88
                0x0000000008004302                Vector184
                0x0000000008004302                Vector10C
                0x0000000008004302                BusFault_Handler
                0x0000000008004302                Vector50
                0x0000000008004302                Vector1C8
                0x0000000008004302                Vector194
                0x0000000008004302                Vector1DC
                0x0000000008004302                Vector44
                0x0000000008004302                Vector28
                0x0000000008004302                VectorB8
                0x0000000008004302                Vector34
                0x0000000008004302                VectorA4
                0x0000000008004302                Vector20
                0x0000000008004302                Vector18C
                0x0000000008004302                Vector174
                0x0000000008004304                _unhandled_exception
 .text          0x0000000008004308       0x30 build/obj/chcoreasm_v7m.o
                0x0000000008004308                _port_switch
                0x0000000008004320                _port_thread_start
                0x0000000008004330                _port_switch_from_isr
                0x0000000008004334                _port_exit_from_isr
 .text          0x0000000008004338      0x134 /home/ksg/bin/gcc-arm/gcc-arm-none-eabi-6-2017-q2-update/bin/../lib/gcc/arm-none-eabi/6.3.1/../../../../arm-none-eabi/lib/thumb/v7e-m/fpv4-sp/softfp/libg.a(lib_a-memcpy.o)
                0x0000000008004338                memcpy
 .text          0x000000000800446c       0x30 /home/ksg/bin/gcc-arm/gcc-arm-none-eabi-6-2017-q2-update/bin/../lib/gcc/arm-none-eabi/6.3.1/thumb/v7e-m/fpv4-sp/softfp/libgcc.a(_aeabi_uldivmod.o)
                0x000000000800446c                __aeabi_uldivmod
 .text          0x000000000800449c      0x2dc /home/ksg/bin/gcc-arm/gcc-arm-none-eabi-6-2017-q2-update/bin/../lib/gcc/arm-none-eabi/6.3.1/thumb/v7e-m/fpv4-sp/softfp/libgcc.a(_udivmoddi4.o)
                0x000000000800449c                __udivmoddi4
 .text          0x0000000008004778        0x4 /home/ksg/bin/gcc-arm/gcc-arm-none-eabi-6-2017-q2-update/bin/../lib/gcc/arm-none-eabi/6.3.1/thumb/v7e-m/fpv4-sp/softfp/libgcc.a(_dvmd_tls.o)
                0x0000000008004778                __aeabi_ldiv0
                0x0000000008004778                __aeabi_idiv0
 *(.text.*)
 *fill*         0x000000000800477c        0x4 
 .text.port_lock.lto_priv.20
                0x0000000008004780       0x10 /tmp/ccytRnoN.ltrans0.ltrans.o
 .text.port_unlock.lto_priv.17
                0x0000000008004790       0x10 /tmp/ccytRnoN.ltrans0.ltrans.o
 .text.port_lock_from_isr.lto_priv.29
                0x00000000080047a0        0x8 /tmp/ccytRnoN.ltrans0.ltrans.o
 *fill*         0x00000000080047a8        0x8 
 .text.port_unlock_from_isr.lto_priv.27
                0x00000000080047b0        0x8 /tmp/ccytRnoN.ltrans0.ltrans.o
 *fill*         0x00000000080047b8        0x8 
 .text.chSysLockFromISR.lto_priv.25
                0x00000000080047c0        0x8 /tmp/ccytRnoN.ltrans0.ltrans.o
 *fill*         0x00000000080047c8        0x8 
 .text.chSysUnlockFromISR.lto_priv.23
                0x00000000080047d0        0x8 /tmp/ccytRnoN.ltrans0.ltrans.o
 *fill*         0x00000000080047d8        0x8 
 .text.osalSysLockFromISR
                0x00000000080047e0        0x8 /tmp/ccytRnoN.ltrans0.ltrans.o
 *fill*         0x00000000080047e8        0x8 
 .text.osalSysUnlockFromISR
                0x00000000080047f0        0x8 /tmp/ccytRnoN.ltrans0.ltrans.o
 *fill*         0x00000000080047f8        0x8 
 .text.get_descriptor
                0x0000000008004800       0x5c /tmp/ccytRnoN.ltrans0.ltrans.o
 *fill*         0x000000000800485c        0x4 
 .text.usb_event
                0x0000000008004860       0x8c /tmp/ccytRnoN.ltrans0.ltrans.o
 *fill*         0x00000000080048ec        0x4 
 .text.sof_handler
                0x00000000080048f0       0x20 /tmp/ccytRnoN.ltrans0.ltrans.o
 .text.start_usb_serial
                0x0000000008004910       0x5c /tmp/ccytRnoN.ltrans0.ltrans.o
 *fill*         0x000000000800496c        0x4 
 .text.delay    0x0000000008004970       0x94 /tmp/ccytRnoN.ltrans0.ltrans.o
 *fill*         0x0000000008004a04        0xc 
 .text.chRegSetThreadName.lto_priv.0
                0x0000000008004a10       0x14 /tmp/ccytRnoN.ltrans0.ltrans.o
 *fill*         0x0000000008004a24        0xc 
 .text.Thread_crypto
                0x0000000008004a30       0x18 /tmp/ccytRnoN.ltrans0.ltrans.o
 *fill*         0x0000000008004a48        0x8 
 .text.ecc_init_keypair
                0x0000000008004a50       0x24 /tmp/ccytRnoN.ltrans0.ltrans.o
 *fill*         0x0000000008004a74        0xc 
 .text.chRegSetThreadName.lto_priv.1
                0x0000000008004a80       0x14 /tmp/ccytRnoN.ltrans0.ltrans.o
 *fill*         0x0000000008004a94        0xc 
 .text.Thread1  0x0000000008004aa0       0x40 /tmp/ccytRnoN.ltrans0.ltrans.o
 .text.main     0x0000000008004ae0       0x38 /tmp/ccytRnoN.ltrans0.ltrans.o
                0x0000000008004ae0                main
 *fill*         0x0000000008004b18        0x8 
 .text.port_lock.lto_priv.525
                0x0000000008004b20       0x10 /tmp/ccytRnoN.ltrans24.ltrans.o
 .text.port_unlock.lto_priv.519
                0x0000000008004b30       0x10 /tmp/ccytRnoN.ltrans24.ltrans.o
 .text.chSysLock.lto_priv.513
                0x0000000008004b40        0x8 /tmp/ccytRnoN.ltrans24.ltrans.o
 *fill*         0x0000000008004b48        0x8 
 .text.chSysUnlock.lto_priv.507
                0x0000000008004b50        0x8 /tmp/ccytRnoN.ltrans24.ltrans.o
 *fill*         0x0000000008004b58        0x8 
 .text._core_init
                0x0000000008004b60       0x1c /tmp/ccytRnoN.ltrans24.ltrans.o
                0x0000000008004b60                _core_init
 *fill*         0x0000000008004b7c        0x4 
 .text.chCoreAllocAlignedWithOffsetI
                0x0000000008004b80       0x64 /tmp/ccytRnoN.ltrans24.ltrans.o
 *fill*         0x0000000008004be4        0xc 
 .text.chCoreAllocAlignedWithOffset
                0x0000000008004bf0       0x28 /tmp/ccytRnoN.ltrans24.ltrans.o
                0x0000000008004bf0                chCoreAllocAlignedWithOffset
 *fill*         0x0000000008004c18        0x8 
 .text._heap_init
                0x0000000008004c20       0x28 /tmp/ccytRnoN.ltrans24.ltrans.o
                0x0000000008004c20                _heap_init
 *fill*         0x0000000008004c48        0x8 
 .text.chPoolObjectInitAligned
                0x0000000008004c50       0x28 /tmp/ccytRnoN.ltrans24.ltrans.o
                0x0000000008004c50                chPoolObjectInitAligned
 *fill*         0x0000000008004c78        0x8 
 .text.chCoreAllocAlignedI
                0x0000000008004c80       0x1c /tmp/ccytRnoN.ltrans24.ltrans.o
 *fill*         0x0000000008004c9c        0x4 
 .text.chPoolObjectInit
                0x0000000008004ca0       0x1c /tmp/ccytRnoN.ltrans24.ltrans.o
 *fill*         0x0000000008004cbc        0x4 
 .text.dyn_list_init
                0x0000000008004cc0       0x10 /tmp/ccytRnoN.ltrans24.ltrans.o
 .text._factory_init
                0x0000000008004cd0       0x60 /tmp/ccytRnoN.ltrans24.ltrans.o
                0x0000000008004cd0                _factory_init
 .text.port_lock.lto_priv.527
                0x0000000008004d30       0x10 /tmp/ccytRnoN.ltrans24.ltrans.o
 .text.port_unlock.lto_priv.521
                0x0000000008004d40       0x10 /tmp/ccytRnoN.ltrans24.ltrans.o
 .text.port_lock_from_isr
                0x0000000008004d50        0x8 /tmp/ccytRnoN.ltrans24.ltrans.o
 *fill*         0x0000000008004d58        0x8 
 .text.port_unlock_from_isr
                0x0000000008004d60        0x8 /tmp/ccytRnoN.ltrans24.ltrans.o
 *fill*         0x0000000008004d68        0x8 
 .text.SVC_Handler
                0x0000000008004d70       0x38 /tmp/ccytRnoN.ltrans24.ltrans.o
                0x0000000008004d70                SVC_Handler
 *fill*         0x0000000008004da8        0x8 
 .text._port_irq_epilogue
                0x0000000008004db0       0x78 /tmp/ccytRnoN.ltrans24.ltrans.o
                0x0000000008004db0                _port_irq_epilogue
 *fill*         0x0000000008004e28        0x8 
 .text._thread_init
                0x0000000008004e30       0x80 /tmp/ccytRnoN.ltrans25.ltrans.o
                0x0000000008004e30                _thread_init
 .text.chThdCreateSuspendedI
                0x0000000008004eb0       0x5c /tmp/ccytRnoN.ltrans25.ltrans.o
                0x0000000008004eb0                chThdCreateSuspendedI
 *fill*         0x0000000008004f0c        0x4 
 .text.chThdCreate
                0x0000000008004f10       0x28 /tmp/ccytRnoN.ltrans25.ltrans.o
                0x0000000008004f10                chThdCreate
 *fill*         0x0000000008004f38        0x8 
 .text.chThdCreateStatic
                0x0000000008004f40       0x6c /tmp/ccytRnoN.ltrans25.ltrans.o
                0x0000000008004f40                chThdCreateStatic
 *fill*         0x0000000008004fac        0x4 
 .text.chThdExit
                0x0000000008004fb0       0x18 /tmp/ccytRnoN.ltrans25.ltrans.o
                0x0000000008004fb0                chThdExit
 *fill*         0x0000000008004fc8        0x8 
 .text.chThdExitS
                0x0000000008004fd0       0x74 /tmp/ccytRnoN.ltrans25.ltrans.o
                0x0000000008004fd0                chThdExitS
 *fill*         0x0000000008005044        0xc 
 .text.chThdSleep
                0x0000000008005050       0x1c /tmp/ccytRnoN.ltrans25.ltrans.o
                0x0000000008005050                chThdSleep
 *fill*         0x000000000800506c        0x4 
 .text.chThdSuspendTimeoutS
                0x0000000008005070       0x38 /tmp/ccytRnoN.ltrans25.ltrans.o
                0x0000000008005070                chThdSuspendTimeoutS
 *fill*         0x00000000080050a8        0x8 
 .text.chThdResumeI
                0x00000000080050b0       0x30 /tmp/ccytRnoN.ltrans25.ltrans.o
                0x00000000080050b0                chThdResumeI
 .text.chThdEnqueueTimeoutS
                0x00000000080050e0       0x38 /tmp/ccytRnoN.ltrans25.ltrans.o
                0x00000000080050e0                chThdEnqueueTimeoutS
 *fill*         0x0000000008005118        0x8 
 .text.chThdDequeueNextI
                0x0000000008005120       0x24 /tmp/ccytRnoN.ltrans25.ltrans.o
                0x0000000008005120                chThdDequeueNextI
 *fill*         0x0000000008005144        0xc 
 .text.chThdDequeueAllI
                0x0000000008005150       0x24 /tmp/ccytRnoN.ltrans25.ltrans.o
                0x0000000008005150                chThdDequeueAllI
 *fill*         0x0000000008005174        0xc 
 .text.port_rt_get_counter_value
                0x0000000008005180        0xc /tmp/ccytRnoN.ltrans25.ltrans.o
 *fill*         0x000000000800518c        0x4 
 .text.tm_stop  0x0000000008005190       0x70 /tmp/ccytRnoN.ltrans25.ltrans.o
 .text._tm_init
                0x0000000008005200       0x34 /tmp/ccytRnoN.ltrans25.ltrans.o
                0x0000000008005200                _tm_init
 *fill*         0x0000000008005234        0xc 
 .text.chTMObjectInit
                0x0000000008005240       0x38 /tmp/ccytRnoN.ltrans25.ltrans.o
 *fill*         0x0000000008005278        0x8 
 .text.chTMStartMeasurementX
                0x0000000008005280       0x18 /tmp/ccytRnoN.ltrans25.ltrans.o
 *fill*         0x0000000008005298        0x8 
 .text.chTMStopMeasurementX
                0x00000000080052a0       0x24 /tmp/ccytRnoN.ltrans25.ltrans.o
 *fill*         0x00000000080052c4        0xc 
 .text.queue_init.lto_priv.572
                0x00000000080052d0       0x14 /tmp/ccytRnoN.ltrans25.ltrans.o
 *fill*         0x00000000080052e4        0xc 
 .text.chMtxObjectInit
                0x00000000080052f0       0x1c /tmp/ccytRnoN.ltrans25.ltrans.o
                0x00000000080052f0                chMtxObjectInit
 *fill*         0x000000000800530c        0x4 
 .text.chEvtBroadcastFlagsI
                0x0000000008005310       0x54 /tmp/ccytRnoN.ltrans25.ltrans.o
                0x0000000008005310                chEvtBroadcastFlagsI
 *fill*         0x0000000008005364        0xc 
 .text.chEvtSignalI
                0x0000000008005370       0x5c /tmp/ccytRnoN.ltrans25.ltrans.o
 *fill*         0x00000000080053cc        0x4 
 .text.Vector104
                0x00000000080053d0       0x28 /tmp/ccytRnoN.ltrans26.ltrans.o
                0x00000000080053d0                Vector104
 *fill*         0x00000000080053f8        0x8 
 .text.sdc_lld_init
                0x0000000008005400       0x28 /tmp/ccytRnoN.ltrans26.ltrans.o
                0x0000000008005400                sdc_lld_init
 *fill*         0x0000000008005428        0x8 
 .text.sdc_lld_start_clk
                0x0000000008005430       0x3c /tmp/ccytRnoN.ltrans26.ltrans.o
                0x0000000008005430                sdc_lld_start_clk
 *fill*         0x000000000800546c        0x4 
 .text.sdc_lld_set_data_clk
                0x0000000008005470       0x20 /tmp/ccytRnoN.ltrans26.ltrans.o
                0x0000000008005470                sdc_lld_set_data_clk
 .text.sdc_lld_stop_clk
                0x0000000008005490       0x18 /tmp/ccytRnoN.ltrans26.ltrans.o
                0x0000000008005490                sdc_lld_stop_clk
 *fill*         0x00000000080054a8        0x8 
 .text.sdc_lld_set_bus_mode
                0x00000000080054b0       0x50 /tmp/ccytRnoN.ltrans26.ltrans.o
                0x00000000080054b0                sdc_lld_set_bus_mode
 .text.sdc_lld_send_cmd_none
                0x0000000008005500       0x3c /tmp/ccytRnoN.ltrans26.ltrans.o
                0x0000000008005500                sdc_lld_send_cmd_none
 *fill*         0x000000000800553c        0x4 
 .text.sdc_lld_send_cmd_short
                0x0000000008005540       0x74 /tmp/ccytRnoN.ltrans26.ltrans.o
                0x0000000008005540                sdc_lld_send_cmd_short
 *fill*         0x00000000080055b4        0xc 
 .text.sdc_lld_send_cmd_short_crc
                0x00000000080055c0       0x74 /tmp/ccytRnoN.ltrans26.ltrans.o
                0x00000000080055c0                sdc_lld_send_cmd_short_crc
 *fill*         0x0000000008005634        0xc 
 .text.sdc_lld_send_cmd_long_crc
                0x0000000008005640       0xa0 /tmp/ccytRnoN.ltrans26.ltrans.o
                0x0000000008005640                sdc_lld_send_cmd_long_crc
 .text.sdc_lld_read_special
                0x00000000080056e0       0x6c /tmp/ccytRnoN.ltrans26.ltrans.o
                0x00000000080056e0                sdc_lld_read_special
 *fill*         0x000000000800574c        0x4 
 .text.sdc_lld_read_aligned
                0x0000000008005750       0xc8 /tmp/ccytRnoN.ltrans26.ltrans.o
 *fill*         0x0000000008005818        0x8 
 .text.sdc_lld_write_aligned
                0x0000000008005820       0xcc /tmp/ccytRnoN.ltrans26.ltrans.o
 *fill*         0x00000000080058ec        0x4 
 .text.sdc_lld_read
                0x00000000080058f0       0x80 /tmp/ccytRnoN.ltrans26.ltrans.o
                0x00000000080058f0                sdc_lld_read
 .text.sdc_lld_write
                0x0000000008005970       0x80 /tmp/ccytRnoN.ltrans26.ltrans.o
                0x0000000008005970                sdc_lld_write
 .text.sdc_lld_sync
                0x00000000080059f0        0xc /tmp/ccytRnoN.ltrans26.ltrans.o
                0x00000000080059f0                sdc_lld_sync
 *fill*         0x00000000080059fc        0x4 
 .text.port_lock.lto_priv.601
                0x0000000008005a00       0x10 /tmp/ccytRnoN.ltrans26.ltrans.o
 .text.port_unlock.lto_priv.596
                0x0000000008005a10       0x10 /tmp/ccytRnoN.ltrans26.ltrans.o
 .text.port_lock_from_isr.lto_priv.618
                0x0000000008005a20        0x8 /tmp/ccytRnoN.ltrans26.ltrans.o
 *fill*         0x0000000008005a28        0x8 
 .text.port_unlock_from_isr.lto_priv.614
                0x0000000008005a30        0x8 /tmp/ccytRnoN.ltrans26.ltrans.o
 *fill*         0x0000000008005a38        0x8 
 .text.chSysLockFromISR.lto_priv.610
                0x0000000008005a40        0x8 /tmp/ccytRnoN.ltrans26.ltrans.o
 *fill*         0x0000000008005a48        0x8 
 .text.chSysUnlockFromISR.lto_priv.606
                0x0000000008005a50        0x8 /tmp/ccytRnoN.ltrans26.ltrans.o
 *fill*         0x0000000008005a58        0x8 
 .text.osalSysLockFromISR.lto_priv.639
                0x0000000008005a60        0x8 /tmp/ccytRnoN.ltrans26.ltrans.o
 *fill*         0x0000000008005a68        0x8 
 .text.osalSysUnlockFromISR.lto_priv.636
                0x0000000008005a70        0x8 /tmp/ccytRnoN.ltrans26.ltrans.o
 *fill*         0x0000000008005a78        0x8 
 .text.osalOsTimerHandlerI
                0x0000000008005a80        0x8 /tmp/ccytRnoN.ltrans26.ltrans.o
 *fill*         0x0000000008005a88        0x8 
 .text.VectorB0
                0x0000000008005a90       0x2c /tmp/ccytRnoN.ltrans26.ltrans.o
                0x0000000008005a90                VectorB0
 *fill*         0x0000000008005abc        0x4 
 .text.st_lld_init
                0x0000000008005ac0       0x7c /tmp/ccytRnoN.ltrans26.ltrans.o
                0x0000000008005ac0                st_lld_init
 *fill*         0x0000000008005b3c        0x4 
 .text.port_lock.lto_priv.602
                0x0000000008005b40       0x10 /tmp/ccytRnoN.ltrans26.ltrans.o
 .text.port_unlock.lto_priv.597
                0x0000000008005b50       0x10 /tmp/ccytRnoN.ltrans26.ltrans.o
 .text.port_lock_from_isr.lto_priv.619
                0x0000000008005b60        0x8 /tmp/ccytRnoN.ltrans26.ltrans.o
 *fill*         0x0000000008005b68        0x8 
 .text.port_unlock_from_isr.lto_priv.615
                0x0000000008005b70        0x8 /tmp/ccytRnoN.ltrans26.ltrans.o
 *fill*         0x0000000008005b78        0x8 
 .text.chSysLockFromISR.lto_priv.611
                0x0000000008005b80        0x8 /tmp/ccytRnoN.ltrans26.ltrans.o
 *fill*         0x0000000008005b88        0x8 
 .text.chSysUnlockFromISR.lto_priv.607
                0x0000000008005b90        0x8 /tmp/ccytRnoN.ltrans26.ltrans.o
 *fill*         0x0000000008005b98        0x8 
 .text.osalSysLockFromISR.lto_priv.640
                0x0000000008005ba0        0x8 /tmp/ccytRnoN.ltrans26.ltrans.o
 *fill*         0x0000000008005ba8        0x8 
 .text.osalSysUnlockFromISR.lto_priv.637
                0x0000000008005bb0        0x8 /tmp/ccytRnoN.ltrans26.ltrans.o
 *fill*         0x0000000008005bb8        0x8 
 .text.osalEventBroadcastFlagsI
                0x0000000008005bc0       0x18 /tmp/ccytRnoN.ltrans26.ltrans.o
 *fill*         0x0000000008005bd8        0x8 
 .text.set_error
                0x0000000008005be0       0x74 /tmp/ccytRnoN.ltrans26.ltrans.o
 *fill*         0x0000000008005c54        0xc 
 .text.serve_interrupt
                0x0000000008005c60      0x160 /tmp/ccytRnoN.ltrans26.ltrans.o
 .text.notify2  0x0000000008005dc0       0x18 /tmp/ccytRnoN.ltrans26.ltrans.o
 *fill*         0x0000000008005dd8        0x8 
 .text.notify3  0x0000000008005de0       0x18 /tmp/ccytRnoN.ltrans26.ltrans.o
 *fill*         0x0000000008005df8        0x8 
 .text.VectorD8
                0x0000000008005e00       0x14 /tmp/ccytRnoN.ltrans26.ltrans.o
                0x0000000008005e00                VectorD8
 *fill*         0x0000000008005e14        0xc 
 .text.VectorDC
                0x0000000008005e20       0x14 /tmp/ccytRnoN.ltrans26.ltrans.o
                0x0000000008005e20                VectorDC
 *fill*         0x0000000008005e34        0xc 
 .text.sd_lld_init
                0x0000000008005e40       0x40 /tmp/ccytRnoN.ltrans26.ltrans.o
                0x0000000008005e40                sd_lld_init
 .text.gpio_init
                0x0000000008005e80       0x44 /tmp/ccytRnoN.ltrans26.ltrans.o
 *fill*         0x0000000008005ec4        0xc 
 .text.stm32_gpio_init
                0x0000000008005ed0       0xd0 /tmp/ccytRnoN.ltrans26.ltrans.o
 .text.__early_init
                0x0000000008005fa0        0xc /tmp/ccytRnoN.ltrans26.ltrans.o
                0x0000000008005fa0                __early_init
 *fill*         0x0000000008005fac        0x4 
 .text.sdc_lld_is_card_inserted
                0x0000000008005fb0        0xc /tmp/ccytRnoN.ltrans26.ltrans.o
                0x0000000008005fb0                sdc_lld_is_card_inserted
 *fill*         0x0000000008005fbc        0x4 
 .text.sdc_lld_is_write_protected
                0x0000000008005fc0        0xc /tmp/ccytRnoN.ltrans26.ltrans.o
                0x0000000008005fc0                sdc_lld_is_write_protected
 *fill*         0x0000000008005fcc        0x4 
 .text.boardInit
                0x0000000008005fd0        0x4 /tmp/ccytRnoN.ltrans26.ltrans.o
                0x0000000008005fd0                boardInit
 *fill*         0x0000000008005fd4        0xc 
 .text.chTimeAddX.lto_priv.630
                0x0000000008005fe0       0x14 /tmp/ccytRnoN.ltrans26.ltrans.o
 *fill*         0x0000000008005ff4        0xc 
 .text.chTimeDiffX.lto_priv.628
                0x0000000008006000       0x14 /tmp/ccytRnoN.ltrans26.ltrans.o
 *fill*         0x0000000008006014        0xc 
 .text.__NVIC_SetPriorityGrouping
                0x0000000008006020       0x3c /tmp/ccytRnoN.ltrans26.ltrans.o
 *fill*         0x000000000800605c        0x4 
 .text.__NVIC_SetPriority
                0x0000000008006060       0x4c /tmp/ccytRnoN.ltrans26.ltrans.o
 *fill*         0x00000000080060ac        0x4 
 .text.port_init
                0x00000000080060b0       0x40 /tmp/ccytRnoN.ltrans26.ltrans.o
 .text.port_lock.lto_priv.603
                0x00000000080060f0       0x10 /tmp/ccytRnoN.ltrans26.ltrans.o
 .text.port_unlock.lto_priv.598
                0x0000000008006100       0x10 /tmp/ccytRnoN.ltrans26.ltrans.o
 .text.port_lock_from_isr.lto_priv.620
                0x0000000008006110        0x8 /tmp/ccytRnoN.ltrans26.ltrans.o
 *fill*         0x0000000008006118        0x8 
 .text.port_unlock_from_isr.lto_priv.616
                0x0000000008006120        0x8 /tmp/ccytRnoN.ltrans26.ltrans.o
 *fill*         0x0000000008006128        0x8 
 .text.port_enable
                0x0000000008006130       0x14 /tmp/ccytRnoN.ltrans26.ltrans.o
 *fill*         0x0000000008006144        0xc 
 .text.port_wait_for_interrupt
                0x0000000008006150        0x4 /tmp/ccytRnoN.ltrans26.ltrans.o
 *fill*         0x0000000008006154        0xc 
 .text.port_rt_get_counter_value
                0x0000000008006160        0xc /tmp/ccytRnoN.ltrans26.ltrans.o
 *fill*         0x000000000800616c        0x4 
 .text.st_lld_get_counter.lto_priv.593
                0x0000000008006170        0xc /tmp/ccytRnoN.ltrans26.ltrans.o
 *fill*         0x000000000800617c        0x4 
 .text.port_timer_stop_alarm.lto_priv.626
                0x0000000008006180        0x8 /tmp/ccytRnoN.ltrans26.ltrans.o
 *fill*         0x0000000008006188        0x8 
 .text.port_timer_set_alarm.lto_priv.624
                0x0000000008006190       0x14 /tmp/ccytRnoN.ltrans26.ltrans.o
 *fill*         0x00000000080061a4        0xc 
 .text.port_timer_get_time.lto_priv.590
                0x00000000080061b0        0xc /tmp/ccytRnoN.ltrans26.ltrans.o
 *fill*         0x00000000080061bc        0x4 
 .text.chSysEnable
                0x00000000080061c0        0x8 /tmp/ccytRnoN.ltrans26.ltrans.o
 *fill*         0x00000000080061c8        0x8 
 .text.chSysLockFromISR.lto_priv.612
                0x00000000080061d0        0x8 /tmp/ccytRnoN.ltrans26.ltrans.o
 *fill*         0x00000000080061d8        0x8 
 .text.chSysUnlockFromISR.lto_priv.608
                0x00000000080061e0        0x8 /tmp/ccytRnoN.ltrans26.ltrans.o
 *fill*         0x00000000080061e8        0x8 
 .text.chVTGetSystemTimeX.lto_priv.622
                0x00000000080061f0        0xc /tmp/ccytRnoN.ltrans26.ltrans.o
 *fill*         0x00000000080061fc        0x4 
 .text.chVTDoTickI
                0x0000000008006200       0xf8 /tmp/ccytRnoN.ltrans26.ltrans.o
 *fill*         0x00000000080062f8        0x8 
 .text._idle_thread.lto_priv.139
                0x0000000008006300        0xc /tmp/ccytRnoN.ltrans26.ltrans.o
                0x0000000008006300                _idle_thread.lto_priv.139
 *fill*         0x000000000800630c        0x4 
 .text.chSysInit
                0x0000000008006310       0x5c /tmp/ccytRnoN.ltrans26.ltrans.o
                0x0000000008006310                chSysInit
 *fill*         0x000000000800636c        0x4 
 .text.chSysTimerHandlerI
                0x0000000008006370        0x8 /tmp/ccytRnoN.ltrans26.ltrans.o
 *fill*         0x0000000008006378        0x8 
 .text.chSysIsCounterWithinX
                0x0000000008006380       0x24 /tmp/ccytRnoN.ltrans26.ltrans.o
 *fill*         0x00000000080063a4        0xc 
 .text.chSysPolledDelayX
                0x00000000080063b0       0x30 /tmp/ccytRnoN.ltrans26.ltrans.o
                0x00000000080063b0                chSysPolledDelayX
 .text.chTimeAddX.lto_priv.631
                0x00000000080063e0       0x14 /tmp/ccytRnoN.ltrans26.ltrans.o
 *fill*         0x00000000080063f4        0xc 
 .text.chTimeDiffX.lto_priv.629
                0x0000000008006400       0x14 /tmp/ccytRnoN.ltrans26.ltrans.o
 *fill*         0x0000000008006414        0xc 
 .text.st_lld_get_counter.lto_priv.594
                0x0000000008006420        0xc /tmp/ccytRnoN.ltrans26.ltrans.o
 *fill*         0x000000000800642c        0x4 
 .text.port_timer_start_alarm
                0x0000000008006430       0x14 /tmp/ccytRnoN.ltrans26.ltrans.o
 *fill*         0x0000000008006444        0xc 
 .text.port_timer_stop_alarm.lto_priv.627
                0x0000000008006450        0x8 /tmp/ccytRnoN.ltrans26.ltrans.o
 *fill*         0x0000000008006458        0x8 
 .text.port_timer_set_alarm.lto_priv.625
                0x0000000008006460       0x14 /tmp/ccytRnoN.ltrans26.ltrans.o
 *fill*         0x0000000008006474        0xc 
 .text.port_timer_get_time.lto_priv.591
                0x0000000008006480        0xc /tmp/ccytRnoN.ltrans26.ltrans.o
 *fill*         0x000000000800648c        0x4 
 .text.chVTGetSystemTimeX.lto_priv.623
                0x0000000008006490        0xc /tmp/ccytRnoN.ltrans26.ltrans.o
 *fill*         0x000000000800649c        0x4 
 .text._vt_init
                0x00000000080064a0       0x24 /tmp/ccytRnoN.ltrans26.ltrans.o
 *fill*         0x00000000080064c4        0xc 
 .text.chVTDoSetI
                0x00000000080064d0      0x130 /tmp/ccytRnoN.ltrans26.ltrans.o
                0x00000000080064d0                chVTDoSetI
 .text.chVTDoResetI
                0x0000000008006600       0xe8 /tmp/ccytRnoN.ltrans26.ltrans.o
                0x0000000008006600                chVTDoResetI
 *fill*         0x00000000080066e8        0x8 
 .text.port_lock.lto_priv.604
                0x00000000080066f0       0x10 /tmp/ccytRnoN.ltrans26.ltrans.o
 .text.port_unlock.lto_priv.599
                0x0000000008006700       0x10 /tmp/ccytRnoN.ltrans26.ltrans.o
 .text.port_lock_from_isr.lto_priv.621
                0x0000000008006710        0x8 /tmp/ccytRnoN.ltrans26.ltrans.o
 *fill*         0x0000000008006718        0x8 
 .text.port_unlock_from_isr.lto_priv.617
                0x0000000008006720        0x8 /tmp/ccytRnoN.ltrans26.ltrans.o
 *fill*         0x0000000008006728        0x8 
 .text.queue_init
                0x0000000008006730       0x14 /tmp/ccytRnoN.ltrans26.ltrans.o
 *fill*         0x0000000008006744        0xc 
 .text.queue_fifo_remove.lto_priv.588
                0x0000000008006750       0x24 /tmp/ccytRnoN.ltrans26.ltrans.o
 *fill*         0x0000000008006774        0xc 
 .text.queue_dequeue
                0x0000000008006780       0x20 /tmp/ccytRnoN.ltrans26.ltrans.o
 .text.chSysLockFromISR.lto_priv.613
                0x00000000080067a0        0x8 /tmp/ccytRnoN.ltrans26.ltrans.o
 *fill*         0x00000000080067a8        0x8 
 .text.chSysUnlockFromISR.lto_priv.609
                0x00000000080067b0        0x8 /tmp/ccytRnoN.ltrans26.ltrans.o
 *fill*         0x00000000080067b8        0x8 
 .text.chVTIsArmedI
                0x00000000080067c0       0x18 /tmp/ccytRnoN.ltrans26.ltrans.o
 *fill*         0x00000000080067d8        0x8 
 .text.chSemFastSignalI
                0x00000000080067e0       0x14 /tmp/ccytRnoN.ltrans26.ltrans.o
 *fill*         0x00000000080067f4        0xc 
 .text._scheduler_init
                0x0000000008006800       0x20 /tmp/ccytRnoN.ltrans26.ltrans.o
 .text.chSchReadyI
                0x0000000008006820       0x4c /tmp/ccytRnoN.ltrans26.ltrans.o
                0x0000000008006820                chSchReadyI
 *fill*         0x000000000800686c        0x4 
 .text.chSchReadyAheadI
                0x0000000008006870       0x4c /tmp/ccytRnoN.ltrans26.ltrans.o
 *fill*         0x00000000080068bc        0x4 
 .text.chSchGoSleepS
                0x00000000080068c0       0x48 /tmp/ccytRnoN.ltrans26.ltrans.o
                0x00000000080068c0                chSchGoSleepS
 *fill*         0x0000000008006908        0x8 
 .text.wakeup   0x0000000008006910       0x78 /tmp/ccytRnoN.ltrans26.ltrans.o
 *fill*         0x0000000008006988        0x8 
 .text.chSchGoSleepTimeoutS
                0x0000000008006990       0x64 /tmp/ccytRnoN.ltrans26.ltrans.o
                0x0000000008006990                chSchGoSleepTimeoutS
 *fill*         0x00000000080069f4        0xc 
 .text.chSchWakeupS
                0x0000000008006a00       0x50 /tmp/ccytRnoN.ltrans26.ltrans.o
                0x0000000008006a00                chSchWakeupS
 .text.chSchIsPreemptionRequired
                0x0000000008006a50       0x2c /tmp/ccytRnoN.ltrans26.ltrans.o
                0x0000000008006a50                chSchIsPreemptionRequired
 *fill*         0x0000000008006a7c        0x4 
 .text.chSchDoReschedule
                0x0000000008006a80       0x40 /tmp/ccytRnoN.ltrans26.ltrans.o
                0x0000000008006a80                chSchDoReschedule
 .text.port_lock.lto_priv.605
                0x0000000008006ac0       0x10 /tmp/ccytRnoN.ltrans26.ltrans.o
 .text.port_unlock.lto_priv.600
                0x0000000008006ad0       0x10 /tmp/ccytRnoN.ltrans26.ltrans.o
 .text.list_init.lto_priv.587
                0x0000000008006ae0       0x10 /tmp/ccytRnoN.ltrans26.ltrans.o
                0x0000000008006ae0                list_init.lto_priv.587
 .text.list_notempty.lto_priv.585
                0x0000000008006af0       0x1c /tmp/ccytRnoN.ltrans26.ltrans.o
                0x0000000008006af0                list_notempty.lto_priv.585
 *fill*         0x0000000008006b0c        0x4 
 .text.queue_init.lto_priv.570
                0x0000000008006b10       0x14 /tmp/ccytRnoN.ltrans26.ltrans.o
                0x0000000008006b10                queue_init.lto_priv.570
 *fill*         0x0000000008006b24        0xc 
 .text.queue_notempty.lto_priv.567
                0x0000000008006b30       0x1c /tmp/ccytRnoN.ltrans26.ltrans.o
                0x0000000008006b30                queue_notempty.lto_priv.567
 *fill*         0x0000000008006b4c        0x4 
 .text.list_remove.lto_priv.586
                0x0000000008006b50       0x1c /tmp/ccytRnoN.ltrans26.ltrans.o
                0x0000000008006b50                list_remove.lto_priv.586
 *fill*         0x0000000008006b6c        0x4 
 .text.queue_insert.lto_priv.574
                0x0000000008006b70       0x28 /tmp/ccytRnoN.ltrans26.ltrans.o
                0x0000000008006b70                queue_insert.lto_priv.574
 *fill*         0x0000000008006b98        0x8 
 .text.queue_fifo_remove.lto_priv.589
                0x0000000008006ba0       0x24 /tmp/ccytRnoN.ltrans26.ltrans.o
 *fill*         0x0000000008006bc4        0xc 
 .text.chSysLock.lto_priv.554
                0x0000000008006bd0        0x8 /tmp/ccytRnoN.ltrans26.ltrans.o
                0x0000000008006bd0                chSysLock.lto_priv.554
 *fill*         0x0000000008006bd8        0x8 
 .text.chSysUnlock.lto_priv.548
                0x0000000008006be0        0x8 /tmp/ccytRnoN.ltrans26.ltrans.o
                0x0000000008006be0                chSysUnlock.lto_priv.548
 *fill*         0x0000000008006be8        0x8 
 .text.chThdGetSelfX.lto_priv.560
                0x0000000008006bf0        0xc /tmp/ccytRnoN.ltrans26.ltrans.o
                0x0000000008006bf0                chThdGetSelfX.lto_priv.560
 *fill*         0x0000000008006bfc        0x4 
 .text.chThdSleepS.lto_priv.580
                0x0000000008006c00       0x14 /tmp/ccytRnoN.ltrans26.ltrans.o
                0x0000000008006c00                chThdSleepS.lto_priv.580
 *fill*         0x0000000008006c14        0xc 
 .text.chThdDoDequeueNextI.lto_priv.578
                0x0000000008006c20       0x24 /tmp/ccytRnoN.ltrans26.ltrans.o
                0x0000000008006c20                chThdDoDequeueNextI.lto_priv.578
 *fill*         0x0000000008006c44        0xc 
 .text.Vector70
                0x0000000008006c50       0x40 /tmp/ccytRnoN.ltrans27.ltrans.o
                0x0000000008006c50                Vector70
 .text.Vector74
                0x0000000008006c90       0x40 /tmp/ccytRnoN.ltrans27.ltrans.o
                0x0000000008006c90                Vector74
 .text.Vector78
                0x0000000008006cd0       0x40 /tmp/ccytRnoN.ltrans27.ltrans.o
                0x0000000008006cd0                Vector78
 .text.Vector7C
                0x0000000008006d10       0x3c /tmp/ccytRnoN.ltrans27.ltrans.o
                0x0000000008006d10                Vector7C
 *fill*         0x0000000008006d4c        0x4 
 .text.Vector80
                0x0000000008006d50       0x40 /tmp/ccytRnoN.ltrans27.ltrans.o
                0x0000000008006d50                Vector80
 .text.Vector84
                0x0000000008006d90       0x40 /tmp/ccytRnoN.ltrans27.ltrans.o
                0x0000000008006d90                Vector84
 .text.VectorFC
                0x0000000008006dd0       0x40 /tmp/ccytRnoN.ltrans27.ltrans.o
                0x0000000008006dd0                VectorFC
 .text.Vector120
                0x0000000008006e10       0x3c /tmp/ccytRnoN.ltrans27.ltrans.o
                0x0000000008006e10                Vector120
 *fill*         0x0000000008006e4c        0x4 
 .text.Vector124
                0x0000000008006e50       0x40 /tmp/ccytRnoN.ltrans27.ltrans.o
                0x0000000008006e50                Vector124
 .text.Vector128
                0x0000000008006e90       0x40 /tmp/ccytRnoN.ltrans27.ltrans.o
                0x0000000008006e90                Vector128
 .text.Vector12C
                0x0000000008006ed0       0x40 /tmp/ccytRnoN.ltrans27.ltrans.o
                0x0000000008006ed0                Vector12C
 .text.Vector130
                0x0000000008006f10       0x3c /tmp/ccytRnoN.ltrans27.ltrans.o
                0x0000000008006f10                Vector130
 *fill*         0x0000000008006f4c        0x4 
 .text.Vector150
                0x0000000008006f50       0x40 /tmp/ccytRnoN.ltrans27.ltrans.o
                0x0000000008006f50                Vector150
 .text.Vector154
                0x0000000008006f90       0x40 /tmp/ccytRnoN.ltrans27.ltrans.o
                0x0000000008006f90                Vector154
 .text.Vector158
                0x0000000008006fd0       0x40 /tmp/ccytRnoN.ltrans27.ltrans.o
                0x0000000008006fd0                Vector158
 .text.dmaInit  0x0000000008007010       0x70 /tmp/ccytRnoN.ltrans27.ltrans.o
                0x0000000008007010                dmaInit
 .text.queue_init
                0x0000000008007080       0x14 /tmp/ccytRnoN.ltrans27.ltrans.o
 *fill*         0x0000000008007094        0xc 
 .text.chThdQueueObjectInit
                0x00000000080070a0       0x14 /tmp/ccytRnoN.ltrans27.ltrans.o
 *fill*         0x00000000080070b4        0xc 
 .text.osalThreadQueueObjectInit
                0x00000000080070c0       0x14 /tmp/ccytRnoN.ltrans27.ltrans.o
 *fill*         0x00000000080070d4        0xc 
 .text._pal_lld_init
                0x00000000080070e0       0x4c /tmp/ccytRnoN.ltrans27.ltrans.o
                0x00000000080070e0                _pal_lld_init
 *fill*         0x000000000800712c        0x4 
 .text.port_lock.lto_priv.661
                0x0000000008007130       0x10 /tmp/ccytRnoN.ltrans27.ltrans.o
 .text.port_unlock.lto_priv.659
                0x0000000008007140       0x10 /tmp/ccytRnoN.ltrans27.ltrans.o
 .text.port_lock_from_isr.lto_priv.657
                0x0000000008007150        0x8 /tmp/ccytRnoN.ltrans27.ltrans.o
 *fill*         0x0000000008007158        0x8 
 .text.port_unlock_from_isr.lto_priv.655
                0x0000000008007160        0x8 /tmp/ccytRnoN.ltrans27.ltrans.o
 *fill*         0x0000000008007168        0x8 
 .text.chSysLockFromISR.lto_priv.653
                0x0000000008007170        0x8 /tmp/ccytRnoN.ltrans27.ltrans.o
 *fill*         0x0000000008007178        0x8 
 .text.chSysUnlockFromISR.lto_priv.651
                0x0000000008007180        0x8 /tmp/ccytRnoN.ltrans27.ltrans.o
 *fill*         0x0000000008007188        0x8 
 .text.osalSysLockFromISR
                0x0000000008007190        0x8 /tmp/ccytRnoN.ltrans27.ltrans.o
 *fill*         0x0000000008007198        0x8 
 .text.osalSysUnlockFromISR
                0x00000000080071a0        0x8 /tmp/ccytRnoN.ltrans27.ltrans.o
 *fill*         0x00000000080071a8        0x8 
 .text.osalSysPolledDelayX
                0x00000000080071b0       0x14 /tmp/ccytRnoN.ltrans27.ltrans.o
 *fill*         0x00000000080071c4        0xc 
 .text.otg_core_reset
                0x00000000080071d0       0x38 /tmp/ccytRnoN.ltrans27.ltrans.o
 *fill*         0x0000000008007208        0x8 
 .text.otg_disable_ep
                0x0000000008007210       0x90 /tmp/ccytRnoN.ltrans27.ltrans.o
 .text.otg_rxfifo_flush
                0x00000000080072a0       0x2c /tmp/ccytRnoN.ltrans27.ltrans.o
 *fill*         0x00000000080072cc        0x4 
 .text.otg_txfifo_flush
                0x00000000080072d0       0x34 /tmp/ccytRnoN.ltrans27.ltrans.o
 *fill*         0x0000000008007304        0xc 
 .text.otg_ram_reset
                0x0000000008007310       0x14 /tmp/ccytRnoN.ltrans27.ltrans.o
 *fill*         0x0000000008007324        0xc 
 .text.otg_ram_alloc
                0x0000000008007330       0x20 /tmp/ccytRnoN.ltrans27.ltrans.o
 .text.otg_fifo_write_from_buffer
                0x0000000008007350       0x28 /tmp/ccytRnoN.ltrans27.ltrans.o
 *fill*         0x0000000008007378        0x8 
 .text.otg_fifo_read_to_buffer
                0x0000000008007380       0x50 /tmp/ccytRnoN.ltrans27.ltrans.o
 .text.otg_rxfifo_handler
                0x00000000080073d0       0xfc /tmp/ccytRnoN.ltrans27.ltrans.o
 *fill*         0x00000000080074cc        0x4 
 .text.otg_txfifo_handler
                0x00000000080074d0      0x14c /tmp/ccytRnoN.ltrans27.ltrans.o
 *fill*         0x000000000800761c        0x4 
 .text.otg_epin_handler
                0x0000000008007620      0x118 /tmp/ccytRnoN.ltrans27.ltrans.o
 *fill*         0x0000000008007738        0x8 
 .text.otg_epout_handler
                0x0000000008007740      0x148 /tmp/ccytRnoN.ltrans27.ltrans.o
 *fill*         0x0000000008007888        0x8 
 .text.otg_isoc_in_failed_handler
                0x0000000008007890       0xf4 /tmp/ccytRnoN.ltrans27.ltrans.o
 *fill*         0x0000000008007984        0xc 
 .text.otg_isoc_out_failed_handler
                0x0000000008007990       0xac /tmp/ccytRnoN.ltrans27.ltrans.o
 *fill*         0x0000000008007a3c        0x4 
 .text.usb_lld_serve_interrupt
                0x0000000008007a40      0x1b8 /tmp/ccytRnoN.ltrans27.ltrans.o
 *fill*         0x0000000008007bf8        0x8 
 .text.Vector14C
                0x0000000008007c00       0x14 /tmp/ccytRnoN.ltrans27.ltrans.o
                0x0000000008007c00                Vector14C
 *fill*         0x0000000008007c14        0xc 
 .text.usb_lld_init
                0x0000000008007c20       0x20 /tmp/ccytRnoN.ltrans27.ltrans.o
                0x0000000008007c20                usb_lld_init
 .text.usb_lld_start
                0x0000000008007c40       0xe8 /tmp/ccytRnoN.ltrans27.ltrans.o
                0x0000000008007c40                usb_lld_start
 *fill*         0x0000000008007d28        0x8 
 .text.usb_lld_reset
                0x0000000008007d30      0x12c /tmp/ccytRnoN.ltrans27.ltrans.o
                0x0000000008007d30                usb_lld_reset
 *fill*         0x0000000008007e5c        0x4 
 .text.usb_lld_set_address
                0x0000000008007e60       0x28 /tmp/ccytRnoN.ltrans27.ltrans.o
                0x0000000008007e60                usb_lld_set_address
 *fill*         0x0000000008007e88        0x8 
 .text.usb_lld_init_endpoint
                0x0000000008007e90      0x250 /tmp/ccytRnoN.ltrans27.ltrans.o
                0x0000000008007e90                usb_lld_init_endpoint
 .text.usb_lld_disable_endpoints
                0x00000000080080e0       0x18 /tmp/ccytRnoN.ltrans27.ltrans.o
                0x00000000080080e0                usb_lld_disable_endpoints
 *fill*         0x00000000080080f8        0x8 
 .text.usb_lld_get_status_out
                0x0000000008008100       0x40 /tmp/ccytRnoN.ltrans27.ltrans.o
                0x0000000008008100                usb_lld_get_status_out
 .text.usb_lld_get_status_in
                0x0000000008008140       0x40 /tmp/ccytRnoN.ltrans27.ltrans.o
                0x0000000008008140                usb_lld_get_status_in
 .text.usb_lld_read_setup
                0x0000000008008180       0x30 /tmp/ccytRnoN.ltrans27.ltrans.o
                0x0000000008008180                usb_lld_read_setup
 .text.usb_lld_start_out
                0x00000000080081b0      0x140 /tmp/ccytRnoN.ltrans27.ltrans.o
                0x00000000080081b0                usb_lld_start_out
 .text.usb_lld_start_in
                0x00000000080082f0      0x160 /tmp/ccytRnoN.ltrans27.ltrans.o
                0x00000000080082f0                usb_lld_start_in
 .text.usb_lld_stall_out
                0x0000000008008450       0x34 /tmp/ccytRnoN.ltrans27.ltrans.o
                0x0000000008008450                usb_lld_stall_out
 *fill*         0x0000000008008484        0xc 
 .text.usb_lld_stall_in
                0x0000000008008490       0x34 /tmp/ccytRnoN.ltrans27.ltrans.o
                0x0000000008008490                usb_lld_stall_in
 *fill*         0x00000000080084c4        0xc 
 .text.usb_lld_clear_out
                0x00000000080084d0       0x34 /tmp/ccytRnoN.ltrans27.ltrans.o
                0x00000000080084d0                usb_lld_clear_out
 *fill*         0x0000000008008504        0xc 
 .text.usb_lld_clear_in
                0x0000000008008510       0x34 /tmp/ccytRnoN.ltrans27.ltrans.o
                0x0000000008008510                usb_lld_clear_in
 *fill*         0x0000000008008544        0xc 
 .text.port_lock.lto_priv.662
                0x0000000008008550       0x10 /tmp/ccytRnoN.ltrans27.ltrans.o
 .text.port_unlock.lto_priv.660
                0x0000000008008560       0x10 /tmp/ccytRnoN.ltrans27.ltrans.o
 .text.port_lock_from_isr.lto_priv.658
                0x0000000008008570        0x8 /tmp/ccytRnoN.ltrans27.ltrans.o
 *fill*         0x0000000008008578        0x8 
 .text.port_unlock_from_isr.lto_priv.656
                0x0000000008008580        0x8 /tmp/ccytRnoN.ltrans27.ltrans.o
 *fill*         0x0000000008008588        0x8 
 .text.chSysLock
                0x0000000008008590        0x8 /tmp/ccytRnoN.ltrans27.ltrans.o
 *fill*         0x0000000008008598        0x8 
 .text.chSysUnlock
                0x00000000080085a0        0x8 /tmp/ccytRnoN.ltrans27.ltrans.o
 *fill*         0x00000000080085a8        0x8 
 .text.chSysLockFromISR.lto_priv.654
                0x00000000080085b0        0x8 /tmp/ccytRnoN.ltrans27.ltrans.o
 *fill*         0x00000000080085b8        0x8 
 .text.chSysUnlockFromISR.lto_priv.652
                0x00000000080085c0        0x8 /tmp/ccytRnoN.ltrans27.ltrans.o
 *fill*         0x00000000080085c8        0x8 
 .text.osalSysLock
                0x00000000080085d0        0x8 /tmp/ccytRnoN.ltrans27.ltrans.o
 *fill*         0x00000000080085d8        0x8 
 .text.osalSysUnlock
                0x00000000080085e0        0x8 /tmp/ccytRnoN.ltrans27.ltrans.o
 *fill*         0x00000000080085e8        0x8 
 .text.osalSysLockFromISR.lto_priv.638
                0x00000000080085f0        0x8 /tmp/ccytRnoN.ltrans27.ltrans.o
                0x00000000080085f0                osalSysLockFromISR.lto_priv.638
 *fill*         0x00000000080085f8        0x8 
 .text.osalSysUnlockFromISR.lto_priv.635
                0x0000000008008600        0x8 /tmp/ccytRnoN.ltrans27.ltrans.o
                0x0000000008008600                osalSysUnlockFromISR.lto_priv.635
 *fill*         0x0000000008008608        0x8 
 .text.osalThreadSleep.lto_priv.649
                0x0000000008008610       0x14 /tmp/ccytRnoN.ltrans27.ltrans.o
                0x0000000008008610                osalThreadSleep.lto_priv.649
 *fill*         0x0000000008008624        0xc 
 .text.osalThreadSuspendS
                0x0000000008008630       0x1c /tmp/ccytRnoN.ltrans27.ltrans.o
 *fill*         0x000000000800864c        0x4 
 .text.osalThreadResumeI.lto_priv.650
                0x0000000008008650       0x18 /tmp/ccytRnoN.ltrans27.ltrans.o
                0x0000000008008650                osalThreadResumeI.lto_priv.650
 *fill*         0x0000000008008668        0x8 
 .text.sdc_lld_prepare_read_bytes.lto_priv.647
                0x0000000008008670       0x8c /tmp/ccytRnoN.ltrans27.ltrans.o
                0x0000000008008670                sdc_lld_prepare_read_bytes.lto_priv.647
 *fill*         0x00000000080086fc        0x4 
 .text.sdc_lld_prepare_read.lto_priv.646
                0x0000000008008700       0x78 /tmp/ccytRnoN.ltrans27.ltrans.o
                0x0000000008008700                sdc_lld_prepare_read.lto_priv.646
 *fill*         0x0000000008008778        0x8 
 .text.sdc_lld_prepare_write.lto_priv.645
                0x0000000008008780       0x78 /tmp/ccytRnoN.ltrans27.ltrans.o
                0x0000000008008780                sdc_lld_prepare_write.lto_priv.645
 *fill*         0x00000000080087f8        0x8 
 .text.sdc_lld_wait_transaction_end.lto_priv.644
                0x0000000008008800       0x94 /tmp/ccytRnoN.ltrans27.ltrans.o
                0x0000000008008800                sdc_lld_wait_transaction_end.lto_priv.644
 *fill*         0x0000000008008894        0xc 
 .text.sdc_lld_collect_errors.lto_priv.648
                0x00000000080088a0       0x98 /tmp/ccytRnoN.ltrans27.ltrans.o
                0x00000000080088a0                sdc_lld_collect_errors.lto_priv.648
 *fill*         0x0000000008008938        0x8 
 .text.sdc_lld_error_cleanup.lto_priv.643
                0x0000000008008940       0x9c /tmp/ccytRnoN.ltrans27.ltrans.o
                0x0000000008008940                sdc_lld_error_cleanup.lto_priv.643
 *fill*         0x00000000080089dc        0x4 
 .text.usbInit  0x00000000080089e0        0x8 /tmp/ccytRnoN.ltrans28.ltrans.o
                0x00000000080089e0                usbInit
 *fill*         0x00000000080089e8        0x8 
 .text.usbObjectInit
                0x00000000080089f0       0x4c /tmp/ccytRnoN.ltrans28.ltrans.o
                0x00000000080089f0                usbObjectInit
 *fill*         0x0000000008008a3c        0x4 
 .text.usbStart
                0x0000000008008a40       0x48 /tmp/ccytRnoN.ltrans28.ltrans.o
                0x0000000008008a40                usbStart
 *fill*         0x0000000008008a88        0x8 
 .text.usbInitEndpointI
                0x0000000008008a90       0x5c /tmp/ccytRnoN.ltrans28.ltrans.o
                0x0000000008008a90                usbInitEndpointI
 *fill*         0x0000000008008aec        0x4 
 .text.usbDisableEndpointsI
                0x0000000008008af0       0x50 /tmp/ccytRnoN.ltrans28.ltrans.o
                0x0000000008008af0                usbDisableEndpointsI
 .text.usbStartReceiveI
                0x0000000008008b40       0x60 /tmp/ccytRnoN.ltrans28.ltrans.o
                0x0000000008008b40                usbStartReceiveI
 .text.usbStartTransmitI
                0x0000000008008ba0       0x60 /tmp/ccytRnoN.ltrans28.ltrans.o
                0x0000000008008ba0                usbStartTransmitI
 .text._usb_reset
                0x0000000008008c00       0x7c /tmp/ccytRnoN.ltrans28.ltrans.o
                0x0000000008008c00                _usb_reset
 *fill*         0x0000000008008c7c        0x4 
 .text._usb_suspend
                0x0000000008008c80       0x34 /tmp/ccytRnoN.ltrans28.ltrans.o
                0x0000000008008c80                _usb_suspend
 *fill*         0x0000000008008cb4        0xc 
 .text._usb_wakeup
                0x0000000008008cc0       0x2c /tmp/ccytRnoN.ltrans28.ltrans.o
                0x0000000008008cc0                _usb_wakeup
 *fill*         0x0000000008008cec        0x4 
 .text._usb_ep0setup
                0x0000000008008cf0      0x160 /tmp/ccytRnoN.ltrans28.ltrans.o
                0x0000000008008cf0                _usb_ep0setup
 .text._usb_ep0in
                0x0000000008008e50      0x134 /tmp/ccytRnoN.ltrans28.ltrans.o
                0x0000000008008e50                _usb_ep0in
 *fill*         0x0000000008008f84        0xc 
 .text._usb_ep0out
                0x0000000008008f90       0xec /tmp/ccytRnoN.ltrans28.ltrans.o
                0x0000000008008f90                _usb_ep0out
 *fill*         0x000000000800907c        0x4 
 .text.nvicEnableVector
                0x0000000008009080       0x54 /tmp/ccytRnoN.ltrans28.ltrans.o
                0x0000000008009080                nvicEnableVector
 *fill*         0x00000000080090d4        0xc 
 .text.port_lock.lto_priv.687
                0x00000000080090e0       0x10 /tmp/ccytRnoN.ltrans28.ltrans.o
 .text.port_unlock.lto_priv.685
                0x00000000080090f0       0x10 /tmp/ccytRnoN.ltrans28.ltrans.o
 .text.port_lock_from_isr.lto_priv.683
                0x0000000008009100        0x8 /tmp/ccytRnoN.ltrans28.ltrans.o
 *fill*         0x0000000008009108        0x8 
 .text.port_unlock_from_isr.lto_priv.681
                0x0000000008009110        0x8 /tmp/ccytRnoN.ltrans28.ltrans.o
 *fill*         0x0000000008009118        0x8 
 .text.chSysLockFromISR.lto_priv.679
                0x0000000008009120        0x8 /tmp/ccytRnoN.ltrans28.ltrans.o
 *fill*         0x0000000008009128        0x8 
 .text.chSysUnlockFromISR.lto_priv.677
                0x0000000008009130        0x8 /tmp/ccytRnoN.ltrans28.ltrans.o
 *fill*         0x0000000008009138        0x8 
 .text.osalSysLockFromISR.lto_priv.675
                0x0000000008009140        0x8 /tmp/ccytRnoN.ltrans28.ltrans.o
 *fill*         0x0000000008009148        0x8 
 .text.osalSysUnlockFromISR.lto_priv.672
                0x0000000008009150        0x8 /tmp/ccytRnoN.ltrans28.ltrans.o
 *fill*         0x0000000008009158        0x8 
 .text.osalThreadDequeueAllI.lto_priv.669
                0x0000000008009160       0x18 /tmp/ccytRnoN.ltrans28.ltrans.o
 *fill*         0x0000000008009178        0x8 
 .text.Vector58
                0x0000000008009180       0x60 /tmp/ccytRnoN.ltrans28.ltrans.o
                0x0000000008009180                Vector58
 .text.Vector5C
                0x00000000080091e0       0x64 /tmp/ccytRnoN.ltrans28.ltrans.o
                0x00000000080091e0                Vector5C
 *fill*         0x0000000008009244        0xc 
 .text.Vector60
                0x0000000008009250       0x64 /tmp/ccytRnoN.ltrans28.ltrans.o
                0x0000000008009250                Vector60
 *fill*         0x00000000080092b4        0xc 
 .text.Vector64
                0x00000000080092c0       0x64 /tmp/ccytRnoN.ltrans28.ltrans.o
                0x00000000080092c0                Vector64
 *fill*         0x0000000008009324        0xc 
 .text.Vector68
                0x0000000008009330       0x64 /tmp/ccytRnoN.ltrans28.ltrans.o
                0x0000000008009330                Vector68
 *fill*         0x0000000008009394        0xc 
 .text.Vector9C
                0x00000000080093a0      0x138 /tmp/ccytRnoN.ltrans28.ltrans.o
                0x00000000080093a0                Vector9C
 *fill*         0x00000000080094d8        0x8 
 .text.VectorE0
                0x00000000080094e0      0x180 /tmp/ccytRnoN.ltrans28.ltrans.o
                0x00000000080094e0                VectorE0
 .text.irqInit  0x0000000008009660       0x3c /tmp/ccytRnoN.ltrans28.ltrans.o
 *fill*         0x000000000800969c        0x4 
 .text.hal_lld_backup_domain_init
                0x00000000080096a0       0x40 /tmp/ccytRnoN.ltrans28.ltrans.o
 .text.hal_lld_init
                0x00000000080096e0       0x78 /tmp/ccytRnoN.ltrans28.ltrans.o
                0x00000000080096e0                hal_lld_init
 *fill*         0x0000000008009758        0x8 
 .text.stm32_clock_init
                0x0000000008009760      0x138 /tmp/ccytRnoN.ltrans28.ltrans.o
                0x0000000008009760                stm32_clock_init
 *fill*         0x0000000008009898        0x8 
 .text.port_lock.lto_priv.688
                0x00000000080098a0       0x10 /tmp/ccytRnoN.ltrans28.ltrans.o
 .text.port_unlock.lto_priv.686
                0x00000000080098b0       0x10 /tmp/ccytRnoN.ltrans28.ltrans.o
 .text.port_lock_from_isr.lto_priv.684
                0x00000000080098c0        0x8 /tmp/ccytRnoN.ltrans28.ltrans.o
 *fill*         0x00000000080098c8        0x8 
 .text.port_unlock_from_isr.lto_priv.682
                0x00000000080098d0        0x8 /tmp/ccytRnoN.ltrans28.ltrans.o
 *fill*         0x00000000080098d8        0x8 
 .text.chSysLockFromISR.lto_priv.680
                0x00000000080098e0        0x8 /tmp/ccytRnoN.ltrans28.ltrans.o
 *fill*         0x00000000080098e8        0x8 
 .text.chSysUnlockFromISR.lto_priv.678
                0x00000000080098f0        0x8 /tmp/ccytRnoN.ltrans28.ltrans.o
 *fill*         0x00000000080098f8        0x8 
 .text.osalSysLockFromISR.lto_priv.676
                0x0000000008009900        0x8 /tmp/ccytRnoN.ltrans28.ltrans.o
 *fill*         0x0000000008009908        0x8 
 .text.osalSysUnlockFromISR.lto_priv.673
                0x0000000008009910        0x8 /tmp/ccytRnoN.ltrans28.ltrans.o
 *fill*         0x0000000008009918        0x8 
 .text.osalThreadDequeueAllI.lto_priv.670
                0x0000000008009920       0x18 /tmp/ccytRnoN.ltrans28.ltrans.o
 *fill*         0x0000000008009938        0x8 
 .text.osalEventBroadcastFlagsI
                0x0000000008009940       0x18 /tmp/ccytRnoN.ltrans28.ltrans.o
 *fill*         0x0000000008009958        0x8 
 .text.can_lld_set_filters
                0x0000000008009960      0x208 /tmp/ccytRnoN.ltrans28.ltrans.o
 *fill*         0x0000000008009b68        0x8 
 .text.can_lld_tx_handler
                0x0000000008009b70       0xb4 /tmp/ccytRnoN.ltrans28.ltrans.o
 *fill*         0x0000000008009c24        0xc 
 .text.can_lld_rx0_handler
                0x0000000008009c30       0x74 /tmp/ccytRnoN.ltrans28.ltrans.o
 *fill*         0x0000000008009ca4        0xc 
 .text.can_lld_rx1_handler
                0x0000000008009cb0       0x74 /tmp/ccytRnoN.ltrans28.ltrans.o
 *fill*         0x0000000008009d24        0xc 
 .text.can_lld_sce_handler
                0x0000000008009d30       0x84 /tmp/ccytRnoN.ltrans28.ltrans.o
 *fill*         0x0000000008009db4        0xc 
 .text.Vector8C
                0x0000000008009dc0       0x14 /tmp/ccytRnoN.ltrans28.ltrans.o
                0x0000000008009dc0                Vector8C
 *fill*         0x0000000008009dd4        0xc 
 .text.Vector90
                0x0000000008009de0       0x14 /tmp/ccytRnoN.ltrans28.ltrans.o
                0x0000000008009de0                Vector90
 *fill*         0x0000000008009df4        0xc 
 .text.Vector94
                0x0000000008009e00       0x14 /tmp/ccytRnoN.ltrans28.ltrans.o
                0x0000000008009e00                Vector94
 *fill*         0x0000000008009e14        0xc 
 .text.Vector98
                0x0000000008009e20       0x14 /tmp/ccytRnoN.ltrans28.ltrans.o
                0x0000000008009e20                Vector98
 *fill*         0x0000000008009e34        0xc 
 .text.can_lld_init
                0x0000000008009e40       0x44 /tmp/ccytRnoN.ltrans28.ltrans.o
                0x0000000008009e40                can_lld_init
 *fill*         0x0000000008009e84        0xc 
 .text.Vector6C
                0x0000000008009e90       0x3c /tmp/ccytRnoN.ltrans28.ltrans.o
                0x0000000008009e90                Vector6C
 *fill*         0x0000000008009ecc        0x4 
 .text.sdc_detect_bus_clk
                0x0000000008009ed0       0xf8 /tmp/ccytRnoN.ltrans29.ltrans.o
 *fill*         0x0000000008009fc8        0x8 
 .text.mmc_detect_bus_clk
                0x0000000008009fd0       0x64 /tmp/ccytRnoN.ltrans29.ltrans.o
 *fill*         0x000000000800a034        0xc 
 .text.detect_bus_clk
                0x000000000800a040       0x34 /tmp/ccytRnoN.ltrans29.ltrans.o
 *fill*         0x000000000800a074        0xc 
 .text.sdc_set_bus_width
                0x000000000800a080       0x7c /tmp/ccytRnoN.ltrans29.ltrans.o
 *fill*         0x000000000800a0fc        0x4 
 .text.mmc_set_bus_width
                0x000000000800a100       0x84 /tmp/ccytRnoN.ltrans29.ltrans.o
 *fill*         0x000000000800a184        0xc 
 .text._sdc_wait_for_transfer_state
                0x000000000800a190       0x58 /tmp/ccytRnoN.ltrans29.ltrans.o
                0x000000000800a190                _sdc_wait_for_transfer_state
 *fill*         0x000000000800a1e8        0x8 
 .text.sdcInit  0x000000000800a1f0        0x8 /tmp/ccytRnoN.ltrans29.ltrans.o
                0x000000000800a1f0                sdcInit
 *fill*         0x000000000800a1f8        0x8 
 .text.sdcObjectInit
                0x000000000800a200       0x2c /tmp/ccytRnoN.ltrans29.ltrans.o
                0x000000000800a200                sdcObjectInit
 *fill*         0x000000000800a22c        0x4 
 .text.sdcConnect
                0x000000000800a230      0x1b4 /tmp/ccytRnoN.ltrans29.ltrans.o
                0x000000000800a230                sdcConnect
 *fill*         0x000000000800a3e4        0xc 
 .text.sdcDisconnect
                0x000000000800a3f0       0x58 /tmp/ccytRnoN.ltrans29.ltrans.o
                0x000000000800a3f0                sdcDisconnect
 *fill*         0x000000000800a448        0x8 
 .text.sdcRead  0x000000000800a450       0x58 /tmp/ccytRnoN.ltrans29.ltrans.o
                0x000000000800a450                sdcRead
 *fill*         0x000000000800a4a8        0x8 
 .text.sdcWrite
                0x000000000800a4b0       0x58 /tmp/ccytRnoN.ltrans29.ltrans.o
                0x000000000800a4b0                sdcWrite
 *fill*         0x000000000800a508        0x8 
 .text.sdcSync  0x000000000800a510       0x38 /tmp/ccytRnoN.ltrans29.ltrans.o
                0x000000000800a510                sdcSync
 *fill*         0x000000000800a548        0x8 
 .text.sdcGetInfo
                0x000000000800a550       0x2c /tmp/ccytRnoN.ltrans29.ltrans.o
                0x000000000800a550                sdcGetInfo
 *fill*         0x000000000800a57c        0x4 
 .text.chEvtObjectInit.lto_priv.731
                0x000000000800a580       0x10 /tmp/ccytRnoN.ltrans29.ltrans.o
 .text.osalEventObjectInit.lto_priv.721
                0x000000000800a590       0x14 /tmp/ccytRnoN.ltrans29.ltrans.o
 *fill*         0x000000000800a5a4        0xc 
 .text.osalEventBroadcastFlagsI.lto_priv.719
                0x000000000800a5b0       0x18 /tmp/ccytRnoN.ltrans29.ltrans.o
 *fill*         0x000000000800a5c8        0x8 
 .text._write.lto_priv.140
                0x000000000800a5d0       0x28 /tmp/ccytRnoN.ltrans29.ltrans.o
                0x000000000800a5d0                _write.lto_priv.140
 *fill*         0x000000000800a5f8        0x8 
 .text._read.lto_priv.142
                0x000000000800a600       0x28 /tmp/ccytRnoN.ltrans29.ltrans.o
                0x000000000800a600                _read.lto_priv.142
 *fill*         0x000000000800a628        0x8 
 .text._put.lto_priv.133
                0x000000000800a630       0x28 /tmp/ccytRnoN.ltrans29.ltrans.o
                0x000000000800a630                _put.lto_priv.133
 *fill*         0x000000000800a658        0x8 
 .text._get.lto_priv.136
                0x000000000800a660       0x20 /tmp/ccytRnoN.ltrans29.ltrans.o
                0x000000000800a660                _get.lto_priv.136
 .text._putt.lto_priv.144
                0x000000000800a680       0x28 /tmp/ccytRnoN.ltrans29.ltrans.o
                0x000000000800a680                _putt.lto_priv.144
 *fill*         0x000000000800a6a8        0x8 
 .text._gett.lto_priv.146
                0x000000000800a6b0       0x20 /tmp/ccytRnoN.ltrans29.ltrans.o
                0x000000000800a6b0                _gett.lto_priv.146
 .text._writet.lto_priv.148
                0x000000000800a6d0       0x28 /tmp/ccytRnoN.ltrans29.ltrans.o
                0x000000000800a6d0                _writet.lto_priv.148
 *fill*         0x000000000800a6f8        0x8 
 .text._readt.lto_priv.150
                0x000000000800a700       0x28 /tmp/ccytRnoN.ltrans29.ltrans.o
                0x000000000800a700                _readt.lto_priv.150
 *fill*         0x000000000800a728        0x8 
 .text._ctl.lto_priv.152
                0x000000000800a730       0x1c /tmp/ccytRnoN.ltrans29.ltrans.o
                0x000000000800a730                _ctl.lto_priv.152
 *fill*         0x000000000800a74c        0x4 
 .text.sdInit   0x000000000800a750        0x8 /tmp/ccytRnoN.ltrans29.ltrans.o
                0x000000000800a750                sdInit
 *fill*         0x000000000800a758        0x8 
 .text.sdObjectInit
                0x000000000800a760       0x60 /tmp/ccytRnoN.ltrans29.ltrans.o
                0x000000000800a760                sdObjectInit
 .text.sdIncomingDataI
                0x000000000800a7c0       0x4c /tmp/ccytRnoN.ltrans29.ltrans.o
                0x000000000800a7c0                sdIncomingDataI
 *fill*         0x000000000800a80c        0x4 
 .text.port_lock.lto_priv.716
                0x000000000800a810       0x10 /tmp/ccytRnoN.ltrans29.ltrans.o
 .text.port_unlock.lto_priv.713
                0x000000000800a820       0x10 /tmp/ccytRnoN.ltrans29.ltrans.o
 .text.port_lock_from_isr.lto_priv.710
                0x000000000800a830        0x8 /tmp/ccytRnoN.ltrans29.ltrans.o
 *fill*         0x000000000800a838        0x8 
 .text.port_unlock_from_isr.lto_priv.708
                0x000000000800a840        0x8 /tmp/ccytRnoN.ltrans29.ltrans.o
 *fill*         0x000000000800a848        0x8 
 .text.chSysLock.lto_priv.706
                0x000000000800a850        0x8 /tmp/ccytRnoN.ltrans29.ltrans.o
 *fill*         0x000000000800a858        0x8 
 .text.chSysUnlock.lto_priv.703
                0x000000000800a860        0x8 /tmp/ccytRnoN.ltrans29.ltrans.o
 *fill*         0x000000000800a868        0x8 
 .text.chSysLockFromISR.lto_priv.700
                0x000000000800a870        0x8 /tmp/ccytRnoN.ltrans29.ltrans.o
 *fill*         0x000000000800a878        0x8 
 .text.chSysUnlockFromISR.lto_priv.698
                0x000000000800a880        0x8 /tmp/ccytRnoN.ltrans29.ltrans.o
 *fill*         0x000000000800a888        0x8 
 .text.chEvtObjectInit.lto_priv.732
                0x000000000800a890       0x10 /tmp/ccytRnoN.ltrans29.ltrans.o
 .text.osalSysLock.lto_priv.730
                0x000000000800a8a0        0x8 /tmp/ccytRnoN.ltrans29.ltrans.o
 *fill*         0x000000000800a8a8        0x8 
 .text.osalSysUnlock.lto_priv.727
                0x000000000800a8b0        0x8 /tmp/ccytRnoN.ltrans29.ltrans.o
 *fill*         0x000000000800a8b8        0x8 
 .text.osalSysLockFromISR
                0x000000000800a8c0        0x8 /tmp/ccytRnoN.ltrans29.ltrans.o
 *fill*         0x000000000800a8c8        0x8 
 .text.osalSysUnlockFromISR
                0x000000000800a8d0        0x8 /tmp/ccytRnoN.ltrans29.ltrans.o
 *fill*         0x000000000800a8d8        0x8 
 .text.osalThreadDequeueAllI
                0x000000000800a8e0       0x18 /tmp/ccytRnoN.ltrans29.ltrans.o
 *fill*         0x000000000800a8f8        0x8 
 .text.osalEventObjectInit.lto_priv.722
                0x000000000800a900       0x14 /tmp/ccytRnoN.ltrans29.ltrans.o
 *fill*         0x000000000800a914        0xc 
 .text.osalEventBroadcastFlagsI.lto_priv.720
                0x000000000800a920       0x18 /tmp/ccytRnoN.ltrans29.ltrans.o
 *fill*         0x000000000800a938        0x8 
 .text.sdu_start_receive
                0x000000000800a940       0x80 /tmp/ccytRnoN.ltrans29.ltrans.o
 .text._write.lto_priv.141
                0x000000000800a9c0       0x28 /tmp/ccytRnoN.ltrans29.ltrans.o
                0x000000000800a9c0                _write.lto_priv.141
 *fill*         0x000000000800a9e8        0x8 
 .text._read.lto_priv.143
                0x000000000800a9f0       0x28 /tmp/ccytRnoN.ltrans29.ltrans.o
                0x000000000800a9f0                _read.lto_priv.143
 *fill*         0x000000000800aa18        0x8 
 .text._put.lto_priv.134
                0x000000000800aa20       0x28 /tmp/ccytRnoN.ltrans29.ltrans.o
                0x000000000800aa20                _put.lto_priv.134
 *fill*         0x000000000800aa48        0x8 
 .text._get.lto_priv.137
                0x000000000800aa50       0x20 /tmp/ccytRnoN.ltrans29.ltrans.o
                0x000000000800aa50                _get.lto_priv.137
 .text._putt.lto_priv.145
                0x000000000800aa70       0x28 /tmp/ccytRnoN.ltrans29.ltrans.o
                0x000000000800aa70                _putt.lto_priv.145
 *fill*         0x000000000800aa98        0x8 
 .text._gett.lto_priv.147
                0x000000000800aaa0       0x20 /tmp/ccytRnoN.ltrans29.ltrans.o
                0x000000000800aaa0                _gett.lto_priv.147
 .text._writet.lto_priv.149
                0x000000000800aac0       0x28 /tmp/ccytRnoN.ltrans29.ltrans.o
                0x000000000800aac0                _writet.lto_priv.149
 *fill*         0x000000000800aae8        0x8 
 .text._readt.lto_priv.151
                0x000000000800aaf0       0x28 /tmp/ccytRnoN.ltrans29.ltrans.o
                0x000000000800aaf0                _readt.lto_priv.151
 *fill*         0x000000000800ab18        0x8 
 .text._ctl.lto_priv.153
                0x000000000800ab20       0x1c /tmp/ccytRnoN.ltrans29.ltrans.o
                0x000000000800ab20                _ctl.lto_priv.153
 *fill*         0x000000000800ab3c        0x4 
 .text.ibnotify
                0x000000000800ab40       0x18 /tmp/ccytRnoN.ltrans29.ltrans.o
 *fill*         0x000000000800ab58        0x8 
 .text.obnotify
                0x000000000800ab60       0x7c /tmp/ccytRnoN.ltrans29.ltrans.o
 *fill*         0x000000000800abdc        0x4 
 .text.sduInit  0x000000000800abe0        0x4 /tmp/ccytRnoN.ltrans29.ltrans.o
                0x000000000800abe0                sduInit
 *fill*         0x000000000800abe4        0xc 
 .text.sduObjectInit
                0x000000000800abf0       0x74 /tmp/ccytRnoN.ltrans29.ltrans.o
                0x000000000800abf0                sduObjectInit
 *fill*         0x000000000800ac64        0xc 
 .text.sduStart
                0x000000000800ac70       0x68 /tmp/ccytRnoN.ltrans29.ltrans.o
                0x000000000800ac70                sduStart
 *fill*         0x000000000800acd8        0x8 
 .text.sduSuspendHookI
                0x000000000800ace0       0x44 /tmp/ccytRnoN.ltrans29.ltrans.o
                0x000000000800ace0                sduSuspendHookI
 *fill*         0x000000000800ad24        0xc 
 .text.sduWakeupHookI
                0x000000000800ad30       0x28 /tmp/ccytRnoN.ltrans29.ltrans.o
                0x000000000800ad30                sduWakeupHookI
 *fill*         0x000000000800ad58        0x8 
 .text.sduConfigureHookI
                0x000000000800ad60       0x40 /tmp/ccytRnoN.ltrans29.ltrans.o
                0x000000000800ad60                sduConfigureHookI
 .text.sduRequestsHook
                0x000000000800ada0       0x78 /tmp/ccytRnoN.ltrans29.ltrans.o
                0x000000000800ada0                sduRequestsHook
 *fill*         0x000000000800ae18        0x8 
 .text.sduSOFHookI
                0x000000000800ae20       0x7c /tmp/ccytRnoN.ltrans29.ltrans.o
                0x000000000800ae20                sduSOFHookI
 *fill*         0x000000000800ae9c        0x4 
 .text.sduDataTransmitted
                0x000000000800aea0       0xdc /tmp/ccytRnoN.ltrans29.ltrans.o
                0x000000000800aea0                sduDataTransmitted
 *fill*         0x000000000800af7c        0x4 
 .text.sduDataReceived
                0x000000000800af80       0x6c /tmp/ccytRnoN.ltrans29.ltrans.o
                0x000000000800af80                sduDataReceived
 *fill*         0x000000000800afec        0x4 
 .text.sduInterruptTransmitted
                0x000000000800aff0       0x10 /tmp/ccytRnoN.ltrans29.ltrans.o
                0x000000000800aff0                sduInterruptTransmitted
 .text.port_lock.lto_priv.717
                0x000000000800b000       0x10 /tmp/ccytRnoN.ltrans29.ltrans.o
 .text.port_unlock.lto_priv.714
                0x000000000800b010       0x10 /tmp/ccytRnoN.ltrans29.ltrans.o
 .text.port_lock_from_isr.lto_priv.711
                0x000000000800b020        0x8 /tmp/ccytRnoN.ltrans29.ltrans.o
 *fill*         0x000000000800b028        0x8 
 .text.port_unlock_from_isr.lto_priv.709
                0x000000000800b030        0x8 /tmp/ccytRnoN.ltrans29.ltrans.o
 *fill*         0x000000000800b038        0x8 
 .text.chSysLock.lto_priv.707
                0x000000000800b040        0x8 /tmp/ccytRnoN.ltrans29.ltrans.o
 *fill*         0x000000000800b048        0x8 
 .text.chSysUnlock.lto_priv.704
                0x000000000800b050        0x8 /tmp/ccytRnoN.ltrans29.ltrans.o
 *fill*         0x000000000800b058        0x8 
 .text.chSysLockFromISR.lto_priv.701
                0x000000000800b060        0x8 /tmp/ccytRnoN.ltrans29.ltrans.o
 *fill*         0x000000000800b068        0x8 
 .text.chSysUnlockFromISR.lto_priv.699
                0x000000000800b070        0x8 /tmp/ccytRnoN.ltrans29.ltrans.o
 *fill*         0x000000000800b078        0x8 
 .text.osalSysLock.lto_priv.694
                0x000000000800b080        0x8 /tmp/ccytRnoN.ltrans29.ltrans.o
                0x000000000800b080                osalSysLock.lto_priv.694
 *fill*         0x000000000800b088        0x8 
 .text.osalSysUnlock.lto_priv.692
                0x000000000800b090        0x8 /tmp/ccytRnoN.ltrans29.ltrans.o
                0x000000000800b090                osalSysUnlock.lto_priv.692
 *fill*         0x000000000800b098        0x8 
 .text.osalSysLockFromISR.lto_priv.674
                0x000000000800b0a0        0x8 /tmp/ccytRnoN.ltrans29.ltrans.o
                0x000000000800b0a0                osalSysLockFromISR.lto_priv.674
 *fill*         0x000000000800b0a8        0x8 
 .text.osalSysUnlockFromISR.lto_priv.671
                0x000000000800b0b0        0x8 /tmp/ccytRnoN.ltrans29.ltrans.o
                0x000000000800b0b0                osalSysUnlockFromISR.lto_priv.671
 *fill*         0x000000000800b0b8        0x8 
 .text.get_hword.lto_priv.689
                0x000000000800b0c0       0x30 /tmp/ccytRnoN.ltrans29.ltrans.o
                0x000000000800b0c0                get_hword.lto_priv.689
 .text.set_address
                0x000000000800b0f0       0x3c /tmp/ccytRnoN.ltrans29.ltrans.o
 *fill*         0x000000000800b12c        0x4 
 .text.default_handler.lto_priv.690
                0x000000000800b130      0x3e0 /tmp/ccytRnoN.ltrans29.ltrans.o
                0x000000000800b130                default_handler.lto_priv.690
 .text.__core_init
                0x000000000800b510        0x4 /tmp/ccytRnoN.ltrans30.ltrans.o
                0x000000000800b510                __core_init
 *fill*         0x000000000800b514        0xc 
 .text.__late_init
                0x000000000800b520        0x4 /tmp/ccytRnoN.ltrans30.ltrans.o
                0x000000000800b520                __late_init
 *fill*         0x000000000800b524        0xc 
 .text.__default_exit
                0x000000000800b530        0x4 /tmp/ccytRnoN.ltrans30.ltrans.o
                0x000000000800b530                __default_exit
 *fill*         0x000000000800b534        0xc 
 .text.__init_ram_areas
                0x000000000800b540       0x64 /tmp/ccytRnoN.ltrans30.ltrans.o
                0x000000000800b540                __init_ram_areas
 *fill*         0x000000000800b5a4        0xc 
 .text.osalInit
                0x000000000800b5b0        0x4 /tmp/ccytRnoN.ltrans30.ltrans.o
 *fill*         0x000000000800b5b4        0xc 
 .text.halInit  0x000000000800b5c0       0x2c /tmp/ccytRnoN.ltrans30.ltrans.o
                0x000000000800b5c0                halInit
 *fill*         0x000000000800b5ec        0x4 
 .text.st_lld_start_alarm
                0x000000000800b5f0       0x20 /tmp/ccytRnoN.ltrans30.ltrans.o
 .text.st_lld_stop_alarm
                0x000000000800b610        0xc /tmp/ccytRnoN.ltrans30.ltrans.o
 *fill*         0x000000000800b61c        0x4 
 .text.st_lld_set_alarm
                0x000000000800b620       0x10 /tmp/ccytRnoN.ltrans30.ltrans.o
 .text.stInit   0x000000000800b630        0x8 /tmp/ccytRnoN.ltrans30.ltrans.o
 *fill*         0x000000000800b638        0x8 
 .text.stStartAlarm
                0x000000000800b640       0x14 /tmp/ccytRnoN.ltrans30.ltrans.o
                0x000000000800b640                stStartAlarm
 *fill*         0x000000000800b654        0xc 
 .text.stStopAlarm
                0x000000000800b660        0x8 /tmp/ccytRnoN.ltrans30.ltrans.o
                0x000000000800b660                stStopAlarm
 *fill*         0x000000000800b668        0x8 
 .text.stSetAlarm
                0x000000000800b670       0x14 /tmp/ccytRnoN.ltrans30.ltrans.o
                0x000000000800b670                stSetAlarm
 *fill*         0x000000000800b684        0xc 
 .text.chTimeAddX
                0x000000000800b690       0x14 /tmp/ccytRnoN.ltrans30.ltrans.o
 *fill*         0x000000000800b6a4        0xc 
 .text.chTimeDiffX
                0x000000000800b6b0       0x14 /tmp/ccytRnoN.ltrans30.ltrans.o
 *fill*         0x000000000800b6c4        0xc 
 .text.port_lock.lto_priv.757
                0x000000000800b6d0       0x10 /tmp/ccytRnoN.ltrans30.ltrans.o
 .text.port_unlock.lto_priv.752
                0x000000000800b6e0       0x10 /tmp/ccytRnoN.ltrans30.ltrans.o
 .text.st_lld_get_counter
                0x000000000800b6f0        0xc /tmp/ccytRnoN.ltrans30.ltrans.o
 *fill*         0x000000000800b6fc        0x4 
 .text.port_timer_get_time
                0x000000000800b700        0xc /tmp/ccytRnoN.ltrans30.ltrans.o
 *fill*         0x000000000800b70c        0x4 
 .text.queue_init.lto_priv.783
                0x000000000800b710       0x14 /tmp/ccytRnoN.ltrans30.ltrans.o
 *fill*         0x000000000800b724        0xc 
 .text.chSysLock.lto_priv.747
                0x000000000800b730        0x8 /tmp/ccytRnoN.ltrans30.ltrans.o
 *fill*         0x000000000800b738        0x8 
 .text.chSysUnlock.lto_priv.742
                0x000000000800b740        0x8 /tmp/ccytRnoN.ltrans30.ltrans.o
 *fill*         0x000000000800b748        0x8 
 .text.chVTGetSystemTimeX
                0x000000000800b750        0xc /tmp/ccytRnoN.ltrans30.ltrans.o
 *fill*         0x000000000800b75c        0x4 
 .text.chThdQueueObjectInit.lto_priv.780
                0x000000000800b760       0x14 /tmp/ccytRnoN.ltrans30.ltrans.o
 *fill*         0x000000000800b774        0xc 
 .text.osalSysLock.lto_priv.770
                0x000000000800b780        0x8 /tmp/ccytRnoN.ltrans30.ltrans.o
 *fill*         0x000000000800b788        0x8 
 .text.osalSysUnlock.lto_priv.766
                0x000000000800b790        0x8 /tmp/ccytRnoN.ltrans30.ltrans.o
 *fill*         0x000000000800b798        0x8 
 .text.osalOsGetSystemTimeX
                0x000000000800b7a0        0xc /tmp/ccytRnoN.ltrans30.ltrans.o
 *fill*         0x000000000800b7ac        0x4 
 .text.osalTimeAddX
                0x000000000800b7b0       0x1c /tmp/ccytRnoN.ltrans30.ltrans.o
 *fill*         0x000000000800b7cc        0x4 
 .text.osalTimeDiffX
                0x000000000800b7d0       0x1c /tmp/ccytRnoN.ltrans30.ltrans.o
 *fill*         0x000000000800b7ec        0x4 
 .text.osalThreadQueueObjectInit.lto_priv.777
                0x000000000800b7f0       0x14 /tmp/ccytRnoN.ltrans30.ltrans.o
 *fill*         0x000000000800b804        0xc 
 .text.osalThreadEnqueueTimeoutS.lto_priv.762
                0x000000000800b810       0x1c /tmp/ccytRnoN.ltrans30.ltrans.o
 *fill*         0x000000000800b82c        0x4 
 .text.osalThreadDequeueNextI.lto_priv.786
                0x000000000800b830       0x18 /tmp/ccytRnoN.ltrans30.ltrans.o
 *fill*         0x000000000800b848        0x8 
 .text.osalThreadDequeueAllI.lto_priv.774
                0x000000000800b850       0x18 /tmp/ccytRnoN.ltrans30.ltrans.o
 *fill*         0x000000000800b868        0x8 
 .text.ibqObjectInit
                0x000000000800b870       0x78 /tmp/ccytRnoN.ltrans30.ltrans.o
                0x000000000800b870                ibqObjectInit
 *fill*         0x000000000800b8e8        0x8 
 .text.ibqResetI
                0x000000000800b8f0       0x3c /tmp/ccytRnoN.ltrans30.ltrans.o
                0x000000000800b8f0                ibqResetI
 *fill*         0x000000000800b92c        0x4 
 .text.ibqGetEmptyBufferI
                0x000000000800b930       0x38 /tmp/ccytRnoN.ltrans30.ltrans.o
                0x000000000800b930                ibqGetEmptyBufferI
 *fill*         0x000000000800b968        0x8 
 .text.ibqPostFullBufferI
                0x000000000800b970       0x4c /tmp/ccytRnoN.ltrans30.ltrans.o
                0x000000000800b970                ibqPostFullBufferI
 *fill*         0x000000000800b9bc        0x4 
 .text.ibqGetFullBufferTimeoutS
                0x000000000800b9c0       0x5c /tmp/ccytRnoN.ltrans30.ltrans.o
 *fill*         0x000000000800ba1c        0x4 
 .text.ibqReleaseEmptyBufferS
                0x000000000800ba20       0x50 /tmp/ccytRnoN.ltrans30.ltrans.o
 .text.ibqGetTimeout
                0x000000000800ba70       0x60 /tmp/ccytRnoN.ltrans30.ltrans.o
                0x000000000800ba70                ibqGetTimeout
 .text.ibqReadTimeout
                0x000000000800bad0      0x128 /tmp/ccytRnoN.ltrans30.ltrans.o
                0x000000000800bad0                ibqReadTimeout
 *fill*         0x000000000800bbf8        0x8 
 .text.obqObjectInit
                0x000000000800bc00       0x78 /tmp/ccytRnoN.ltrans30.ltrans.o
                0x000000000800bc00                obqObjectInit
 *fill*         0x000000000800bc78        0x8 
 .text.obqResetI
                0x000000000800bc80       0x3c /tmp/ccytRnoN.ltrans30.ltrans.o
                0x000000000800bc80                obqResetI
 *fill*         0x000000000800bcbc        0x4 
 .text.obqGetFullBufferI
                0x000000000800bcc0       0x44 /tmp/ccytRnoN.ltrans30.ltrans.o
                0x000000000800bcc0                obqGetFullBufferI
 *fill*         0x000000000800bd04        0xc 
 .text.obqReleaseEmptyBufferI
                0x000000000800bd10       0x44 /tmp/ccytRnoN.ltrans30.ltrans.o
                0x000000000800bd10                obqReleaseEmptyBufferI
 *fill*         0x000000000800bd54        0xc 
 .text.obqGetEmptyBufferTimeoutS
                0x000000000800bd60       0x58 /tmp/ccytRnoN.ltrans30.ltrans.o
 *fill*         0x000000000800bdb8        0x8 
 .text.obqPostFullBufferS
                0x000000000800bdc0       0x58 /tmp/ccytRnoN.ltrans30.ltrans.o
 *fill*         0x000000000800be18        0x8 
 .text.obqPutTimeout
                0x000000000800be20       0x70 /tmp/ccytRnoN.ltrans30.ltrans.o
                0x000000000800be20                obqPutTimeout
 .text.obqWriteTimeout
                0x000000000800be90      0x130 /tmp/ccytRnoN.ltrans30.ltrans.o
                0x000000000800be90                obqWriteTimeout
 .text.obqTryFlushI
                0x000000000800bfc0       0x8c /tmp/ccytRnoN.ltrans30.ltrans.o
                0x000000000800bfc0                obqTryFlushI
 *fill*         0x000000000800c04c        0x4 
 .text.port_lock.lto_priv.758
                0x000000000800c050       0x10 /tmp/ccytRnoN.ltrans30.ltrans.o
 .text.port_unlock.lto_priv.753
                0x000000000800c060       0x10 /tmp/ccytRnoN.ltrans30.ltrans.o
 .text.queue_init.lto_priv.784
                0x000000000800c070       0x14 /tmp/ccytRnoN.ltrans30.ltrans.o
 *fill*         0x000000000800c084        0xc 
 .text.chSysLock.lto_priv.748
                0x000000000800c090        0x8 /tmp/ccytRnoN.ltrans30.ltrans.o
 *fill*         0x000000000800c098        0x8 
 .text.chSysUnlock.lto_priv.743
                0x000000000800c0a0        0x8 /tmp/ccytRnoN.ltrans30.ltrans.o
 *fill*         0x000000000800c0a8        0x8 
 .text.chThdQueueObjectInit.lto_priv.781
                0x000000000800c0b0       0x14 /tmp/ccytRnoN.ltrans30.ltrans.o
 *fill*         0x000000000800c0c4        0xc 
 .text.osalSysLock.lto_priv.771
                0x000000000800c0d0        0x8 /tmp/ccytRnoN.ltrans30.ltrans.o
 *fill*         0x000000000800c0d8        0x8 
 .text.osalSysUnlock.lto_priv.767
                0x000000000800c0e0        0x8 /tmp/ccytRnoN.ltrans30.ltrans.o
 *fill*         0x000000000800c0e8        0x8 
 .text.osalThreadQueueObjectInit.lto_priv.778
                0x000000000800c0f0       0x14 /tmp/ccytRnoN.ltrans30.ltrans.o
 *fill*         0x000000000800c104        0xc 
 .text.osalThreadEnqueueTimeoutS.lto_priv.763
                0x000000000800c110       0x1c /tmp/ccytRnoN.ltrans30.ltrans.o
 *fill*         0x000000000800c12c        0x4 
 .text.osalThreadDequeueNextI.lto_priv.787
                0x000000000800c130       0x18 /tmp/ccytRnoN.ltrans30.ltrans.o
 *fill*         0x000000000800c148        0x8 
 .text.iq_read  0x000000000800c150       0xbc /tmp/ccytRnoN.ltrans30.ltrans.o
 *fill*         0x000000000800c20c        0x4 
 .text.oq_write
                0x000000000800c210       0xbc /tmp/ccytRnoN.ltrans30.ltrans.o
 *fill*         0x000000000800c2cc        0x4 
 .text.iqObjectInit
                0x000000000800c2d0       0x48 /tmp/ccytRnoN.ltrans30.ltrans.o
                0x000000000800c2d0                iqObjectInit
 *fill*         0x000000000800c318        0x8 
 .text.iqPutI   0x000000000800c320       0x80 /tmp/ccytRnoN.ltrans30.ltrans.o
                0x000000000800c320                iqPutI
 .text.iqGetTimeout
                0x000000000800c3a0       0x80 /tmp/ccytRnoN.ltrans30.ltrans.o
                0x000000000800c3a0                iqGetTimeout
 .text.iqReadTimeout
                0x000000000800c420       0x7c /tmp/ccytRnoN.ltrans30.ltrans.o
                0x000000000800c420                iqReadTimeout
 *fill*         0x000000000800c49c        0x4 
 .text.oqObjectInit
                0x000000000800c4a0       0x48 /tmp/ccytRnoN.ltrans30.ltrans.o