Archive member included to satisfy reference by file (symbol)

/home/ksg/bin/gcc-arm/gcc-arm-none-eabi-6-2017-q2-update/bin/../lib/gcc/arm-none-eabi/6.3.1/../../../../arm-none-eabi/lib/thumb/v7e-m/libg.a(lib_a-memcpy.o)
                              /tmp/ccxHBcHG.ltrans7.ltrans.o (memcpy)
/home/ksg/bin/gcc-arm/gcc-arm-none-eabi-6-2017-q2-update/bin/../lib/gcc/arm-none-eabi/6.3.1/../../../../arm-none-eabi/lib/thumb/v7e-m/libg.a(lib_a-memset.o)
                              /tmp/ccxHBcHG.ltrans0.ltrans.o (memset)
/home/ksg/bin/gcc-arm/gcc-arm-none-eabi-6-2017-q2-update/bin/../lib/gcc/arm-none-eabi/6.3.1/../../../../arm-none-eabi/lib/thumb/v7e-m/libg.a(lib_a-strncmp.o)
                              /tmp/ccxHBcHG.ltrans2.ltrans.o (strncmp)
/home/ksg/bin/gcc-arm/gcc-arm-none-eabi-6-2017-q2-update/bin/../lib/gcc/arm-none-eabi/6.3.1/../../../../arm-none-eabi/lib/thumb/v7e-m/libg.a(lib_a-strncpy.o)
                              /tmp/ccxHBcHG.ltrans2.ltrans.o (strncpy)

Discarded input sections

 .data          0x0000000000000000        0x0 build/obj/crt0_v7m.o
 .bss           0x0000000000000000        0x0 build/obj/crt0_v7m.o
 .data          0x0000000000000000        0x0 build/obj/vectors.o
 .bss           0x0000000000000000        0x0 build/obj/vectors.o
 .data          0x0000000000000000        0x0 build/obj/chcoreasm_v7m.o
 .bss           0x0000000000000000        0x0 build/obj/chcoreasm_v7m.o
 .text          0x0000000000000000        0x0 build/obj/crt1.o (symbol from plugin)
 .text          0x0000000000000000        0x0 /tmp/ccxHBcHG.ltrans0.ltrans.o
 .data          0x0000000000000000        0x0 /tmp/ccxHBcHG.ltrans0.ltrans.o
 .bss           0x0000000000000000        0x0 /tmp/ccxHBcHG.ltrans0.ltrans.o
 .text          0x0000000000000000        0x0 /tmp/ccxHBcHG.ltrans1.ltrans.o
 .data          0x0000000000000000        0x0 /tmp/ccxHBcHG.ltrans1.ltrans.o
 .bss           0x0000000000000000        0x0 /tmp/ccxHBcHG.ltrans1.ltrans.o
 .text          0x0000000000000000        0x0 /tmp/ccxHBcHG.ltrans2.ltrans.o
 .data          0x0000000000000000        0x0 /tmp/ccxHBcHG.ltrans2.ltrans.o
 .bss           0x0000000000000000        0x0 /tmp/ccxHBcHG.ltrans2.ltrans.o
 .text          0x0000000000000000        0x0 /tmp/ccxHBcHG.ltrans3.ltrans.o
 .data          0x0000000000000000        0x0 /tmp/ccxHBcHG.ltrans3.ltrans.o
 .bss           0x0000000000000000        0x0 /tmp/ccxHBcHG.ltrans3.ltrans.o
 .text          0x0000000000000000        0x0 /tmp/ccxHBcHG.ltrans4.ltrans.o
 .data          0x0000000000000000        0x0 /tmp/ccxHBcHG.ltrans4.ltrans.o
 .bss           0x0000000000000000        0x0 /tmp/ccxHBcHG.ltrans4.ltrans.o
 .text          0x0000000000000000        0x0 /tmp/ccxHBcHG.ltrans5.ltrans.o
 .data          0x0000000000000000        0x0 /tmp/ccxHBcHG.ltrans5.ltrans.o
 .bss           0x0000000000000000        0x0 /tmp/ccxHBcHG.ltrans5.ltrans.o
 .text          0x0000000000000000        0x0 /tmp/ccxHBcHG.ltrans6.ltrans.o
 .data          0x0000000000000000        0x0 /tmp/ccxHBcHG.ltrans6.ltrans.o
 .bss           0x0000000000000000        0x0 /tmp/ccxHBcHG.ltrans6.ltrans.o
 .text          0x0000000000000000        0x0 /tmp/ccxHBcHG.ltrans7.ltrans.o
 .data          0x0000000000000000        0x0 /tmp/ccxHBcHG.ltrans7.ltrans.o
 .bss           0x0000000000000000        0x0 /tmp/ccxHBcHG.ltrans7.ltrans.o
 .text          0x0000000000000000        0x0 /tmp/ccxHBcHG.ltrans8.ltrans.o
 .data          0x0000000000000000        0x0 /tmp/ccxHBcHG.ltrans8.ltrans.o
 .bss           0x0000000000000000        0x0 /tmp/ccxHBcHG.ltrans8.ltrans.o
 .text          0x0000000000000000        0x0 /tmp/ccxHBcHG.ltrans9.ltrans.o
 .data          0x0000000000000000        0x0 /tmp/ccxHBcHG.ltrans9.ltrans.o
 .bss           0x0000000000000000        0x0 /tmp/ccxHBcHG.ltrans9.ltrans.o
 .text          0x0000000000000000        0x0 build/obj/hal.o (symbol from plugin)
 .text          0x0000000000000000        0x0 build/obj/hal_st.o (symbol from plugin)
 .text          0x0000000000000000        0x0 build/obj/hal_buffers.o (symbol from plugin)
 .text          0x0000000000000000        0x0 build/obj/hal_queues.o (symbol from plugin)
 .text          0x0000000000000000        0x0 build/obj/hal_mmcsd.o (symbol from plugin)
 .text          0x0000000000000000        0x0 build/obj/hal_pal.o (symbol from plugin)
 .text          0x0000000000000000        0x0 build/obj/hal_serial.o (symbol from plugin)
 .text          0x0000000000000000        0x0 build/obj/nvic.o (symbol from plugin)
 .text          0x0000000000000000        0x0 build/obj/stm32_isr.o (symbol from plugin)
 .text          0x0000000000000000        0x0 build/obj/hal_lld.o (symbol from plugin)
 .text          0x0000000000000000        0x0 build/obj/stm32_dma.o (symbol from plugin)
 .text          0x0000000000000000        0x0 build/obj/hal_pal_lld.o (symbol from plugin)
 .text          0x0000000000000000        0x0 build/obj/hal_st_lld.o (symbol from plugin)
[...]
Memory Configuration

Name             Origin             Length             Attributes
flash0           0x0000000008000000 0x0000000000200000
flash1           0x0000000000200000 0x0000000000200000
flash2           0x0000000000000000 0x0000000000000000
flash3           0x0000000000000000 0x0000000000000000
flash4           0x0000000000000000 0x0000000000000000
flash5           0x0000000000000000 0x0000000000000000
flash6           0x0000000000000000 0x0000000000000000
flash7           0x0000000000000000 0x0000000000000000
ram0             0x0000000020020000 0x0000000000060000
ram1             0x0000000020020000 0x000000000005c000
ram2             0x000000002007c000 0x0000000000004000
ram3             0x0000000020000000 0x0000000000020000
ram4             0x0000000000000000 0x0000000000004000
ram5             0x0000000040024000 0x0000000000001000
ram6             0x0000000000000000 0x0000000000000000
ram7             0x0000000000000000 0x0000000000000000
*default*        0x0000000000000000 0xffffffffffffffff

Linker script and memory map

LOAD build/obj/crt0_v7m.o
LOAD build/obj/vectors.o
LOAD build/obj/chcoreasm_v7m.o
LOAD build/obj/crt1.o
LOAD /tmp/ccxHBcHG.ltrans0.ltrans.o
LOAD /tmp/ccxHBcHG.ltrans1.ltrans.o
LOAD /tmp/ccxHBcHG.ltrans2.ltrans.o
LOAD /tmp/ccxHBcHG.ltrans3.ltrans.o
LOAD /tmp/ccxHBcHG.ltrans4.ltrans.o
LOAD /tmp/ccxHBcHG.ltrans5.ltrans.o
LOAD /tmp/ccxHBcHG.ltrans6.ltrans.o
LOAD /tmp/ccxHBcHG.ltrans7.ltrans.o
LOAD /tmp/ccxHBcHG.ltrans8.ltrans.o
LOAD /tmp/ccxHBcHG.ltrans9.ltrans.o
LOAD build/obj/hal.o
LOAD build/obj/hal_st.o
LOAD build/obj/hal_buffers.o
LOAD build/obj/hal_queues.o
LOAD build/obj/hal_mmcsd.o
LOAD build/obj/hal_pal.o
LOAD build/obj/hal_serial.o
LOAD build/obj/nvic.o
LOAD build/obj/stm32_isr.o
LOAD build/obj/hal_lld.o
LOAD build/obj/stm32_dma.o
LOAD build/obj/hal_pal_lld.o
LOAD build/obj/hal_st_lld.o
LOAD build/obj/hal_serial_lld.o
LOAD build/obj/board.o
LOAD build/obj/osal.o
LOAD build/obj/chsys.o
LOAD build/obj/chdebug.o
LOAD build/obj/chtrace.o
LOAD build/obj/chvt.o
LOAD build/obj/chschd.o
LOAD build/obj/chthreads.o
LOAD build/obj/chtm.o
LOAD build/obj/chregistry.o
LOAD build/obj/chsem.o
LOAD build/obj/chmtx.o
LOAD build/obj/chcond.o
LOAD build/obj/chevents.o
LOAD build/obj/chmsg.o
LOAD build/obj/chdynamic.o
LOAD build/obj/chmboxes.o
LOAD build/obj/chmemcore.o
LOAD build/obj/chheap.o
LOAD build/obj/chmempools.o
LOAD build/obj/chfactory.o
LOAD build/obj/chcore.o
LOAD build/obj/chcore_v7m.o
LOAD build/obj/ch_test.o
LOAD build/obj/rt_test_root.o
LOAD build/obj/rt_test_sequence_001.o
LOAD build/obj/rt_test_sequence_002.o
LOAD build/obj/rt_test_sequence_003.o
LOAD build/obj/rt_test_sequence_004.o
LOAD build/obj/rt_test_sequence_005.o
LOAD build/obj/rt_test_sequence_006.o
LOAD build/obj/rt_test_sequence_007.o
LOAD build/obj/rt_test_sequence_008.o
LOAD build/obj/rt_test_sequence_009.o
LOAD build/obj/rt_test_sequence_010.o
LOAD build/obj/oslib_test_root.o
LOAD build/obj/oslib_test_sequence_001.o
LOAD build/obj/oslib_test_sequence_002.o
LOAD build/obj/oslib_test_sequence_003.o
LOAD build/obj/oslib_test_sequence_004.o
LOAD build/obj/main.o

.mstack         0x0000000020000000      0x400
                0x0000000020000000                . = ALIGN (0x8)
                0x0000000020000000                __main_stack_base__ = .
                0x0000000020000400                . = (. + __main_stack_size__)
 *fill*         0x0000000020000000      0x400 
                0x0000000020000400                . = ALIGN (0x8)
                0x0000000020000400                __main_stack_end__ = .

.pstack         0x0000000020000400      0x400
                0x0000000020000400                __process_stack_base__ = .
                0x0000000020000400                __main_thread_stack_base__ = .
                0x0000000020000800                . = (. + __process_stack_size__)
 *fill*         0x0000000020000400      0x400 
                0x0000000020000800                . = ALIGN (0x8)
                0x0000000020000800                __process_stack_end__ = .
                0x0000000020000800                __main_thread_stack_end__ = .

.nocache        0x0000000020000800        0x0
                0x0000000020000800                __nocache_base__ = .
 *(.nocache)
 *(.nocache.*)
 *(.bss.__nocache_*)
                0x0000000020000800                . = ALIGN (0x4)
                0x0000000020000800                __nocache_end__ = .

.eth            0x0000000020000800        0x0
                0x0000000020000800                __eth_base__ = .
 *(.eth)
 *(.eth.*)
 *(.bss.__eth_*)
                0x0000000020000800                . = ALIGN (0x4)
                0x0000000020000800                __eth_end__ = .

.vectors        0x0000000000200000      0x200 load address 0x0000000008000000
 *(.vectors)
 .vectors       0x0000000000200000      0x200 build/obj/vectors.o
                0x0000000000200000                _vectors

.xtors          0x0000000000200200        0x0 load address 0x0000000008000200
                0x0000000000200200                __init_array_start = .
 *(SORT(.init_array.*))
 *(.init_array)
                0x0000000000200200                __init_array_end = .
                0x0000000000200200                __fini_array_start = .
 *(.fini_array)
 *(SORT(.fini_array.*))
                0x0000000000200200                __fini_array_end = .

.text           0x0000000000200200     0x7b6c load address 0x0000000008000200
 *(.text)
 .text          0x0000000000200200       0xd8 build/obj/crt0_v7m.o
                0x0000000000200200                _crt0_entry
 .text          0x00000000002002d8        0x8 build/obj/vectors.o
                0x00000000002002d8                Reset_Handler
                0x00000000002002da                VectorE8
                0x00000000002002da                VectorAC
                0x00000000002002da                DebugMon_Handler
                0x00000000002002da                Vector1A0
                0x00000000002002da                Vector11C
                0x00000000002002da                HardFault_Handler
                0x00000000002002da                Vector1B8
                0x00000000002002da                Vector1F0
                0x00000000002002da                Vector19C
                0x00000000002002da                Vector1EC
                0x00000000002002da                Vector8C
                0x00000000002002da                SysTick_Handler
                0x00000000002002da                VectorDC
                0x00000000002002da                PendSV_Handler
                0x00000000002002da                Vector168
                0x00000000002002da                NMI_Handler
                0x00000000002002da                Vector110
                0x00000000002002da                Vector120
                0x00000000002002da                Vector1D8
                0x00000000002002da                Vector1F4
                0x00000000002002da                VectorC8
                0x00000000002002da                Vector94
                0x00000000002002da                VectorA8
                0x00000000002002da                VectorB4
                0x00000000002002da                Vector1FC
                0x00000000002002da                Vector74
                0x00000000002002da                Vector160
                0x00000000002002da                Vector1B0
                0x00000000002002da                UsageFault_Handler
                0x00000000002002da                VectorEC
                0x00000000002002da                Vector40
                0x00000000002002da                VectorF8
                0x00000000002002da                Vector108
                0x00000000002002da                VectorBC
                0x00000000002002da                Vector190
                0x00000000002002da                Vector1E0
                0x00000000002002da                Vector150
                0x00000000002002da                Vector1F8
                0x00000000002002da                Vector124
                0x00000000002002da                Vector1C4
                0x00000000002002da                Vector1CC
                0x00000000002002da                Vector1E4
                0x00000000002002da                Vector148
                0x00000000002002da                Vector188
                0x00000000002002da                Vector198
                0x00000000002002da                Vector118
                0x00000000002002da                VectorCC
                0x00000000002002da                Vector54
                0x00000000002002da                Vector98
                0x00000000002002da                VectorD8
                0x00000000002002da                Vector138
                0x00000000002002da                Vector24
                0x00000000002002da                Vector1AC
                0x00000000002002da                Vector178
                0x00000000002002da                Vector84
                0x00000000002002da                Vector1A4
                0x00000000002002da                VectorD0
                0x00000000002002da                Vector1B4
                0x00000000002002da                Vector140
                0x00000000002002da                VectorE4
                0x00000000002002da                VectorC0
                0x00000000002002da                Vector158
                0x00000000002002da                Vector130
                0x00000000002002da                Vector1C0
                0x00000000002002da                Vector134
                0x00000000002002da                Vector1D0
                0x00000000002002da                VectorF0
                0x00000000002002da                Vector12C
                0x00000000002002da                Vector13C
                0x00000000002002da                Vector100
                0x00000000002002da                VectorF4
                0x00000000002002da                MemManage_Handler
                0x00000000002002da                Vector6C
                0x00000000002002da                VectorA0
                0x00000000002002da                VectorC4
                0x00000000002002da                Vector7C
                0x00000000002002da                Vector180
                0x00000000002002da                Vector90
                0x00000000002002da                Vector114
                0x00000000002002da                Vector164
                0x00000000002002da                Vector1C
                0x00000000002002da                Vector1BC
                0x00000000002002da                Vector1D4
                0x00000000002002da                Vector17C
                0x00000000002002da                Vector48
                0x00000000002002da                Vector1A8
                0x00000000002002da                Vector16C
                0x00000000002002da                Vector70
                0x00000000002002da                Vector4C
                0x00000000002002da                Vector144
                0x00000000002002da                Vector80
                0x00000000002002da                Vector15C
                0x00000000002002da                Vector78
                0x00000000002002da                Vector1E8
                0x00000000002002da                Vector170
                0x00000000002002da                Vector88
                0x00000000002002da                Vector104
                0x00000000002002da                Vector184
                0x00000000002002da                Vector10C
                0x00000000002002da                Vector14C
                0x00000000002002da                BusFault_Handler
                0x00000000002002da                Vector50
                0x00000000002002da                Vector1C8
                0x00000000002002da                Vector194
                0x00000000002002da                Vector1DC
                0x00000000002002da                Vector154
                0x00000000002002da                Vector44
                0x00000000002002da                Vector28
                0x00000000002002da                VectorB8
                0x00000000002002da                VectorFC
                0x00000000002002da                Vector34
                0x00000000002002da                Vector128
                0x00000000002002da                VectorA4
                0x00000000002002da                Vector20
                0x00000000002002da                Vector18C
                0x00000000002002da                Vector174
                0x00000000002002dc                _unhandled_exception
 .text          0x00000000002002e0       0x28 build/obj/chcoreasm_v7m.o
                0x00000000002002e0                _port_switch
                0x00000000002002f0                _port_thread_start
                0x0000000000200300                _port_switch_from_isr
                0x0000000000200304                _port_exit_from_isr
 .text          0x0000000000200308      0x134 /home/ksg/bin/gcc-arm/gcc-arm-none-eabi-6-2017-q2-update/bin/../lib/gcc/arm-none-eabi/6.3.1/../../../../arm-none-eabi/lib/thumb/v7e-m/libg.a(lib_a-memcpy.o)
                0x0000000000200308                memcpy
 *(.text.*)
 *fill*         0x000000000020043c        0x4 
 .text.chThdDequeueNextI.constprop.75
                0x0000000000200440       0x20 /tmp/ccxHBcHG.ltrans0.ltrans.o
                0x0000000000200440                chThdDequeueNextI.constprop.75
 .text.chTMStartMeasurementX.constprop.62
                0x0000000000200460        0xc /tmp/ccxHBcHG.ltrans0.ltrans.o
                0x0000000000200460                chTMStartMeasurementX.constprop.62
 *fill*         0x000000000020046c        0x4 
 .text.chThdCreateStatic.constprop.61
                0x0000000000200470       0x98 /tmp/ccxHBcHG.ltrans0.ltrans.o
                0x0000000000200470                chThdCreateStatic.constprop.61
 *fill*         0x0000000000200508        0x8 
 .text.chSemWaitTimeout.constprop.58
                0x0000000000200510       0x50 /tmp/ccxHBcHG.ltrans0.ltrans.o
                0x0000000000200510                chSemWaitTimeout.constprop.58
 .text.chSemSignalWait.constprop.55
                0x0000000000200560       0x68 /tmp/ccxHBcHG.ltrans0.ltrans.o
                0x0000000000200560                chSemSignalWait.constprop.55
 *fill*         0x00000000002005c8        0x8 
 .text.chMtxTryLock.constprop.53
                0x00000000002005d0       0x34 /tmp/ccxHBcHG.ltrans0.ltrans.o
                0x00000000002005d0                chMtxTryLock.constprop.53
 *fill*         0x0000000000200604        0xc 
 .text.chCondSignal.constprop.51
                0x0000000000200610       0x28 /tmp/ccxHBcHG.ltrans0.ltrans.o
                0x0000000000200610                chCondSignal.constprop.51
 *fill*         0x0000000000200638        0x8 
 .text.chCondSignalI.constprop.50
                0x0000000000200640       0x24 /tmp/ccxHBcHG.ltrans0.ltrans.o
                0x0000000000200640                chCondSignalI.constprop.50
 *fill*         0x0000000000200664        0xc 
 .text.chEvtGetAndClearEvents.constprop.43
                0x0000000000200670       0x1c /tmp/ccxHBcHG.ltrans0.ltrans.o
                0x0000000000200670                chEvtGetAndClearEvents.constprop.43
 *fill*         0x000000000020068c        0x4 
 .text.chEvtWaitOne.constprop.39
                0x0000000000200690       0x34 /tmp/ccxHBcHG.ltrans0.ltrans.o
                0x0000000000200690                chEvtWaitOne.constprop.39
 *fill*         0x00000000002006c4        0xc 
 .text.chEvtWaitAny.constprop.38
                0x00000000002006d0       0x2c /tmp/ccxHBcHG.ltrans0.ltrans.o
                0x00000000002006d0                chEvtWaitAny.constprop.38
 *fill*         0x00000000002006fc        0x4 
 .text.chEvtWaitAll.constprop.37
                0x0000000000200700       0x38 /tmp/ccxHBcHG.ltrans0.ltrans.o
                0x0000000000200700                chEvtWaitAll.constprop.37
 *fill*         0x0000000000200738        0x8 
 .text.chHeapAllocAligned.constprop.33
                0x0000000000200740      0x10c /tmp/ccxHBcHG.ltrans0.ltrans.o
                0x0000000000200740                chHeapAllocAligned.constprop.33
 *fill*         0x000000000020084c        0x4 
 .text.chThdCreateFromHeap.constprop.32
                0x0000000000200850       0x58 /tmp/ccxHBcHG.ltrans0.ltrans.o
                0x0000000000200850                chThdCreateFromHeap.constprop.32
 *fill*         0x00000000002008a8        0x8 
 .text.chThdCreateFromMemoryPool.constprop.31
                0x00000000002008b0       0x5c /tmp/ccxHBcHG.ltrans0.ltrans.o
                0x00000000002008b0                chThdCreateFromMemoryPool.constprop.31
 *fill*         0x000000000020090c        0x4 
 .text.chMBReset.constprop.29
                0x0000000000200910       0x40 /tmp/ccxHBcHG.ltrans0.ltrans.o
                0x0000000000200910                chMBReset.constprop.29
 .text.chMBPostTimeout.constprop.27
                0x0000000000200950       0x78 /tmp/ccxHBcHG.ltrans0.ltrans.o
                0x0000000000200950                chMBPostTimeout.constprop.27
 *fill*         0x00000000002009c8        0x8 
 .text.chMBPostI.constprop.26
                0x00000000002009d0       0x48 /tmp/ccxHBcHG.ltrans0.ltrans.o
                0x00000000002009d0                chMBPostI.constprop.26
 *fill*         0x0000000000200a18        0x8 
 .text.chMBPostAheadTimeout.constprop.24
                0x0000000000200a20       0x78 /tmp/ccxHBcHG.ltrans0.ltrans.o
                0x0000000000200a20                chMBPostAheadTimeout.constprop.24
 *fill*         0x0000000000200a98        0x8 
 .text.chMBPostAheadI.constprop.23
                0x0000000000200aa0       0x48 /tmp/ccxHBcHG.ltrans0.ltrans.o
                0x0000000000200aa0                chMBPostAheadI.constprop.23
 *fill*         0x0000000000200ae8        0x8 
 .text.chMBFetchTimeout.constprop.21
                0x0000000000200af0       0x68 /tmp/ccxHBcHG.ltrans0.ltrans.o
                0x0000000000200af0                chMBFetchTimeout.constprop.21
 *fill*         0x0000000000200b58        0x8 
 .text.chMBFetchI.constprop.20
                0x0000000000200b60       0x44 /tmp/ccxHBcHG.ltrans0.ltrans.o
                0x0000000000200b60                chMBFetchI.constprop.20
 *fill*         0x0000000000200ba4        0xc 
 .text.chGuardedPoolAllocTimeout.constprop.15
                0x0000000000200bb0       0x6c /tmp/ccxHBcHG.ltrans0.ltrans.o
                0x0000000000200bb0                chGuardedPoolAllocTimeout.constprop.15
 *fill*         0x0000000000200c1c        0x4 
 .text.chFactoryRegisterObject.constprop.12
                0x0000000000200c20       0x30 /tmp/ccxHBcHG.ltrans0.ltrans.o
                0x0000000000200c20                chFactoryRegisterObject.constprop.12
 .text.chFactoryFindObject.constprop.11
                0x0000000000200c50       0x28 /tmp/ccxHBcHG.ltrans0.ltrans.o
                0x0000000000200c50                chFactoryFindObject.constprop.11
 *fill*         0x0000000000200c78        0x8 
 .text.chFactoryCreateBuffer.constprop.10
                0x0000000000200c80       0x38 /tmp/ccxHBcHG.ltrans0.ltrans.o
                0x0000000000200c80                chFactoryCreateBuffer.constprop.10
 *fill*         0x0000000000200cb8        0x8 
 .text.chFactoryFindBuffer.constprop.9
                0x0000000000200cc0       0x28 /tmp/ccxHBcHG.ltrans0.ltrans.o
                0x0000000000200cc0                chFactoryFindBuffer.constprop.9
 *fill*         0x0000000000200ce8        0x8 
 .text.chFactoryCreateSemaphore.constprop.8
                0x0000000000200cf0       0x38 /tmp/ccxHBcHG.ltrans0.ltrans.o
                0x0000000000200cf0                chFactoryCreateSemaphore.constprop.8
 *fill*         0x0000000000200d28        0x8 
 .text.chFactoryFindSemaphore.constprop.7
                0x0000000000200d30       0x28 /tmp/ccxHBcHG.ltrans0.ltrans.o
                0x0000000000200d30                chFactoryFindSemaphore.constprop.7
 *fill*         0x0000000000200d58        0x8 
 .text.chFactoryCreateMailbox.constprop.6
                0x0000000000200d60       0x54 /tmp/ccxHBcHG.ltrans0.ltrans.o
                0x0000000000200d60                chFactoryCreateMailbox.constprop.6
 *fill*         0x0000000000200db4        0xc 
 .text.chFactoryFindMailbox.constprop.5
                0x0000000000200dc0       0x28 /tmp/ccxHBcHG.ltrans0.ltrans.o
                0x0000000000200dc0                chFactoryFindMailbox.constprop.5
 *fill*         0x0000000000200de8        0x8 
 .text.chFactoryCreateObjectsFIFO.constprop.4
                0x0000000000200df0       0xa4 /tmp/ccxHBcHG.ltrans0.ltrans.o
                0x0000000000200df0                chFactoryCreateObjectsFIFO.constprop.4
 *fill*         0x0000000000200e94        0xc 
 .text.chFactoryFindObjectsFIFO.constprop.3
                0x0000000000200ea0       0x28 /tmp/ccxHBcHG.ltrans0.ltrans.o
                0x0000000000200ea0                chFactoryFindObjectsFIFO.constprop.3
 *fill*         0x0000000000200ec8        0x8 
 .text._test_assert_time_window.constprop.2
                0x0000000000200ed0       0x3c /tmp/ccxHBcHG.ltrans0.ltrans.o
                0x0000000000200ed0                _test_assert_time_window.constprop.2
 *fill*         0x0000000000200f0c        0x4 
 .text.test_execute.constprop.1
                0x0000000000200f10      0x348 /tmp/ccxHBcHG.ltrans0.ltrans.o
                0x0000000000200f10                test_execute.constprop.1
 *fill*         0x0000000000201258        0x8 
 .text.rt_test_009_001_setup.lto_priv.151
                0x0000000000201260       0x38 /tmp/ccxHBcHG.ltrans1.ltrans.o
                0x0000000000201260                rt_test_009_001_setup.lto_priv.151
 *fill*         0x0000000000201298        0x8 
 .text.rt_test_006_009_setup.lto_priv.135
                0x00000000002012a0       0x28 /tmp/ccxHBcHG.ltrans1.ltrans.o
                0x00000000002012a0                rt_test_006_009_setup.lto_priv.135
 *fill*         0x00000000002012c8        0x8 
 .text.rt_test_006_008_setup.lto_priv.133
                0x00000000002012d0       0x1c /tmp/ccxHBcHG.ltrans1.ltrans.o
                0x00000000002012d0                rt_test_006_008_setup.lto_priv.133
 *fill*         0x00000000002012ec        0x4 
 .text.rt_test_008_002_execute.lto_priv.140
                0x00000000002012f0       0x54 /tmp/ccxHBcHG.ltrans1.ltrans.o
                0x00000000002012f0                rt_test_008_002_execute.lto_priv.140
 *fill*         0x0000000000201344        0xc 
 .text.rt_test_009_001_execute.lto_priv.152
                0x0000000000201350      0x154 /tmp/ccxHBcHG.ltrans1.ltrans.o
                0x0000000000201350                rt_test_009_001_execute.lto_priv.152
 *fill*         0x00000000002014a4        0xc 
 .text.dyn_thread1
                0x00000000002014b0        0x4 /tmp/ccxHBcHG.ltrans1.ltrans.o
                0x00000000002014b0                dyn_thread1.lto_priv.79
 *fill*         0x00000000002014b4        0xc 
 .text.rt_test_008_001_execute.lto_priv.138
                0x00000000002014c0       0xf4 /tmp/ccxHBcHG.ltrans1.ltrans.o
                0x00000000002014c0                rt_test_008_001_execute.lto_priv.138
 *fill*         0x00000000002015b4        0xc 
 .text.rt_test_008_007_setup.lto_priv.149
                0x00000000002015c0       0x18 /tmp/ccxHBcHG.ltrans1.ltrans.o
                0x00000000002015c0                rt_test_008_007_setup.lto_priv.149
 *fill*         0x00000000002015d8        0x8 
 .text.rt_test_008_006_setup.lto_priv.147
                0x00000000002015e0        0x4 /tmp/ccxHBcHG.ltrans1.ltrans.o
                0x00000000002015e0                rt_test_008_006_setup.lto_priv.147
 *fill*         0x00000000002015e4        0xc 
 .text.rt_test_008_005_setup
                0x00000000002015f0        0x4 /tmp/ccxHBcHG.ltrans1.ltrans.o
                0x00000000002015f0                rt_test_008_005_setup.lto_priv.145
 *fill*         0x00000000002015f4        0xc 
 .text.rt_test_008_004_setup
                0x0000000000201600        0x4 /tmp/ccxHBcHG.ltrans1.ltrans.o
                0x0000000000201600                rt_test_008_004_setup.lto_priv.143
 *fill*         0x0000000000201604        0xc 
 .text.rt_test_008_003_setup
                0x0000000000201610        0x4 /tmp/ccxHBcHG.ltrans1.ltrans.o
                0x0000000000201610                rt_test_008_003_setup.lto_priv.141
 *fill*         0x0000000000201614        0xc 
 .text.rt_test_008_002_setup
                0x0000000000201620        0x4 /tmp/ccxHBcHG.ltrans1.ltrans.o
                0x0000000000201620                rt_test_008_002_setup.lto_priv.139
 *fill*         0x0000000000201624        0xc 
 .text.rt_test_008_007_execute.lto_priv.150
                0x0000000000201630      0x120 /tmp/ccxHBcHG.ltrans1.ltrans.o
                0x0000000000201630                rt_test_008_007_execute.lto_priv.150
 .text.rt_test_008_006_execute.lto_priv.148
                0x0000000000201750      0x16c /tmp/ccxHBcHG.ltrans1.ltrans.o
                0x0000000000201750                rt_test_008_006_execute.lto_priv.148
 *fill*         0x00000000002018bc        0x4 
 .text.rt_test_008_005_execute.lto_priv.146
                0x00000000002018c0       0xd0 /tmp/ccxHBcHG.ltrans1.ltrans.o
                0x00000000002018c0                rt_test_008_005_execute.lto_priv.146
 .text.rt_test_008_004_execute.lto_priv.144
                0x0000000000201990       0xc8 /tmp/ccxHBcHG.ltrans1.ltrans.o
                0x0000000000201990                rt_test_008_004_execute.lto_priv.144
 *fill*         0x0000000000201a58        0x8 
 .text.rt_test_008_003_execute.lto_priv.142
                0x0000000000201a60       0xf8 /tmp/ccxHBcHG.ltrans1.ltrans.o
                0x0000000000201a60                rt_test_008_003_execute.lto_priv.142
 *fill*         0x0000000000201b58        0x8 
 .text.evt_thread7
                0x0000000000201b60       0x40 /tmp/ccxHBcHG.ltrans1.ltrans.o
 .text.evt_thread3
                0x0000000000201ba0       0x28 /tmp/ccxHBcHG.ltrans1.ltrans.o
 *fill*         0x0000000000201bc8        0x8 
 .text.h3       0x0000000000201bd0        0x8 /tmp/ccxHBcHG.ltrans1.ltrans.o
 *fill*         0x0000000000201bd8        0x8 
 .text.h2       0x0000000000201be0        0x8 /tmp/ccxHBcHG.ltrans1.ltrans.o
 *fill*         0x0000000000201be8        0x8 
 .text.h1       0x0000000000201bf0        0x8 /tmp/ccxHBcHG.ltrans1.ltrans.o
 *fill*         0x0000000000201bf8        0x8 
 .text.msg_thread1
                0x0000000000201c00       0x28 /tmp/ccxHBcHG.ltrans1.ltrans.o
 *fill*         0x0000000000201c28        0x8 
 .text.rt_test_007_001_execute.lto_priv.137
                0x0000000000201c30       0x70 /tmp/ccxHBcHG.ltrans1.ltrans.o
                0x0000000000201c30                rt_test_007_001_execute.lto_priv.137
 .text.rt_test_006_009_execute.lto_priv.136
                0x0000000000201ca0       0xa8 /tmp/ccxHBcHG.ltrans1.ltrans.o
                0x0000000000201ca0                rt_test_006_009_execute.lto_priv.136
 *fill*         0x0000000000201d48        0x8 
 .text.rt_test_006_008_execute.lto_priv.134
                0x0000000000201d50       0xe0 /tmp/ccxHBcHG.ltrans1.ltrans.o
                0x0000000000201d50                rt_test_006_008_execute.lto_priv.134
 .text.rt_test_006_007_execute.lto_priv.132
                0x0000000000201e30       0xd8 /tmp/ccxHBcHG.ltrans1.ltrans.o
                0x0000000000201e30                rt_test_006_007_execute.lto_priv.132
 *fill*         0x0000000000201f08        0x8 
 .text.test_printn.part.0
                0x0000000000201f10       0x10 /tmp/ccxHBcHG.ltrans2.ltrans.o
 .text.chCoreAllocAlignedI.lto_priv.84
                0x0000000000201f20       0x30 /tmp/ccxHBcHG.ltrans2.ltrans.o
                0x0000000000201f20                chCoreAllocAlignedI.lto_priv.84
 .text.dyn_release_object_heap.part.3
                0x0000000000201f50       0x20 /tmp/ccxHBcHG.ltrans2.ltrans.o
 .text.test_printn
                0x0000000000201f70       0x58 /tmp/ccxHBcHG.ltrans2.ltrans.o
                0x0000000000201f70                test_printn
 *fill*         0x0000000000201fc8        0x8 
 .text.test_wait_tick
                0x0000000000201fd0       0x1c /tmp/ccxHBcHG.ltrans2.ltrans.o
                0x0000000000201fd0                test_wait_tick
 *fill*         0x0000000000201fec        0x4 
 .text.test_wait_threads
                0x0000000000201ff0       0x24 /tmp/ccxHBcHG.ltrans2.ltrans.o
                0x0000000000201ff0                test_wait_threads
 *fill*         0x0000000000202014        0xc 
 .text.test_terminate_threads
                0x0000000000202020       0x34 /tmp/ccxHBcHG.ltrans2.ltrans.o
                0x0000000000202020                test_terminate_threads
 *fill*         0x0000000000202054        0xc 
 .text.test_emit_token
                0x0000000000202060       0x28 /tmp/ccxHBcHG.ltrans2.ltrans.o
                0x0000000000202060                test_emit_token
 *fill*         0x0000000000202088        0x8 
 .text.test_println
                0x0000000000202090       0x38 /tmp/ccxHBcHG.ltrans2.ltrans.o
                0x0000000000202090                test_println
 *fill*         0x00000000002020c8        0x8 
 .text.test_print
                0x00000000002020d0       0x24 /tmp/ccxHBcHG.ltrans2.ltrans.o
                0x00000000002020d0                test_print
 *fill*         0x00000000002020f4        0xc 
 .text.rt_test_001_003_execute.lto_priv.99
                0x0000000000202100      0x3c8 /tmp/ccxHBcHG.ltrans2.ltrans.o
                0x0000000000202100                rt_test_001_003_execute.lto_priv.99
 *fill*         0x00000000002024c8        0x8 
 .text.rt_test_001_002_execute.lto_priv.98
                0x00000000002024d0       0x88 /tmp/ccxHBcHG.ltrans2.ltrans.o
                0x00000000002024d0                rt_test_001_002_execute.lto_priv.98
 *fill*         0x0000000000202558        0x8 
 .text.rt_test_001_001_execute.lto_priv.97
                0x0000000000202560       0xa8 /tmp/ccxHBcHG.ltrans2.ltrans.o
                0x0000000000202560                rt_test_001_001_execute.lto_priv.97
 *fill*         0x0000000000202608        0x8 
 .text._test_assert_sequence
                0x0000000000202610       0x50 /tmp/ccxHBcHG.ltrans2.ltrans.o
                0x0000000000202610                _test_assert_sequence
 .text._test_assert
                0x0000000000202660       0x28 /tmp/ccxHBcHG.ltrans2.ltrans.o
                0x0000000000202660                _test_assert
 *fill*         0x0000000000202688        0x8 
 .text.print_line.lto_priv.83
                0x0000000000202690       0x2c /tmp/ccxHBcHG.ltrans2.ltrans.o
                0x0000000000202690                print_line.lto_priv.83
 *fill*         0x00000000002026bc        0x4 
 .text._port_irq_epilogue
                0x00000000002026c0       0x54 /tmp/ccxHBcHG.ltrans2.ltrans.o
                0x00000000002026c0                _port_irq_epilogue
 *fill*         0x0000000000202714        0xc 
 .text.SVC_Handler
                0x0000000000202720       0x14 /tmp/ccxHBcHG.ltrans2.ltrans.o
                0x0000000000202720                SVC_Handler
 *fill*         0x0000000000202734        0xc 
 .text.chFactoryReleaseObjectsFIFO
                0x0000000000202740       0x2c /tmp/ccxHBcHG.ltrans2.ltrans.o
                0x0000000000202740                chFactoryReleaseObjectsFIFO
 *fill*         0x000000000020276c        0x4 
 .text.chFactoryReleaseMailbox
                0x0000000000202770       0x2c /tmp/ccxHBcHG.ltrans2.ltrans.o
                0x0000000000202770                chFactoryReleaseMailbox
 *fill*         0x000000000020279c        0x4 
 .text.chFactoryReleaseSemaphore
                0x00000000002027a0       0x64 /tmp/ccxHBcHG.ltrans2.ltrans.o
                0x00000000002027a0                chFactoryReleaseSemaphore
 *fill*         0x0000000000202804        0xc 
 .text.chFactoryReleaseBuffer
                0x0000000000202810       0x2c /tmp/ccxHBcHG.ltrans2.ltrans.o
                0x0000000000202810                chFactoryReleaseBuffer
 *fill*         0x000000000020283c        0x4 
 .text.chFactoryReleaseObject
                0x0000000000202840       0x64 /tmp/ccxHBcHG.ltrans2.ltrans.o
                0x0000000000202840                chFactoryReleaseObject
 *fill*         0x00000000002028a4        0xc 
 .text.dyn_find_object.lto_priv.81
                0x00000000002028b0       0x34 /tmp/ccxHBcHG.ltrans2.ltrans.o
                0x00000000002028b0                dyn_find_object.lto_priv.81
 *fill*         0x00000000002028e4        0xc 
 .text.dyn_create_object_heap.lto_priv.82
                0x00000000002028f0       0x50 /tmp/ccxHBcHG.ltrans2.ltrans.o
                0x00000000002028f0                dyn_create_object_heap.lto_priv.82
 .text.chPoolAlloc
                0x0000000000202940       0x30 /tmp/ccxHBcHG.ltrans2.ltrans.o
                0x0000000000202940                chPoolAlloc
 .text.dyn_create_object_pool.lto_priv.80
                0x0000000000202970       0x50 /tmp/ccxHBcHG.ltrans2.ltrans.o
                0x0000000000202970                dyn_create_object_pool.lto_priv.80
 .text.chHeapStatus
                0x00000000002029c0       0x60 /tmp/ccxHBcHG.ltrans2.ltrans.o
                0x00000000002029c0                chHeapStatus
 .text.oslib_test_003_001_setup.lto_priv.185
                0x0000000000202a20       0x38 /tmp/ccxHBcHG.ltrans3.ltrans.o
                0x0000000000202a20                oslib_test_003_001_setup.lto_priv.185
 *fill*         0x0000000000202a58        0x8 
 .text.oslib_test_002_003_setup.lto_priv.183
                0x0000000000202a60       0x1c /tmp/ccxHBcHG.ltrans3.ltrans.o
                0x0000000000202a60                oslib_test_002_003_setup.lto_priv.183
 *fill*         0x0000000000202a7c        0x4 
 .text.oslib_test_002_002_setup
                0x0000000000202a80        0x4 /tmp/ccxHBcHG.ltrans3.ltrans.o
                0x0000000000202a80                oslib_test_002_002_setup.lto_priv.181
 *fill*         0x0000000000202a84        0xc 
 .text.null_provider
                0x0000000000202a90        0x4 /tmp/ccxHBcHG.ltrans3.ltrans.o
 *fill*         0x0000000000202a94        0xc 
 .text.oslib_test_002_001_setup.lto_priv.179
                0x0000000000202aa0       0x14 /tmp/ccxHBcHG.ltrans3.ltrans.o
                0x0000000000202aa0                oslib_test_002_001_setup.lto_priv.179
 *fill*         0x0000000000202ab4        0xc 
 .text.oslib_test_001_003_setup.lto_priv.176
                0x0000000000202ac0       0x34 /tmp/ccxHBcHG.ltrans3.ltrans.o
                0x0000000000202ac0                oslib_test_001_003_setup.lto_priv.176
 *fill*         0x0000000000202af4        0xc 
 .text.oslib_test_004_001_execute.lto_priv.189
                0x0000000000202b00      0x174 /tmp/ccxHBcHG.ltrans3.ltrans.o
                0x0000000000202b00                oslib_test_004_001_execute.lto_priv.189
 *fill*         0x0000000000202c74        0xc 
 .text.oslib_test_004_001_teardown.lto_priv.188
                0x0000000000202c80       0x1c /tmp/ccxHBcHG.ltrans3.ltrans.o
                0x0000000000202c80                oslib_test_004_001_teardown.lto_priv.188
 *fill*         0x0000000000202c9c        0x4 
 .text.oslib_test_003_002_execute.lto_priv.187
                0x0000000000202ca0       0x64 /tmp/ccxHBcHG.ltrans3.ltrans.o
                0x0000000000202ca0                oslib_test_003_002_execute.lto_priv.187
 *fill*         0x0000000000202d04        0xc 
 .text.oslib_test_003_001_execute.lto_priv.186
                0x0000000000202d10      0x330 /tmp/ccxHBcHG.ltrans3.ltrans.o
                0x0000000000202d10                oslib_test_003_001_execute.lto_priv.186
 .text.oslib_test_002_003_execute.lto_priv.184
                0x0000000000203040       0x28 /tmp/ccxHBcHG.ltrans3.ltrans.o
                0x0000000000203040                oslib_test_002_003_execute.lto_priv.184
 *fill*         0x0000000000203068        0x8 
 .text.oslib_test_002_002_execute.lto_priv.182
                0x0000000000203070       0xfc /tmp/ccxHBcHG.ltrans3.ltrans.o
                0x0000000000203070                oslib_test_002_002_execute.lto_priv.182
 *fill*         0x000000000020316c        0x4 
 .text.oslib_test_002_001_execute.lto_priv.180
                0x0000000000203170      0x10c /tmp/ccxHBcHG.ltrans3.ltrans.o
                0x0000000000203170                oslib_test_002_001_execute.lto_priv.180
 *fill*         0x000000000020327c        0x4 
 .text.oslib_test_001_003_teardown.lto_priv.177
                0x0000000000203280        0x4 /tmp/ccxHBcHG.ltrans3.ltrans.o
                0x0000000000203280                oslib_test_001_003_teardown.lto_priv.177
 *fill*         0x0000000000203284        0xc 
 .text.oslib_test_001_003_execute.lto_priv.178
                0x0000000000203290      0x114 /tmp/ccxHBcHG.ltrans3.ltrans.o
                0x0000000000203290                oslib_test_001_003_execute.lto_priv.178
 *fill*         0x00000000002033a4        0xc 
 .text.oslib_test_001_002_execute.lto_priv.175
                0x00000000002033b0      0x2fc /tmp/ccxHBcHG.ltrans3.ltrans.o
                0x00000000002033b0                oslib_test_001_002_execute.lto_priv.175
 *fill*         0x00000000002036ac        0x4 
 .text.rt_test_010_011_setup.lto_priv.167
                0x00000000002036b0       0x10 /tmp/ccxHBcHG.ltrans4.ltrans.o
                0x00000000002036b0                rt_test_010_011_setup.lto_priv.167
 .text.rt_test_010_010_setup.lto_priv.165
                0x00000000002036c0       0x10 /tmp/ccxHBcHG.ltrans4.ltrans.o
                0x00000000002036c0                rt_test_010_010_setup.lto_priv.165
 .text.tmo      0x00000000002036d0        0x4 /tmp/ccxHBcHG.ltrans4.ltrans.o
 *fill*         0x00000000002036d4        0xc 
 .text.rt_test_010_007_setup.lto_priv.161
                0x00000000002036e0       0x10 /tmp/ccxHBcHG.ltrans4.ltrans.o
                0x00000000002036e0                rt_test_010_007_setup.lto_priv.161
 .text.rt_test_009_002_setup.lto_priv.153
                0x00000000002036f0       0x18 /tmp/ccxHBcHG.ltrans4.ltrans.o
                0x00000000002036f0                rt_test_009_002_setup.lto_priv.153
 *fill*         0x0000000000203708        0x8 
 .text.oslib_test_001_002_teardown
                0x0000000000203710        0x4 /tmp/ccxHBcHG.ltrans4.ltrans.o
                0x0000000000203710                oslib_test_001_002_teardown.lto_priv.174
 *fill*         0x0000000000203714        0xc 
 .text.oslib_test_001_001_teardown
                0x0000000000203720        0x4 /tmp/ccxHBcHG.ltrans4.ltrans.o
                0x0000000000203720                oslib_test_001_001_teardown.lto_priv.171
 *fill*         0x0000000000203724        0xc 
 .text.oslib_test_001_002_setup
                0x0000000000203730        0x4 /tmp/ccxHBcHG.ltrans4.ltrans.o
                0x0000000000203730                oslib_test_001_002_setup.lto_priv.173
 *fill*         0x0000000000203734        0xc 
 .text.oslib_test_001_001_setup
                0x0000000000203740        0x4 /tmp/ccxHBcHG.ltrans4.ltrans.o
                0x0000000000203740                oslib_test_001_001_setup.lto_priv.170
 *fill*         0x0000000000203744        0xc 
 .text.oslib_test_001_001_execute.lto_priv.172
                0x0000000000203750      0x318 /tmp/ccxHBcHG.ltrans4.ltrans.o
                0x0000000000203750                oslib_test_001_001_execute.lto_priv.172
 *fill*         0x0000000000203a68        0x8 
 .text.rt_test_010_012_execute.lto_priv.169
                0x0000000000203a70       0xfc /tmp/ccxHBcHG.ltrans4.ltrans.o
                0x0000000000203a70                rt_test_010_012_execute.lto_priv.169
 *fill*         0x0000000000203b6c        0x4 
 .text.rt_test_010_011_execute.lto_priv.168
                0x0000000000203b70       0x88 /tmp/ccxHBcHG.ltrans4.ltrans.o
                0x0000000000203b70                rt_test_010_011_execute.lto_priv.168
 *fill*         0x0000000000203bf8        0x8 
 .text.rt_test_010_010_execute.lto_priv.166
                0x0000000000203c00       0x88 /tmp/ccxHBcHG.ltrans4.ltrans.o
                0x0000000000203c00                rt_test_010_010_execute.lto_priv.166
 *fill*         0x0000000000203c88        0x8 
 .text.bmk_thread7
                0x0000000000203c90       0x2c /tmp/ccxHBcHG.ltrans4.ltrans.o
 *fill*         0x0000000000203cbc        0x4 
 .text.rt_test_010_009_execute.lto_priv.164
                0x0000000000203cc0       0x98 /tmp/ccxHBcHG.ltrans4.ltrans.o
                0x0000000000203cc0                rt_test_010_009_execute.lto_priv.164
 *fill*         0x0000000000203d58        0x8 
 .text.rt_test_010_008_execute.lto_priv.163
                0x0000000000203d60       0xe4 /tmp/ccxHBcHG.ltrans4.ltrans.o
                0x0000000000203d60                rt_test_010_008_execute.lto_priv.163
 *fill*         0x0000000000203e44        0xc 
 .text.bmk_thread8
                0x0000000000203e50       0x2c /tmp/ccxHBcHG.ltrans4.ltrans.o
 *fill*         0x0000000000203e7c        0x4 
 .text.rt_test_010_007_execute.lto_priv.162
                0x0000000000203e80      0x10c /tmp/ccxHBcHG.ltrans4.ltrans.o
                0x0000000000203e80                rt_test_010_007_execute.lto_priv.162
 *fill*         0x0000000000203f8c        0x4 
 .text.rt_test_010_006_execute.lto_priv.160
                0x0000000000203f90       0x7c /tmp/ccxHBcHG.ltrans4.ltrans.o
                0x0000000000203f90                rt_test_010_006_execute.lto_priv.160
 *fill*         0x000000000020400c        0x4 
 .text.rt_test_010_005_execute.lto_priv.159
                0x0000000000204010       0x7c /tmp/ccxHBcHG.ltrans4.ltrans.o
                0x0000000000204010                rt_test_010_005_execute.lto_priv.159
 *fill*         0x000000000020408c        0x4 
 .text.rt_test_010_004_execute.lto_priv.158
                0x0000000000204090       0xcc /tmp/ccxHBcHG.ltrans4.ltrans.o
                0x0000000000204090                rt_test_010_004_execute.lto_priv.158
 *fill*         0x000000000020415c        0x4 
 .text.bmk_thread4
                0x0000000000204160       0x24 /tmp/ccxHBcHG.ltrans4.ltrans.o
 *fill*         0x0000000000204184        0xc 
 .text.bmk_thread1
                0x0000000000204190       0x20 /tmp/ccxHBcHG.ltrans4.ltrans.o
 .text.msg_loop_test
                0x00000000002041b0       0x38 /tmp/ccxHBcHG.ltrans4.ltrans.o
 *fill*         0x00000000002041e8        0x8 
 .text.rt_test_010_003_execute.lto_priv.157
                0x00000000002041f0       0xd8 /tmp/ccxHBcHG.ltrans4.ltrans.o
                0x00000000002041f0                rt_test_010_003_execute.lto_priv.157
 *fill*         0x00000000002042c8        0x8 
 .text.rt_test_010_002_execute.lto_priv.156
                0x00000000002042d0       0x74 /tmp/ccxHBcHG.ltrans4.ltrans.o
                0x00000000002042d0                rt_test_010_002_execute.lto_priv.156
 *fill*         0x0000000000204344        0xc 
 .text.rt_test_010_001_execute.lto_priv.155
                0x0000000000204350       0x74 /tmp/ccxHBcHG.ltrans4.ltrans.o
                0x0000000000204350                rt_test_010_001_execute.lto_priv.155
 *fill*         0x00000000002043c4        0xc 
 .text.rt_test_009_002_execute.lto_priv.154
                0x00000000002043d0      0x158 /tmp/ccxHBcHG.ltrans4.ltrans.o
                0x00000000002043d0                rt_test_009_002_execute.lto_priv.154
 *fill*         0x0000000000204528        0x8 
 .text.bmk_thread3
                0x0000000000204530        0x4 /tmp/ccxHBcHG.ltrans4.ltrans.o
 *fill*         0x0000000000204534        0xc 
 .text.rt_test_006_005_setup.lto_priv.129
                0x0000000000204540       0x10 /tmp/ccxHBcHG.ltrans5.ltrans.o
                0x0000000000204540                rt_test_006_005_setup.lto_priv.129
 .text.rt_test_006_004_setup.lto_priv.126
                0x0000000000204550       0x1c /tmp/ccxHBcHG.ltrans5.ltrans.o
                0x0000000000204550                rt_test_006_004_setup.lto_priv.126
 *fill*         0x000000000020456c        0x4 
 .text.rt_test_006_001_setup
                0x0000000000204570        0x4 /tmp/ccxHBcHG.ltrans5.ltrans.o
                0x0000000000204570                rt_test_006_001_setup.lto_priv.124
 *fill*         0x0000000000204574        0xc 
 .text.rt_test_005_005_setup.lto_priv.119
                0x0000000000204580       0x10 /tmp/ccxHBcHG.ltrans5.ltrans.o
                0x0000000000204580                rt_test_005_005_setup.lto_priv.119
 .text.rt_test_005_004_setup
                0x0000000000204590        0x4 /tmp/ccxHBcHG.ltrans5.ltrans.o
                0x0000000000204590                rt_test_005_004_setup.lto_priv.117
 *fill*         0x0000000000204594        0xc 
 .text.rt_test_005_003_setup
                0x00000000002045a0        0x4 /tmp/ccxHBcHG.ltrans5.ltrans.o
                0x00000000002045a0                rt_test_005_003_setup.lto_priv.115
 *fill*         0x00000000002045a4        0xc 
 .text.rt_test_005_002_setup
                0x00000000002045b0        0x4 /tmp/ccxHBcHG.ltrans5.ltrans.o
                0x00000000002045b0                rt_test_005_002_setup.lto_priv.113
 *fill*         0x00000000002045b4        0xc 
 .text.rt_test_005_001_setup.lto_priv.110
                0x00000000002045c0       0x10 /tmp/ccxHBcHG.ltrans5.ltrans.o
                0x00000000002045c0                rt_test_005_001_setup.lto_priv.110
 .text.rt_test_006_007_setup
                0x00000000002045d0        0x4 /tmp/ccxHBcHG.ltrans5.ltrans.o
                0x00000000002045d0                rt_test_006_007_setup.lto_priv.131
 *fill*         0x00000000002045d4        0xc 
 .text.rt_test_006_005_execute.lto_priv.130
                0x00000000002045e0      0x160 /tmp/ccxHBcHG.ltrans5.ltrans.o
                0x00000000002045e0                rt_test_006_005_execute.lto_priv.130
 .text.thread4A
                0x0000000000204740       0x20 /tmp/ccxHBcHG.ltrans5.ltrans.o
 .text.rt_test_006_004_execute.lto_priv.128
                0x0000000000204760      0x138 /tmp/ccxHBcHG.ltrans5.ltrans.o
                0x0000000000204760                rt_test_006_004_execute.lto_priv.128
 *fill*         0x0000000000204898        0x8 
 .text.thread4B
                0x00000000002048a0       0x30 /tmp/ccxHBcHG.ltrans5.ltrans.o
 .text.rt_test_005_006_teardown.lto_priv.122
                0x00000000002048d0        0x4 /tmp/ccxHBcHG.ltrans5.ltrans.o
                0x00000000002048d0                rt_test_005_006_teardown.lto_priv.122
 *fill*         0x00000000002048d4        0xc 
 .text.rt_test_006_004_teardown
                0x00000000002048e0        0x4 /tmp/ccxHBcHG.ltrans5.ltrans.o
                0x00000000002048e0                rt_test_006_004_teardown.lto_priv.127
 *fill*         0x00000000002048e4        0xc 
 .text.rt_test_005_005_teardown
                0x00000000002048f0        0x4 /tmp/ccxHBcHG.ltrans5.ltrans.o
                0x00000000002048f0                rt_test_005_005_teardown.lto_priv.120
 *fill*         0x00000000002048f4        0xc 
 .text.rt_test_006_001_execute.lto_priv.125
                0x0000000000204900       0xdc /tmp/ccxHBcHG.ltrans5.ltrans.o
                0x0000000000204900                rt_test_006_001_execute.lto_priv.125
 *fill*         0x00000000002049dc        0x4 
 .text.rt_test_005_004_execute.lto_priv.118
                0x00000000002049e0       0xb8 /tmp/ccxHBcHG.ltrans5.ltrans.o
                0x00000000002049e0                rt_test_005_004_execute.lto_priv.118
 *fill*         0x0000000000204a98        0x8 
 .text.thread1.lto_priv.203
                0x0000000000204aa0       0x20 /tmp/ccxHBcHG.ltrans5.ltrans.o
 .text.thread9.lto_priv.197
                0x0000000000204ac0       0x20 /tmp/ccxHBcHG.ltrans5.ltrans.o
                0x0000000000204ac0                thread9.lto_priv.197
 .text.thread8.lto_priv.195
                0x0000000000204ae0       0x84 /tmp/ccxHBcHG.ltrans5.ltrans.o
                0x0000000000204ae0                thread8.lto_priv.195
 *fill*         0x0000000000204b64        0xc 
 .text.thread6.lto_priv.196
                0x0000000000204b70       0x6c /tmp/ccxHBcHG.ltrans5.ltrans.o
                0x0000000000204b70                thread6.lto_priv.196
 *fill*         0x0000000000204bdc        0x4 
 .text.thread1.lto_priv.202
                0x0000000000204be0       0x18 /tmp/ccxHBcHG.ltrans5.ltrans.o
 *fill*         0x0000000000204bf8        0x8 
 .text.rt_test_005_001_teardown.lto_priv.111
                0x0000000000204c00        0xc /tmp/ccxHBcHG.ltrans5.ltrans.o
                0x0000000000204c00                rt_test_005_001_teardown.lto_priv.111
 *fill*         0x0000000000204c0c        0x4 
 .text.rt_test_005_006_execute.lto_priv.123
                0x0000000000204c10      0x1b0 /tmp/ccxHBcHG.ltrans5.ltrans.o
                0x0000000000204c10                rt_test_005_006_execute.lto_priv.123
 .text.thread2  0x0000000000204dc0       0x28 /tmp/ccxHBcHG.ltrans5.ltrans.o
 *fill*         0x0000000000204de8        0x8 
 .text.thread4  0x0000000000204df0       0x2c /tmp/ccxHBcHG.ltrans5.ltrans.o
 *fill*         0x0000000000204e1c        0x4 
 .text.rt_test_005_005_execute.lto_priv.121
                0x0000000000204e20       0x9c /tmp/ccxHBcHG.ltrans5.ltrans.o
                0x0000000000204e20                rt_test_005_005_execute.lto_priv.121
 *fill*         0x0000000000204ebc        0x4 
 .text.thread3  0x0000000000204ec0       0x18 /tmp/ccxHBcHG.ltrans5.ltrans.o
 *fill*         0x0000000000204ed8        0x8 
 .text.rt_test_005_002_execute.lto_priv.114
                0x0000000000204ee0       0xf0 /tmp/ccxHBcHG.ltrans5.ltrans.o
                0x0000000000204ee0                rt_test_005_002_execute.lto_priv.114
 .text.rt_test_005_001_execute.lto_priv.112
                0x0000000000204fd0       0xc4 /tmp/ccxHBcHG.ltrans5.ltrans.o
                0x0000000000204fd0                rt_test_005_001_execute.lto_priv.112
 *fill*         0x0000000000205094        0xc 
 .text.rt_test_005_003_execute.lto_priv.116
                0x00000000002050a0      0x160 /tmp/ccxHBcHG.ltrans5.ltrans.o
                0x00000000002050a0                rt_test_005_003_execute.lto_priv.116
 .text.Thread1  0x0000000000205200       0x34 /tmp/ccxHBcHG.ltrans6.ltrans.o
 *fill*         0x0000000000205234        0xc 
 .text.oslib_test_004_005_execute
                0x0000000000205240      0x128 /tmp/ccxHBcHG.ltrans6.ltrans.o
 *fill*         0x0000000000205368        0x8 
 .text.oslib_test_004_005_teardown
                0x0000000000205370       0x1c /tmp/ccxHBcHG.ltrans6.ltrans.o
 *fill*         0x000000000020538c        0x4 
 .text.oslib_test_004_004_execute
                0x0000000000205390      0x128 /tmp/ccxHBcHG.ltrans6.ltrans.o
 *fill*         0x00000000002054b8        0x8 
 .text.oslib_test_004_004_teardown
                0x00000000002054c0       0x1c /tmp/ccxHBcHG.ltrans6.ltrans.o
 *fill*         0x00000000002054dc        0x4 
 .text.oslib_test_004_003_execute
                0x00000000002054e0      0x128 /tmp/ccxHBcHG.ltrans6.ltrans.o
 *fill*         0x0000000000205608        0x8 
 .text.oslib_test_004_003_teardown
                0x0000000000205610       0x1c /tmp/ccxHBcHG.ltrans6.ltrans.o
 *fill*         0x000000000020562c        0x4 
 .text.oslib_test_004_002_execute
                0x0000000000205630      0x128 /tmp/ccxHBcHG.ltrans6.ltrans.o
 *fill*         0x0000000000205758        0x8 
 .text.oslib_test_004_002_teardown
                0x0000000000205760       0x1c /tmp/ccxHBcHG.ltrans6.ltrans.o
 *fill*         0x000000000020577c        0x4 
 .text.startup.main
                0x0000000000205780      0x4c0 /tmp/ccxHBcHG.ltrans6.ltrans.o
                0x0000000000205780                main
 .text.notify1.lto_priv.86
                0x0000000000205c40       0x10 /tmp/ccxHBcHG.ltrans7.ltrans.o
                0x0000000000205c40                notify1.lto_priv.86
 .text._ctl.lto_priv.96
                0x0000000000205c50        0x4 /tmp/ccxHBcHG.ltrans7.ltrans.o
                0x0000000000205c50                _ctl.lto_priv.96
 *fill*         0x0000000000205c54        0xc 
 .text.oqPutTimeout
                0x0000000000205c60       0x54 /tmp/ccxHBcHG.ltrans7.ltrans.o
 *fill*         0x0000000000205cb4        0xc 
 .text._putt.lto_priv.92
                0x0000000000205cc0        0x8 /tmp/ccxHBcHG.ltrans7.ltrans.o
                0x0000000000205cc0                _putt.lto_priv.92
 *fill*         0x0000000000205cc8        0x8 
 .text._put.lto_priv.90
                0x0000000000205cd0        0xc /tmp/ccxHBcHG.ltrans7.ltrans.o
                0x0000000000205cd0                _put.lto_priv.90
 *fill*         0x0000000000205cdc        0x4 
 .text.iqGetTimeout
                0x0000000000205ce0       0x50 /tmp/ccxHBcHG.ltrans7.ltrans.o
 .text._gett.lto_priv.93
                0x0000000000205d30        0x8 /tmp/ccxHBcHG.ltrans7.ltrans.o
                0x0000000000205d30                _gett.lto_priv.93
 *fill*         0x0000000000205d38        0x8 
 .text._get.lto_priv.91
                0x0000000000205d40        0xc /tmp/ccxHBcHG.ltrans7.ltrans.o
                0x0000000000205d40                _get.lto_priv.91
 *fill*         0x0000000000205d4c        0x4 
 .text.oqWriteTimeout
                0x0000000000205d50       0xcc /tmp/ccxHBcHG.ltrans7.ltrans.o
 *fill*         0x0000000000205e1c        0x4 
 .text._writet.lto_priv.94
                0x0000000000205e20        0x8 /tmp/ccxHBcHG.ltrans7.ltrans.o
                0x0000000000205e20                _writet.lto_priv.94
 *fill*         0x0000000000205e28        0x8 
 .text._write.lto_priv.88
                0x0000000000205e30        0xc /tmp/ccxHBcHG.ltrans7.ltrans.o
                0x0000000000205e30                _write.lto_priv.88
 *fill*         0x0000000000205e3c        0x4 
 .text.iqReadTimeout
                0x0000000000205e40       0xcc /tmp/ccxHBcHG.ltrans7.ltrans.o
 *fill*         0x0000000000205f0c        0x4 
 .text._readt.lto_priv.95
                0x0000000000205f10        0x8 /tmp/ccxHBcHG.ltrans7.ltrans.o
                0x0000000000205f10                _readt.lto_priv.95
 *fill*         0x0000000000205f18        0x8 
 .text._read.lto_priv.89
                0x0000000000205f20        0xc /tmp/ccxHBcHG.ltrans7.ltrans.o
                0x0000000000205f20                _read.lto_priv.89
 *fill*         0x0000000000205f2c        0x4 
 .text.__early_init
                0x0000000000205f30      0x32c /tmp/ccxHBcHG.ltrans7.ltrans.o
                0x0000000000205f30                __early_init
 *fill*         0x000000000020625c        0x4 
 .text.VectorD4
                0x0000000000206260      0x170 /tmp/ccxHBcHG.ltrans7.ltrans.o
                0x0000000000206260                VectorD4
 .text.VectorB0
                0x00000000002063d0       0xa0 /tmp/ccxHBcHG.ltrans7.ltrans.o
                0x00000000002063d0                VectorB0
 .text.VectorE0
                0x0000000000206470      0x11c /tmp/ccxHBcHG.ltrans7.ltrans.o
                0x0000000000206470                VectorE0
 *fill*         0x000000000020658c        0x4 
 .text.Vector9C
                0x0000000000206590       0xe8 /tmp/ccxHBcHG.ltrans7.ltrans.o
                0x0000000000206590                Vector9C
 *fill*         0x0000000000206678        0x8 
 .text.Vector68
                0x0000000000206680       0x44 /tmp/ccxHBcHG.ltrans7.ltrans.o
                0x0000000000206680                Vector68
 *fill*         0x00000000002066c4        0xc 
 .text.Vector64
                0x00000000002066d0       0x44 /tmp/ccxHBcHG.ltrans7.ltrans.o
                0x00000000002066d0                Vector64
 *fill*         0x0000000000206714        0xc 
 .text.Vector60
                0x0000000000206720       0x44 /tmp/ccxHBcHG.ltrans7.ltrans.o
                0x0000000000206720                Vector60
 *fill*         0x0000000000206764        0xc 
 .text.Vector5C
                0x0000000000206770       0x44 /tmp/ccxHBcHG.ltrans7.ltrans.o
                0x0000000000206770                Vector5C
 *fill*         0x00000000002067b4        0xc 
 .text.Vector58
                0x00000000002067c0       0x40 /tmp/ccxHBcHG.ltrans7.ltrans.o
                0x00000000002067c0                Vector58
 .text.__init_ram_areas
                0x0000000000206800       0x64 /tmp/ccxHBcHG.ltrans7.ltrans.o
                0x0000000000206800                __init_ram_areas
 *fill*         0x0000000000206864        0xc 
 .text.__default_exit
                0x0000000000206870        0x4 /tmp/ccxHBcHG.ltrans7.ltrans.o
                0x0000000000206870                __default_exit
 *fill*         0x0000000000206874        0xc 
 .text.__late_init
                0x0000000000206880        0x4 /tmp/ccxHBcHG.ltrans7.ltrans.o
                0x0000000000206880                __late_init
 *fill*         0x0000000000206884        0xc 
 .text.__core_init
                0x0000000000206890       0x84 /tmp/ccxHBcHG.ltrans7.ltrans.o
                0x0000000000206890                __core_init
 *fill*         0x0000000000206914        0xc 
 .text.chCoreAllocAlignedWithOffset
                0x0000000000206920       0x44 /tmp/ccxHBcHG.ltrans8.ltrans.o
                0x0000000000206920                chCoreAllocAlignedWithOffset
 *fill*         0x0000000000206964        0xc 
 .text.wakeup.lto_priv.204
                0x0000000000206970       0x70 /tmp/ccxHBcHG.ltrans8.ltrans.o
                0x0000000000206970                wakeup.lto_priv.204
 .text._idle_thread.lto_priv.87
                0x00000000002069e0        0x4 /tmp/ccxHBcHG.ltrans8.ltrans.o
                0x00000000002069e0                _idle_thread.lto_priv.87
 *fill*         0x00000000002069e4        0xc 
 .text.chEvtAddEvents
                0x00000000002069f0       0x1c /tmp/ccxHBcHG.ltrans8.ltrans.o
                0x00000000002069f0                chEvtAddEvents
 *fill*         0x0000000000206a0c        0x4 
 .text.chEvtUnregister
                0x0000000000206a10       0x2c /tmp/ccxHBcHG.ltrans8.ltrans.o
                0x0000000000206a10                chEvtUnregister
 *fill*         0x0000000000206a3c        0x4 
 .text.chTMStopMeasurementX
                0x0000000000206a40       0x44 /tmp/ccxHBcHG.ltrans8.ltrans.o
                0x0000000000206a40                chTMStopMeasurementX
 *fill*         0x0000000000206a84        0xc 
 .text.chThdYield
                0x0000000000206a90       0x58 /tmp/ccxHBcHG.ltrans8.ltrans.o
                0x0000000000206a90                chThdYield
 *fill*         0x0000000000206ae8        0x8 
 .text.chThdCreateSuspendedI
                0x0000000000206af0       0x88 /tmp/ccxHBcHG.ltrans8.ltrans.o
                0x0000000000206af0                chThdCreateSuspendedI
 *fill*         0x0000000000206b78        0x8 
 .text.chSchDoRescheduleAhead
                0x0000000000206b80       0x40 /tmp/ccxHBcHG.ltrans8.ltrans.o
                0x0000000000206b80                chSchDoReschedule
 .text.chSchRescheduleS
                0x0000000000206bc0       0x18 /tmp/ccxHBcHG.ltrans8.ltrans.o
                0x0000000000206bc0                chSchRescheduleS
 *fill*         0x0000000000206bd8        0x8 
 .text.chThdSetPriority
                0x0000000000206be0       0x30 /tmp/ccxHBcHG.ltrans8.ltrans.o
                0x0000000000206be0                chThdSetPriority
 .text.chSchWakeupS
                0x0000000000206c10       0x60 /tmp/ccxHBcHG.ltrans8.ltrans.o
                0x0000000000206c10                chSchWakeupS
 .text.chSemSignal
                0x0000000000206c70       0x34 /tmp/ccxHBcHG.ltrans8.ltrans.o
                0x0000000000206c70                chSemSignal
 *fill*         0x0000000000206ca4        0xc 
 .text.chSchGoSleepS
                0x0000000000206cb0       0x28 /tmp/ccxHBcHG.ltrans8.ltrans.o
                0x0000000000206cb0                chSchGoSleepS
 *fill*         0x0000000000206cd8        0x8 
 .text.chMsgWait
                0x0000000000206ce0       0x40 /tmp/ccxHBcHG.ltrans8.ltrans.o
                0x0000000000206ce0                chMsgWait
 .text.chSemWait
                0x0000000000206d20       0x44 /tmp/ccxHBcHG.ltrans8.ltrans.o
                0x0000000000206d20                chSemWait
 *fill*         0x0000000000206d64        0xc 
 .text.chSchReadyI
                0x0000000000206d70       0x2c /tmp/ccxHBcHG.ltrans8.ltrans.o
                0x0000000000206d70                chSchReadyI
 *fill*         0x0000000000206d9c        0x4 
 .text.chMsgSend
                0x0000000000206da0       0x40 /tmp/ccxHBcHG.ltrans8.ltrans.o
                0x0000000000206da0                chMsgSend
 .text.chEvtSignalI
                0x0000000000206de0       0x30 /tmp/ccxHBcHG.ltrans8.ltrans.o
                0x0000000000206de0                chEvtSignalI
 .text.chEvtBroadcastFlagsI
                0x0000000000206e10       0x2c /tmp/ccxHBcHG.ltrans8.ltrans.o
                0x0000000000206e10                chEvtBroadcastFlagsI
 *fill*         0x0000000000206e3c        0x4 
 .text.chMtxUnlockS
                0x0000000000206e40       0x50 /tmp/ccxHBcHG.ltrans8.ltrans.o
                0x0000000000206e40                chMtxUnlockS
 .text.chMtxUnlock
                0x0000000000206e90       0x64 /tmp/ccxHBcHG.ltrans8.ltrans.o
                0x0000000000206e90                chMtxUnlock
 *fill*         0x0000000000206ef4        0xc 
 .text.chMtxLockS
                0x0000000000206f00       0xc8 /tmp/ccxHBcHG.ltrans8.ltrans.o
                0x0000000000206f00                chMtxLockS
 *fill*         0x0000000000206fc8        0x8 
 .text.chMtxLock
                0x0000000000206fd0       0x14 /tmp/ccxHBcHG.ltrans8.ltrans.o
                0x0000000000206fd0                chMtxLock
 *fill*         0x0000000000206fe4        0xc 
 .text.chHeapFree
                0x0000000000206ff0       0xa0 /tmp/ccxHBcHG.ltrans8.ltrans.o
                0x0000000000206ff0                chHeapFree
 .text.chThdRelease
                0x0000000000207090       0x64 /tmp/ccxHBcHG.ltrans8.ltrans.o
                0x0000000000207090                chThdRelease
 *fill*         0x00000000002070f4        0xc 
 .text.chThdWait
                0x0000000000207100       0x38 /tmp/ccxHBcHG.ltrans8.ltrans.o
                0x0000000000207100                chThdWait
 *fill*         0x0000000000207138        0x8 
 .text.chSemSignalI
                0x0000000000207140       0x24 /tmp/ccxHBcHG.ltrans8.ltrans.o
                0x0000000000207140                chSemSignalI
 *fill*         0x0000000000207164        0xc 
 .text.chSemReset
                0x0000000000207170       0x38 /tmp/ccxHBcHG.ltrans8.ltrans.o
                0x0000000000207170                chSemReset
 *fill*         0x00000000002071a8        0x8 
 .text.chThdDequeueAllI
                0x00000000002071b0       0x24 /tmp/ccxHBcHG.ltrans8.ltrans.o
                0x00000000002071b0                chThdDequeueAllI
 *fill*         0x00000000002071d4        0xc 
 .text.chThdExit
                0x00000000002071e0       0x50 /tmp/ccxHBcHG.ltrans8.ltrans.o
                0x00000000002071e0                chThdExit
 .text.chVTDoResetI
                0x0000000000207230       0x70 /tmp/ccxHBcHG.ltrans8.ltrans.o
                0x0000000000207230                chVTDoResetI
 .text.chVTDoSetI
                0x00000000002072a0       0x78 /tmp/ccxHBcHG.ltrans8.ltrans.o
                0x00000000002072a0                chVTDoSetI
 *fill*         0x0000000000207318        0x8 
 .text.chSchGoSleepTimeoutS
                0x0000000000207320       0x44 /tmp/ccxHBcHG.ltrans8.ltrans.o
                0x0000000000207320                chSchGoSleepTimeoutS
 *fill*         0x0000000000207364        0xc 
 .text.chThdEnqueueTimeoutS
                0x0000000000207370       0x28 /tmp/ccxHBcHG.ltrans8.ltrans.o
                0x0000000000207370                chThdEnqueueTimeoutS
 *fill*         0x0000000000207398        0x8 
 .text.chThdSleep
                0x00000000002073a0       0x18 /tmp/ccxHBcHG.ltrans8.ltrans.o
                0x00000000002073a0                chThdSleep
 *fill*         0x00000000002073b8        0x8 
 .text.chSysRestoreStatusX.part.2
                0x00000000002073c0       0x20 /tmp/ccxHBcHG.ltrans8.ltrans.o
                0x00000000002073c0                chSysRestoreStatusX.part.2
 .text.chSysGetStatusAndLockX.part.1
                0x00000000002073e0        0xc /tmp/ccxHBcHG.ltrans8.ltrans.o
                0x00000000002073e0                chSysGetStatusAndLockX.part.1
 *fill*         0x00000000002073ec        0x4 
 .text.chSysIntegrityCheckI
                0x00000000002073f0       0xac /tmp/ccxHBcHG.ltrans8.ltrans.o
                0x00000000002073f0                chSysIntegrityCheckI
 *fill*         0x000000000020749c        0x4 
 .text.rt_test_004_001_setup.lto_priv.108
                0x00000000002074a0        0xc /tmp/ccxHBcHG.ltrans9.ltrans.o
                0x00000000002074a0                rt_test_004_001_setup.lto_priv.108
 *fill*         0x00000000002074ac        0x4 
 .text.rt_test_002_004_execute.lto_priv.103
                0x00000000002074b0       0x1c /tmp/ccxHBcHG.ltrans9.ltrans.o
                0x00000000002074b0                rt_test_002_004_execute.lto_priv.103
 *fill*         0x00000000002074cc        0x4 
 .text.rt_test_002_003_execute.lto_priv.102
                0x00000000002074d0       0x24 /tmp/ccxHBcHG.ltrans9.ltrans.o
                0x00000000002074d0                rt_test_002_003_execute.lto_priv.102
 *fill*         0x00000000002074f4        0xc 
 .text.thread.lto_priv.200
                0x0000000000207500        0x8 /tmp/ccxHBcHG.ltrans9.ltrans.o
                0x0000000000207500                thread.lto_priv.200
 *fill*         0x0000000000207508        0x8 
 .text.rt_test_004_001_execute.lto_priv.109
                0x0000000000207510       0xec /tmp/ccxHBcHG.ltrans9.ltrans.o
                0x0000000000207510                rt_test_004_001_execute.lto_priv.109
 *fill*         0x00000000002075fc        0x4 
 .text.thread1  0x0000000000207600       0x34 /tmp/ccxHBcHG.ltrans9.ltrans.o
 *fill*         0x0000000000207634        0xc 
 .text.rt_test_003_004_execute.lto_priv.107
                0x0000000000207640       0xdc /tmp/ccxHBcHG.ltrans9.ltrans.o
                0x0000000000207640                rt_test_003_004_execute.lto_priv.107
 *fill*         0x000000000020771c        0x4 
 .text.rt_test_003_003_execute.lto_priv.106
                0x0000000000207720       0x88 /tmp/ccxHBcHG.ltrans9.ltrans.o
                0x0000000000207720                rt_test_003_003_execute.lto_priv.106
 *fill*         0x00000000002077a8        0x8 
 .text.rt_test_003_002_execute.lto_priv.105
                0x00000000002077b0      0x194 /tmp/ccxHBcHG.ltrans9.ltrans.o
                0x00000000002077b0                rt_test_003_002_execute.lto_priv.105
 *fill*         0x0000000000207944        0xc 
 .text.rt_test_003_001_execute.lto_priv.104
                0x0000000000207950       0xb8 /tmp/ccxHBcHG.ltrans9.ltrans.o
                0x0000000000207950                rt_test_003_001_execute.lto_priv.104
 *fill*         0x0000000000207a08        0x8 
 .text.rt_test_002_002_execute.lto_priv.101
                0x0000000000207a10       0xd4 /tmp/ccxHBcHG.ltrans9.ltrans.o
                0x0000000000207a10                rt_test_002_002_execute.lto_priv.101
 *fill*         0x0000000000207ae4        0xc 
 .text.vtcb     0x0000000000207af0       0x28 /tmp/ccxHBcHG.ltrans9.ltrans.o
 *fill*         0x0000000000207b18        0x8 
 .text.rt_test_002_001_execute.lto_priv.100
                0x0000000000207b20       0xa8 /tmp/ccxHBcHG.ltrans9.ltrans.o
                0x0000000000207b20                rt_test_002_001_execute.lto_priv.100
 .text.memset   0x0000000000207bc8       0x9c /home/ksg/bin/gcc-arm/gcc-arm-none-eabi-6-2017-q2-update/bin/../lib/gcc/arm-none-eabi/6.3.1/../../../../arm-none-eabi/lib/thumb/v7e-m/libg.a(lib_a-memset.o)
                0x0000000000207bc8                memset
 .text.strncmp  0x0000000000207c64       0xa4 /home/ksg/bin/gcc-arm/gcc-arm-none-eabi-6-2017-q2-update/bin/../lib/gcc/arm-none-eabi/6.3.1/../../../../arm-none-eabi/lib/thumb/v7e-m/libg.a(lib_a-strncmp.o)
                0x0000000000207c64                strncmp
 .text.strncpy  0x0000000000207d08       0x64 /home/ksg/bin/gcc-arm/gcc-arm-none-eabi-6-2017-q2-update/bin/../lib/gcc/arm-none-eabi/6.3.1/../../../../arm-none-eabi/lib/thumb/v7e-m/libg.a(lib_a-strncpy.o)
                0x0000000000207d08                strncpy
 *(.glue_7t)
 .glue_7t       0x0000000000207d6c        0x0 linker stubs
 *(.glue_7)
 .glue_7        0x0000000000207d6c        0x0 linker stubs
 *(.gcc*)

.vfp11_veneer   0x0000000000207d6c        0x0 load address 0x0000000008007d6c
 .vfp11_veneer  0x0000000000207d6c        0x0 linker stubs

.v4_bx          0x0000000000207d6c        0x0 load address 0x0000000008007d6c
 .v4_bx         0x0000000000207d6c        0x0 linker stubs

.iplt           0x0000000000207d6c        0x0 load address 0x0000000008007d6c
 .iplt          0x0000000000207d6c        0x0 build/obj/crt0_v7m.o

.rodata         0x0000000008007d6c     0x21fc
                0x0000000008007d6c                . = ALIGN (0x4)
                0x0000000008007d6c                __rodata_base__ = .
 *(.rodata)
 *(.rodata.*)
 .rodata._test_assert_time_window.constprop.2.str1.4
                0x0000000008007d6c       0x13 /tmp/ccxHBcHG.ltrans0.ltrans.o
 *fill*         0x0000000008007d7f        0x1 
 .rodata.chFactoryCreateBuffer.constprop.10.str1.4
                0x0000000008007d80        0x6 /tmp/ccxHBcHG.ltrans0.ltrans.o
 *fill*         0x0000000008007d86        0x2 
 .rodata.chFactoryCreateMailbox.constprop.6.str1.4
                0x0000000008007d88        0x6 /tmp/ccxHBcHG.ltrans0.ltrans.o
 *fill*         0x0000000008007d8e        0x2 
 .rodata.chFactoryCreateObjectsFIFO.constprop.4.str1.4
                0x0000000008007d90        0x7 /tmp/ccxHBcHG.ltrans0.ltrans.o
 *fill*         0x0000000008007d97        0x1 
 .rodata.chFactoryCreateSemaphore.constprop.8.str1.4
                0x0000000008007d98        0x6 /tmp/ccxHBcHG.ltrans0.ltrans.o
 *fill*         0x0000000008007d9e        0x2 
 .rodata.chFactoryRegisterObject.constprop.12.str1.4
                0x0000000008007da0        0x6 /tmp/ccxHBcHG.ltrans0.ltrans.o
 *fill*         0x0000000008007da6        0x2 
 .rodata.chThdCreateStatic.constprop.61.str1.4
                0x0000000008007da8        0x7 /tmp/ccxHBcHG.ltrans0.ltrans.o
 *fill*         0x0000000008007daf        0x1 
 .rodata.test_execute.constprop.1.str1.4
                0x0000000008007db0      0x14c /tmp/ccxHBcHG.ltrans0.ltrans.o
                                        0x158 (size before relaxing)
 .rodata.evhndl
                0x0000000008007efc        0xc /tmp/ccxHBcHG.ltrans1.ltrans.o
 .rodata.rt_test_006_008_execute.lto_priv.134.str1.4
                0x0000000008007f08        0xa /tmp/ccxHBcHG.ltrans1.ltrans.o
                                          0xe (size before relaxing)
 *fill*         0x0000000008007f12        0x2 
 .rodata.rt_test_007_001_execute.lto_priv.137.str1.4
                0x0000000008007f14        0x5 /tmp/ccxHBcHG.ltrans1.ltrans.o
 *fill*         0x0000000008007f19        0x3 
 .rodata.rt_test_008_001_execute.lto_priv.138.str1.4
                0x0000000008007f1c       0x1b /tmp/ccxHBcHG.ltrans1.ltrans.o
 *fill*         0x0000000008007f37        0x1 
 .rodata.rt_test_008_002_execute.lto_priv.140.str1.4
                0x0000000008007f38       0x18 /tmp/ccxHBcHG.ltrans1.ltrans.o
 .rodata.rt_test_008_003_execute.lto_priv.142.str1.4
                0x0000000008007f50       0x13 /tmp/ccxHBcHG.ltrans1.ltrans.o
 *fill*         0x0000000008007f63        0x1 
 .rodata.rt_test_008_004_execute.lto_priv.144.str1.4
                0x0000000008007f64       0x11 /tmp/ccxHBcHG.ltrans1.ltrans.o
 *fill*         0x0000000008007f75        0x3 
 .rodata.rt_test_008_005_execute.lto_priv.146.str1.4
                0x0000000008007f78       0x2a /tmp/ccxHBcHG.ltrans1.ltrans.o
 *fill*         0x0000000008007fa2        0x2 
 .rodata.rt_test_008_006_execute.lto_priv.148.str1.4
                0x0000000008007fa4        0xf /tmp/ccxHBcHG.ltrans1.ltrans.o
 *fill*         0x0000000008007fb3        0x1 
 .rodata.rt_test_008_007_execute.lto_priv.150.str1.4
                0x0000000008007fb4        0xc /tmp/ccxHBcHG.ltrans1.ltrans.o
 .rodata.rt_test_009_001_execute.lto_priv.152.str1.4
                0x0000000008007fc0       0xbe /tmp/ccxHBcHG.ltrans1.ltrans.o
 *fill*         0x000000000800807e        0x2 
 .rodata.rt_test_001_001_execute.lto_priv.97.str1.4
                0x0000000008008080      0x1a9 /tmp/ccxHBcHG.ltrans2.ltrans.o
 *fill*         0x0000000008008229        0x3 
 .rodata.rt_test_001_002_execute.lto_priv.98.str1.4
                0x000000000800822c      0x115 /tmp/ccxHBcHG.ltrans2.ltrans.o
 *fill*         0x0000000008008341        0x3 
 .rodata.rt_test_001_003_execute.lto_priv.99.str1.4
                0x0000000008008344      0x78d /tmp/ccxHBcHG.ltrans2.ltrans.o
                                        0x791 (size before relaxing)
 .rodata.test_println.str1.4
                0x0000000008008ad1        0x3 /tmp/ccxHBcHG.ltrans2.ltrans.o
 *fill*         0x0000000008008ad1        0x3 
 .rodata.oslib_test_001_002_execute.lto_priv.175.str1.4
                0x0000000008008ad4       0xa3 /tmp/ccxHBcHG.ltrans3.ltrans.o
                                         0xa9 (size before relaxing)
 *fill*         0x0000000008008b77        0x1 
 .rodata.oslib_test_001_003_execute.lto_priv.178.str1.4
                0x0000000008008b78       0x16 /tmp/ccxHBcHG.ltrans3.ltrans.o
 *fill*         0x0000000008008b8e        0x2 
 .rodata.oslib_test_002_001_execute.lto_priv.180.str1.4
                0x0000000008008b90       0x19 /tmp/ccxHBcHG.ltrans3.ltrans.o
 *fill*         0x0000000008008ba9        0x3 
 .rodata.oslib_test_002_002_execute.lto_priv.182.str1.4
                0x0000000008008bac        0xb /tmp/ccxHBcHG.ltrans3.ltrans.o
 *fill*         0x0000000008008bb7        0x1 
 .rodata.oslib_test_002_003_execute.lto_priv.184.str1.4
                0x0000000008008bb8        0xf /tmp/ccxHBcHG.ltrans3.ltrans.o
 *fill*         0x0000000008008bc7        0x1 
 .rodata.oslib_test_003_001_execute.lto_priv.186.str1.4
                0x0000000008008bc8       0x55 /tmp/ccxHBcHG.ltrans3.ltrans.o
                                         0x65 (size before relaxing)
 *fill*         0x0000000008008c1d        0x3 
 .rodata.oslib_test_003_002_execute.lto_priv.187.str1.4
                0x0000000008008c20       0x2a /tmp/ccxHBcHG.ltrans3.ltrans.o
 *fill*         0x0000000008008c4a        0x2 
 .rodata.oslib_test_004_001_execute.lto_priv.189.str1.4
                0x0000000008008c4c       0x6c /tmp/ccxHBcHG.ltrans3.ltrans.o
                                         0x74 (size before relaxing)
 .rodata.oslib_test_001_001_execute.lto_priv.172.str1.4
                0x0000000008008cb8       0x13 /tmp/ccxHBcHG.ltrans4.ltrans.o
                                         0xe1 (size before relaxing)
 *fill*         0x0000000008008ccb        0x1 
 .rodata.rt_test_009_002_execute.lto_priv.154.str1.4
                0x0000000008008ccc       0x34 /tmp/ccxHBcHG.ltrans4.ltrans.o
                                         0xa8 (size before relaxing)
 .rodata.rt_test_010_003_execute.lto_priv.157.str1.4
                0x0000000008008d00        0xa /tmp/ccxHBcHG.ltrans4.ltrans.o
 *fill*         0x0000000008008d0a        0x2 
 .rodata.rt_test_010_006_execute.lto_priv.160.str1.4
                0x0000000008008d0c        0xb /tmp/ccxHBcHG.ltrans4.ltrans.o
 *fill*         0x0000000008008d17        0x1 
 .rodata.rt_test_010_007_execute.lto_priv.162.str1.4
                0x0000000008008d18       0x11 /tmp/ccxHBcHG.ltrans4.ltrans.o
 *fill*         0x0000000008008d29        0x3 
 .rodata.rt_test_010_008_execute.lto_priv.163.str1.4
                0x0000000008008d2c        0xa /tmp/ccxHBcHG.ltrans4.ltrans.o
 *fill*         0x0000000008008d36        0x2 
 .rodata.rt_test_010_009_execute.lto_priv.164.str1.4
                0x0000000008008d38        0xa /tmp/ccxHBcHG.ltrans4.ltrans.o
 *fill*         0x0000000008008d42        0x2 
 .rodata.rt_test_010_010_execute.lto_priv.166.str1.4
                0x0000000008008d44        0xf /tmp/ccxHBcHG.ltrans4.ltrans.o
 *fill*         0x0000000008008d53        0x1 
 .rodata.rt_test_010_011_execute.lto_priv.168.str1.4
                0x0000000008008d54       0x1f /tmp/ccxHBcHG.ltrans4.ltrans.o
 *fill*         0x0000000008008d73        0x1 
 .rodata.rt_test_010_012_execute.lto_priv.169.str1.4
                0x0000000008008d74       0x95 /tmp/ccxHBcHG.ltrans4.ltrans.o
 *fill*         0x0000000008008e09        0x3 
 .rodata.wa     0x0000000008008e0c       0x14 /tmp/ccxHBcHG.ltrans4.ltrans.o
                0x0000000008008e0c                wa
 .rodata.rt_test_005_001_execute.lto_priv.112.str1.4
                0x0000000008008e20       0x2b /tmp/ccxHBcHG.ltrans5.ltrans.o
 .rodata.rt_test_005_003_execute.lto_priv.116.str1.4
                0x0000000008008e4b       0x16 /tmp/ccxHBcHG.ltrans5.ltrans.o
 *fill*         0x0000000008008e4b        0x1 
 .rodata.rt_test_005_004_execute.lto_priv.118.str1.4
                0x0000000008008e4c       0x10 /tmp/ccxHBcHG.ltrans5.ltrans.o
 .rodata.rt_test_005_005_execute.lto_priv.121.str1.4
                0x0000000008008e5c       0x11 /tmp/ccxHBcHG.ltrans5.ltrans.o
 *fill*         0x0000000008008e6d        0x3 
 .rodata.rt_test_005_006_execute.lto_priv.123.str1.4
                0x0000000008008e70       0x3f /tmp/ccxHBcHG.ltrans5.ltrans.o
                                         0x46 (size before relaxing)
 .rodata.rt_test_006_001_execute.lto_priv.125.str1.4
                0x0000000008008eaf       0x26 /tmp/ccxHBcHG.ltrans5.ltrans.o
 .rodata.rt_test_006_004_execute.lto_priv.128.str1.4
                0x0000000008008eaf        0x6 /tmp/ccxHBcHG.ltrans5.ltrans.o
 *fill*         0x0000000008008eaf        0x1 
 .rodata.rt_test_006_005_execute.lto_priv.130.str1.4
                0x0000000008008eb0       0x4d /tmp/ccxHBcHG.ltrans5.ltrans.o
 *fill*         0x0000000008008efd        0x3 
 .rodata.Thread1.str1.4
                0x0000000008008f00        0x8 /tmp/ccxHBcHG.ltrans6.ltrans.o
 .rodata.ch_debug
                0x0000000008008f08       0x16 /tmp/ccxHBcHG.ltrans6.ltrans.o
 *fill*         0x0000000008008f1e        0x2 
 .rodata.idle_descriptor.7413
                0x0000000008008f20       0x18 /tmp/ccxHBcHG.ltrans6.ltrans.o
 .rodata.oslib_test_001_001
                0x0000000008008f38       0x10 /tmp/ccxHBcHG.ltrans6.ltrans.o
 .rodata.oslib_test_001_002
                0x0000000008008f48       0x10 /tmp/ccxHBcHG.ltrans6.ltrans.o
 .rodata.oslib_test_001_003
                0x0000000008008f58       0x10 /tmp/ccxHBcHG.ltrans6.ltrans.o
 .rodata.oslib_test_002_001
                0x0000000008008f68       0x10 /tmp/ccxHBcHG.ltrans6.ltrans.o
 .rodata.oslib_test_002_002
                0x0000000008008f78       0x10 /tmp/ccxHBcHG.ltrans6.ltrans.o
 .rodata.oslib_test_002_003
                0x0000000008008f88       0x10 /tmp/ccxHBcHG.ltrans6.ltrans.o
 .rodata.oslib_test_003_001
                0x0000000008008f98       0x10 /tmp/ccxHBcHG.ltrans6.ltrans.o
 .rodata.oslib_test_003_002
                0x0000000008008fa8       0x10 /tmp/ccxHBcHG.ltrans6.ltrans.o
 .rodata.oslib_test_004_001
                0x0000000008008fb8       0x10 /tmp/ccxHBcHG.ltrans6.ltrans.o
 .rodata.oslib_test_004_002
                0x0000000008008fc8       0x10 /tmp/ccxHBcHG.ltrans6.ltrans.o
 .rodata.oslib_test_004_003
                0x0000000008008fd8       0x10 /tmp/ccxHBcHG.ltrans6.ltrans.o
 .rodata.oslib_test_004_004
                0x0000000008008fe8       0x10 /tmp/ccxHBcHG.ltrans6.ltrans.o
 .rodata.oslib_test_004_005
                0x0000000008008ff8       0x10 /tmp/ccxHBcHG.ltrans6.ltrans.o
 .rodata.oslib_test_004_005_execute.str1.4
                0x0000000008009008       0x1b /tmp/ccxHBcHG.ltrans6.ltrans.o
                                         0x60 (size before relaxing)
 *fill*         0x0000000008009023        0x1 
 .rodata.oslib_test_sequence_001
                0x0000000008009024        0x8 /tmp/ccxHBcHG.ltrans6.ltrans.o
 .rodata.oslib_test_sequence_001_array
                0x000000000800902c       0x10 /tmp/ccxHBcHG.ltrans6.ltrans.o
 .rodata.oslib_test_sequence_002
                0x000000000800903c        0x8 /tmp/ccxHBcHG.ltrans6.ltrans.o
 .rodata.oslib_test_sequence_002_array
                0x0000000008009044       0x10 /tmp/ccxHBcHG.ltrans6.ltrans.o
 .rodata.oslib_test_sequence_003
                0x0000000008009054        0x8 /tmp/ccxHBcHG.ltrans6.ltrans.o
 .rodata.oslib_test_sequence_003_array
                0x000000000800905c        0xc /tmp/ccxHBcHG.ltrans6.ltrans.o
 .rodata.oslib_test_sequence_004
                0x0000000008009068        0x8 /tmp/ccxHBcHG.ltrans6.ltrans.o
 .rodata.oslib_test_sequence_004_array
                0x0000000008009070       0x18 /tmp/ccxHBcHG.ltrans6.ltrans.o
 .rodata.oslib_test_suite
                0x0000000008009088        0x8 /tmp/ccxHBcHG.ltrans6.ltrans.o
 .rodata.oslib_test_suite_array
                0x0000000008009090       0x14 /tmp/ccxHBcHG.ltrans6.ltrans.o
 .rodata.rt_test_001_001
                0x00000000080090a4       0x10 /tmp/ccxHBcHG.ltrans6.ltrans.o
 .rodata.rt_test_001_002
                0x00000000080090b4       0x10 /tmp/ccxHBcHG.ltrans6.ltrans.o
 .rodata.rt_test_001_003
                0x00000000080090c4       0x10 /tmp/ccxHBcHG.ltrans6.ltrans.o
 .rodata.rt_test_002_001
                0x00000000080090d4       0x10 /tmp/ccxHBcHG.ltrans6.ltrans.o
 .rodata.rt_test_002_002
                0x00000000080090e4       0x10 /tmp/ccxHBcHG.ltrans6.ltrans.o
 .rodata.rt_test_002_003
                0x00000000080090f4       0x10 /tmp/ccxHBcHG.ltrans6.ltrans.o
 .rodata.rt_test_002_004
                0x0000000008009104       0x10 /tmp/ccxHBcHG.ltrans6.ltrans.o
 .rodata.rt_test_003_001
                0x0000000008009114       0x10 /tmp/ccxHBcHG.ltrans6.ltrans.o
 .rodata.rt_test_003_002
                0x0000000008009124       0x10 /tmp/ccxHBcHG.ltrans6.ltrans.o
 .rodata.rt_test_003_003
                0x0000000008009134       0x10 /tmp/ccxHBcHG.ltrans6.ltrans.o
 .rodata.rt_test_003_004
                0x0000000008009144       0x10 /tmp/ccxHBcHG.ltrans6.ltrans.o
 .rodata.rt_test_004_001
                0x0000000008009154       0x10 /tmp/ccxHBcHG.ltrans6.ltrans.o
 .rodata.rt_test_005_001
                0x0000000008009164       0x10 /tmp/ccxHBcHG.ltrans6.ltrans.o
 .rodata.rt_test_005_002
                0x0000000008009174       0x10 /tmp/ccxHBcHG.ltrans6.ltrans.o
 .rodata.rt_test_005_003
                0x0000000008009184       0x10 /tmp/ccxHBcHG.ltrans6.ltrans.o
 .rodata.rt_test_005_004
                0x0000000008009194       0x10 /tmp/ccxHBcHG.ltrans6.ltrans.o
 .rodata.rt_test_005_005
                0x00000000080091a4       0x10 /tmp/ccxHBcHG.ltrans6.ltrans.o
 .rodata.rt_test_005_006
                0x00000000080091b4       0x10 /tmp/ccxHBcHG.ltrans6.ltrans.o
 .rodata.rt_test_006_001
                0x00000000080091c4       0x10 /tmp/ccxHBcHG.ltrans6.ltrans.o
 .rodata.rt_test_006_004
                0x00000000080091d4       0x10 /tmp/ccxHBcHG.ltrans6.ltrans.o
 .rodata.rt_test_006_005
                0x00000000080091e4       0x10 /tmp/ccxHBcHG.ltrans6.ltrans.o
 .rodata.rt_test_006_007
                0x00000000080091f4       0x10 /tmp/ccxHBcHG.ltrans6.ltrans.o
 .rodata.rt_test_006_008
                0x0000000008009204       0x10 /tmp/ccxHBcHG.ltrans6.ltrans.o
 .rodata.rt_test_006_009
                0x0000000008009214       0x10 /tmp/ccxHBcHG.ltrans6.ltrans.o
 .rodata.rt_test_007_001
                0x0000000008009224       0x10 /tmp/ccxHBcHG.ltrans6.ltrans.o
 .rodata.rt_test_008_001
                0x0000000008009234       0x10 /tmp/ccxHBcHG.ltrans6.ltrans.o
 .rodata.rt_test_008_002
                0x0000000008009244       0x10 /tmp/ccxHBcHG.ltrans6.ltrans.o
 .rodata.rt_test_008_003
                0x0000000008009254       0x10 /tmp/ccxHBcHG.ltrans6.ltrans.o
 .rodata.rt_test_008_004
                0x0000000008009264       0x10 /tmp/ccxHBcHG.ltrans6.ltrans.o
 .rodata.rt_test_008_005
                0x0000000008009274       0x10 /tmp/ccxHBcHG.ltrans6.ltrans.o
 .rodata.rt_test_008_006
                0x0000000008009284       0x10 /tmp/ccxHBcHG.ltrans6.ltrans.o
 .rodata.rt_test_008_007
                0x0000000008009294       0x10 /tmp/ccxHBcHG.ltrans6.ltrans.o
 .rodata.rt_test_009_001
                0x00000000080092a4       0x10 /tmp/ccxHBcHG.ltrans6.ltrans.o
 .rodata.rt_test_009_002
                0x00000000080092b4       0x10 /tmp/ccxHBcHG.ltrans6.ltrans.o
 .rodata.rt_test_010_001
                0x00000000080092c4       0x10 /tmp/ccxHBcHG.ltrans6.ltrans.o
 .rodata.rt_test_010_002
                0x00000000080092d4       0x10 /tmp/ccxHBcHG.ltrans6.ltrans.o
 .rodata.rt_test_010_003
                0x00000000080092e4       0x10 /tmp/ccxHBcHG.ltrans6.ltrans.o
 .rodata.rt_test_010_004
                0x00000000080092f4       0x10 /tmp/ccxHBcHG.ltrans6.ltrans.o
 .rodata.rt_test_010_005
                0x0000000008009304       0x10 /tmp/ccxHBcHG.ltrans6.ltrans.o
 .rodata.rt_test_010_006
                0x0000000008009314       0x10 /tmp/ccxHBcHG.ltrans6.ltrans.o
 .rodata.rt_test_010_007
                0x0000000008009324       0x10 /tmp/ccxHBcHG.ltrans6.ltrans.o
 .rodata.rt_test_010_008
                0x0000000008009334       0x10 /tmp/ccxHBcHG.ltrans6.ltrans.o
 .rodata.rt_test_010_009
                0x0000000008009344       0x10 /tmp/ccxHBcHG.ltrans6.ltrans.o
 .rodata.rt_test_010_010
                0x0000000008009354       0x10 /tmp/ccxHBcHG.ltrans6.ltrans.o
 .rodata.rt_test_010_011
                0x0000000008009364       0x10 /tmp/ccxHBcHG.ltrans6.ltrans.o
 .rodata.rt_test_010_012
                0x0000000008009374       0x10 /tmp/ccxHBcHG.ltrans6.ltrans.o
 .rodata.rt_test_sequence_001
                0x0000000008009384        0x8 /tmp/ccxHBcHG.ltrans6.ltrans.o
 .rodata.rt_test_sequence_001_array
                0x000000000800938c       0x10 /tmp/ccxHBcHG.ltrans6.ltrans.o
 .rodata.rt_test_sequence_002
                0x000000000800939c        0x8 /tmp/ccxHBcHG.ltrans6.ltrans.o
 .rodata.rt_test_sequence_002_array
                0x00000000080093a4       0x14 /tmp/ccxHBcHG.ltrans6.ltrans.o
 .rodata.rt_test_sequence_003
                0x00000000080093b8        0x8 /tmp/ccxHBcHG.ltrans6.ltrans.o
 .rodata.rt_test_sequence_003_array
                0x00000000080093c0       0x14 /tmp/ccxHBcHG.ltrans6.ltrans.o
 .rodata.rt_test_sequence_004
                0x00000000080093d4        0x8 /tmp/ccxHBcHG.ltrans6.ltrans.o
 .rodata.rt_test_sequence_004_array
                0x00000000080093dc        0x8 /tmp/ccxHBcHG.ltrans6.ltrans.o
 .rodata.rt_test_sequence_005
                0x00000000080093e4        0x8 /tmp/ccxHBcHG.ltrans6.ltrans.o
 .rodata.rt_test_sequence_005_array
                0x00000000080093ec       0x1c /tmp/ccxHBcHG.ltrans6.ltrans.o
 .rodata.rt_test_sequence_006
                0x0000000008009408        0x8 /tmp/ccxHBcHG.ltrans6.ltrans.o
 .rodata.rt_test_sequence_006_array
                0x0000000008009410       0x1c /tmp/ccxHBcHG.ltrans6.ltrans.o
 .rodata.rt_test_sequence_007
                0x000000000800942c        0x8 /tmp/ccxHBcHG.ltrans6.ltrans.o
 .rodata.rt_test_sequence_007_array
                0x0000000008009434        0x8 /tmp/ccxHBcHG.ltrans6.ltrans.o
 .rodata.rt_test_sequence_008
                0x000000000800943c        0x8 /tmp/ccxHBcHG.ltrans6.ltrans.o
 .rodata.rt_test_sequence_008_array
                0x0000000008009444       0x20 /tmp/ccxHBcHG.ltrans6.ltrans.o
 .rodata.rt_test_sequence_009
                0x0000000008009464        0x8 /tmp/ccxHBcHG.ltrans6.ltrans.o
 .rodata.rt_test_sequence_009_array
                0x000000000800946c        0xc /tmp/ccxHBcHG.ltrans6.ltrans.o
 .rodata.rt_test_sequence_010
                0x0000000008009478        0x8 /tmp/ccxHBcHG.ltrans6.ltrans.o
 .rodata.rt_test_sequence_010_array
                0x0000000008009480       0x34 /tmp/ccxHBcHG.ltrans6.ltrans.o
 .rodata.rt_test_suite
                0x00000000080094b4        0x8 /tmp/ccxHBcHG.ltrans6.ltrans.o
 .rodata.rt_test_suite_array
                0x00000000080094bc       0x2c /tmp/ccxHBcHG.ltrans6.ltrans.o
 .rodata.str1.4
                0x00000000080094e8      0x8c2 /tmp/ccxHBcHG.ltrans6.ltrans.o
 *fill*         0x0000000008009daa        0x2 
 .rodata.vmt    0x0000000008009dac       0x24 /tmp/ccxHBcHG.ltrans6.ltrans.o
 .rodata.ram_areas
                0x0000000008009dd0       0x80 /tmp/ccxHBcHG.ltrans7.ltrans.o
 .rodata.rt_test_002_001_execute.lto_priv.100.str1.4
                0x0000000008009e50       0x70 /tmp/ccxHBcHG.ltrans9.ltrans.o
 .rodata.rt_test_002_002_execute.lto_priv.101.str1.4
                0x0000000008009ec0       0x12 /tmp/ccxHBcHG.ltrans9.ltrans.o
 .rodata.rt_test_003_002_execute.lto_priv.105.str1.4
                0x0000000008009ed2       0x2a /tmp/ccxHBcHG.ltrans9.ltrans.o
 *fill*         0x0000000008009ed2        0x2 
 .rodata.rt_test_003_004_execute.lto_priv.107.str1.4
                0x0000000008009ed4       0x87 /tmp/ccxHBcHG.ltrans9.ltrans.o
 *fill*         0x0000000008009f5b        0x1 
 .rodata.rt_test_004_001_execute.lto_priv.109.str1.4
                0x0000000008009f5c        0xc /tmp/ccxHBcHG.ltrans9.ltrans.o
                                         0x27 (size before relaxing)
                0x0000000008009f68                . = ALIGN (0x4)
                0x0000000008009f68                __rodata_end__ = .

.rel.dyn        0x0000000008009f68        0x0
 .rel.iplt      0x0000000008009f68        0x0 build/obj/crt0_v7m.o

.ARM.extab
 *(.ARM.extab* .gnu.linkonce.armextab.*)

.ARM.exidx      0x0000000000207d6c        0x0 load address 0x0000000008009f68
                0x0000000000207d6c                __exidx_start = .
 *(.ARM.exidx* .gnu.linkonce.armexidx.*)
                0x0000000000207d6c                __exidx_end = .

.eh_frame_hdr
 *(.eh_frame_hdr)

.eh_frame
 *(.eh_frame)
                0x0000000020020000                __ram0_start__ = ORIGIN (ram0)
                0x0000000000060000                __ram0_size__ = LENGTH (ram0)
                0x0000000020080000                __ram0_end__ = (__ram0_start__ + __ram0_size__)
                0x0000000020020000                __ram1_start__ = ORIGIN (ram1)
                0x000000000005c000                __ram1_size__ = LENGTH (ram1)
                0x000000002007c000                __ram1_end__ = (__ram1_start__ + __ram1_size__)
                0x000000002007c000                __ram2_start__ = ORIGIN (ram2)
                0x0000000000004000                __ram2_size__ = LENGTH (ram2)
                0x0000000020080000                __ram2_end__ = (__ram2_start__ + __ram2_size__)
                0x0000000020000000                __ram3_start__ = ORIGIN (ram3)
                0x0000000000020000                __ram3_size__ = LENGTH (ram3)
                0x0000000020020000                __ram3_end__ = (__ram3_start__ + __ram3_size__)
                0x0000000000000000                __ram4_start__ = ORIGIN (ram4)
                0x0000000000004000                __ram4_size__ = LENGTH (ram4)
                0x0000000000004000                __ram4_end__ = (__ram4_start__ + __ram4_size__)
                0x0000000040024000                __ram5_start__ = ORIGIN (ram5)
                0x0000000000001000                __ram5_size__ = LENGTH (ram5)
                0x0000000040025000                __ram5_end__ = (__ram5_start__ + __ram5_size__)
                0x0000000000000000                __ram6_start__ = ORIGIN (ram6)
                0x0000000000000000                __ram6_size__ = LENGTH (ram6)
                0x0000000000000000                __ram6_end__ = (__ram6_start__ + __ram6_size__)
                0x0000000000000000                __ram7_start__ = ORIGIN (ram7)
                0x0000000000000000                __ram7_size__ = LENGTH (ram7)
                0x0000000000000000                __ram7_end__ = (__ram7_start__ + __ram7_size__)

.data           0x0000000020020000       0x8c load address 0x0000000008009f68
                0x0000000020020000                . = ALIGN (0x4)
                [!provide]                        PROVIDE (_textdata, LOADADDR (.data))
                [!provide]                        PROVIDE (_data, .)
                0x0000000008009f68                _textdata_start = LOADADDR (.data)
                0x0000000020020000                _data_start = .
 *(.data)
 *(.data.*)
 .data.c1.lto_priv.198
                0x0000000020020000        0x8 /tmp/ccxHBcHG.ltrans0.ltrans.o
                0x0000000020020000                c1.lto_priv.198
 .data.gmp1.lto_priv.190
                0x0000000020020008       0x1c /tmp/ccxHBcHG.ltrans0.ltrans.o
                0x0000000020020008                gmp1.lto_priv.190
 .data.m1.lto_priv.199
                0x0000000020020024       0x10 /tmp/ccxHBcHG.ltrans0.ltrans.o
                0x0000000020020024                m1.lto_priv.199
 .data.mb1.lto_priv.191
                0x0000000020020034       0x28 /tmp/ccxHBcHG.ltrans0.ltrans.o
                0x0000000020020034                mb1.lto_priv.191
 .data.es1      0x000000002002005c        0x4 /tmp/ccxHBcHG.ltrans1.ltrans.o
 .data.es2      0x0000000020020060        0x4 /tmp/ccxHBcHG.ltrans1.ltrans.o
 .data.m2.lto_priv.201
                0x0000000020020064       0x10 /tmp/ccxHBcHG.ltrans1.ltrans.o
                0x0000000020020064                m2.lto_priv.201
 .data.mp1      0x0000000020020074       0x10 /tmp/ccxHBcHG.ltrans3.ltrans.o
 .data.myobj.8106
                0x0000000020020084        0x4 /tmp/ccxHBcHG.ltrans3.ltrans.o
 .data.myobj.8108
                0x0000000020020088        0x4 /tmp/ccxHBcHG.ltrans3.ltrans.o
 *(.ramtext)
                0x000000002002008c                . = ALIGN (0x4)
                [!provide]                        PROVIDE (_edata, .)
                0x000000002002008c                _data_end = .

.igot.plt       0x000000002002008c        0x0 load address 0x0000000008009ff4
 .igot.plt      0x000000002002008c        0x0 build/obj/crt0_v7m.o

.bss            0x0000000020000800      0xc64
                0x0000000020000800                . = ALIGN (0x4)
                0x0000000020000800                _bss_start = .
 *(.bss)
 *(.bss.*)
 .bss.SD1       0x0000000020000800       0x60 /tmp/ccxHBcHG.ltrans0.ltrans.o
                0x0000000020000800                SD1